Archive member included to satisfy reference by file (symbol)

c:/program files (x86)/atollic/truestudio for stm32 9.2.0/armtools/bin/../lib/gcc/arm-atollic-eabi/6.3.1/../../../../arm-atollic-eabi/lib/armv7e-m/fpu\libc_nano.a(lib_a-impure.o)
                              Core\Src\main.o (_impure_ptr)
c:/program files (x86)/atollic/truestudio for stm32 9.2.0/armtools/bin/../lib/gcc/arm-atollic-eabi/6.3.1/../../../../arm-atollic-eabi/lib/armv7e-m/fpu\libc_nano.a(lib_a-init.o)
                              startup\startup_stm32l475xx.o (__libc_init_array)
c:/program files (x86)/atollic/truestudio for stm32 9.2.0/armtools/bin/../lib/gcc/arm-atollic-eabi/6.3.1/../../../../arm-atollic-eabi/lib/armv7e-m/fpu\libc_nano.a(lib_a-memcpy-stub.o)
                              Drivers\BSP\B-L475E-IOT01\stm32l475e_iot01_proximity.o (memcpy)
c:/program files (x86)/atollic/truestudio for stm32 9.2.0/armtools/bin/../lib/gcc/arm-atollic-eabi/6.3.1/../../../../arm-atollic-eabi/lib/armv7e-m/fpu\libc_nano.a(lib_a-memset.o)
                              Core\Src\main.o (memset)
c:/program files (x86)/atollic/truestudio for stm32 9.2.0/armtools/bin/../lib/gcc/arm-atollic-eabi/6.3.1/../../../../arm-atollic-eabi/lib/armv7e-m/fpu\libc_nano.a(lib_a-nano-vfprintf_float.o)
                              (_printf_float)
c:/program files (x86)/atollic/truestudio for stm32 9.2.0/armtools/bin/../lib/gcc/arm-atollic-eabi/6.3.1/../../../../arm-atollic-eabi/lib/armv7e-m/fpu\libc_nano.a(lib_a-nano-vfprintf_i.o)
                              c:/program files (x86)/atollic/truestudio for stm32 9.2.0/armtools/bin/../lib/gcc/arm-atollic-eabi/6.3.1/../../../../arm-atollic-eabi/lib/armv7e-m/fpu\libc_nano.a(lib_a-nano-vfprintf_float.o) (_printf_common)
c:/program files (x86)/atollic/truestudio for stm32 9.2.0/armtools/bin/../lib/gcc/arm-atollic-eabi/6.3.1/../../../../arm-atollic-eabi/lib/armv7e-m/fpu\libc_nano.a(lib_a-printf.o)
                              Core\Src\main.o (printf)
c:/program files (x86)/atollic/truestudio for stm32 9.2.0/armtools/bin/../lib/gcc/arm-atollic-eabi/6.3.1/../../../../arm-atollic-eabi/lib/armv7e-m/fpu\libc_nano.a(lib_a-puts.o)
                              Drivers\BSP\Components\vl53l0x\vl53l0x_tof.o (puts)
c:/program files (x86)/atollic/truestudio for stm32 9.2.0/armtools/bin/../lib/gcc/arm-atollic-eabi/6.3.1/../../../../arm-atollic-eabi/lib/armv7e-m/fpu\libc_nano.a(lib_a-rget.o)
                              Core\Src\main.o (__srget_r)
c:/program files (x86)/atollic/truestudio for stm32 9.2.0/armtools/bin/../lib/gcc/arm-atollic-eabi/6.3.1/../../../../arm-atollic-eabi/lib/armv7e-m/fpu\libc_nano.a(lib_a-sprintf.o)
                              Core\Src\main.o (sprintf)
c:/program files (x86)/atollic/truestudio for stm32 9.2.0/armtools/bin/../lib/gcc/arm-atollic-eabi/6.3.1/../../../../arm-atollic-eabi/lib/armv7e-m/fpu\libc_nano.a(lib_a-strcpy.o)
                              Core\Src\main.o (strcpy)
c:/program files (x86)/atollic/truestudio for stm32 9.2.0/armtools/bin/../lib/gcc/arm-atollic-eabi/6.3.1/../../../../arm-atollic-eabi/lib/armv7e-m/fpu\libc_nano.a(lib_a-strlen.o)
                              Core\Src\main.o (strlen)
c:/program files (x86)/atollic/truestudio for stm32 9.2.0/armtools/bin/../lib/gcc/arm-atollic-eabi/6.3.1/../../../../arm-atollic-eabi/lib/armv7e-m/fpu\libc_nano.a(lib_a-wbuf.o)
                              c:/program files (x86)/atollic/truestudio for stm32 9.2.0/armtools/bin/../lib/gcc/arm-atollic-eabi/6.3.1/../../../../arm-atollic-eabi/lib/armv7e-m/fpu\libc_nano.a(lib_a-puts.o) (__swbuf_r)
c:/program files (x86)/atollic/truestudio for stm32 9.2.0/armtools/bin/../lib/gcc/arm-atollic-eabi/6.3.1/../../../../arm-atollic-eabi/lib/armv7e-m/fpu\libc_nano.a(lib_a-wsetup.o)
                              c:/program files (x86)/atollic/truestudio for stm32 9.2.0/armtools/bin/../lib/gcc/arm-atollic-eabi/6.3.1/../../../../arm-atollic-eabi/lib/armv7e-m/fpu\libc_nano.a(lib_a-puts.o) (__swsetup_r)
c:/program files (x86)/atollic/truestudio for stm32 9.2.0/armtools/bin/../lib/gcc/arm-atollic-eabi/6.3.1/../../../../arm-atollic-eabi/lib/armv7e-m/fpu\libc_nano.a(lib_a-dtoa.o)
                              c:/program files (x86)/atollic/truestudio for stm32 9.2.0/armtools/bin/../lib/gcc/arm-atollic-eabi/6.3.1/../../../../arm-atollic-eabi/lib/armv7e-m/fpu\libc_nano.a(lib_a-nano-vfprintf_float.o) (_dtoa_r)
c:/program files (x86)/atollic/truestudio for stm32 9.2.0/armtools/bin/../lib/gcc/arm-atollic-eabi/6.3.1/../../../../arm-atollic-eabi/lib/armv7e-m/fpu\libc_nano.a(lib_a-fflush.o)
                              c:/program files (x86)/atollic/truestudio for stm32 9.2.0/armtools/bin/../lib/gcc/arm-atollic-eabi/6.3.1/../../../../arm-atollic-eabi/lib/armv7e-m/fpu\libc_nano.a(lib_a-wbuf.o) (_fflush_r)
c:/program files (x86)/atollic/truestudio for stm32 9.2.0/armtools/bin/../lib/gcc/arm-atollic-eabi/6.3.1/../../../../arm-atollic-eabi/lib/armv7e-m/fpu\libc_nano.a(lib_a-findfp.o)
[...]
Memory Configuration

Name             Origin             Length             Attributes
RAM              0x20000000         0x00018000         xrw
RAM2             0x10000000         0x00008000         xrw
FLASH            0x08000000         0x00100000         xr
*default*        0x00000000         0xffffffff

Linker script and memory map

LOAD c:/program files (x86)/atollic/truestudio for stm32 9.2.0/armtools/bin/../lib/gcc/arm-atollic-eabi/6.3.1/armv7e-m/fpu/crti.o
LOAD c:/program files (x86)/atollic/truestudio for stm32 9.2.0/armtools/bin/../lib/gcc/arm-atollic-eabi/6.3.1/armv7e-m/fpu/crtbegin.o
LOAD Core\Src\main.o
LOAD Core\Src\stm32l4xx_hal_msp.o
LOAD Core\Src\stm32l4xx_it.o
LOAD Core\Src\system_stm32l4xx.o
LOAD Drivers\BSP\B-L475E-IOT01\stm32l475e_iot01.o
LOAD Drivers\BSP\B-L475E-IOT01\stm32l475e_iot01_accelero.o
LOAD Drivers\BSP\B-L475E-IOT01\stm32l475e_iot01_gyro.o
LOAD Drivers\BSP\B-L475E-IOT01\stm32l475e_iot01_hsensor.o
LOAD Drivers\BSP\B-L475E-IOT01\stm32l475e_iot01_magneto.o
LOAD Drivers\BSP\B-L475E-IOT01\stm32l475e_iot01_proximity.o
LOAD Drivers\BSP\B-L475E-IOT01\stm32l475e_iot01_psensor.o
LOAD Drivers\BSP\B-L475E-IOT01\stm32l475e_iot01_qspi.o
LOAD Drivers\BSP\B-L475E-IOT01\stm32l475e_iot01_tsensor.o
LOAD Drivers\BSP\Components\cs42l51\cs42l51.o
LOAD Drivers\BSP\Components\cs43l22\cs43l22.o
LOAD Drivers\BSP\Components\ft3x67\ft3x67.o
LOAD Drivers\BSP\Components\ft5336\ft5336.o
LOAD Drivers\BSP\Components\ft6x06\ft6x06.o
LOAD Drivers\BSP\Components\hts221\hts221.o
LOAD Drivers\BSP\Components\hx8347g\hx8347g.o
LOAD Drivers\BSP\Components\l3gd20\l3gd20.o
LOAD Drivers\BSP\Components\lis3mdl\lis3mdl.o
LOAD Drivers\BSP\Components\lps22hb\lps22hb.o
LOAD Drivers\BSP\Components\ls016b8uy\ls016b8uy.o
LOAD Drivers\BSP\Components\lsm303c\lsm303c.o
LOAD Drivers\BSP\Components\lsm303dlhc\lsm303dlhc.o
LOAD Drivers\BSP\Components\lsm6dsl\lsm6dsl.o
LOAD Drivers\BSP\Components\m24sr\m24sr.o
LOAD Drivers\BSP\Components\mfxstm32l152\mfxstm32l152.o
LOAD Drivers\BSP\Components\ov9655\ov9655.o
LOAD Drivers\BSP\Components\st7735\st7735.o
LOAD Drivers\BSP\Components\st7789h2\st7789h2.o
LOAD Drivers\BSP\Components\stmpe1600\stmpe1600.o
LOAD Drivers\BSP\Components\stmpe811\stmpe811.o
LOAD Drivers\BSP\Components\vl53l0x\vl53l0x_api.o
LOAD Drivers\BSP\Components\vl53l0x\vl53l0x_api_calibration.o
LOAD Drivers\BSP\Components\vl53l0x\vl53l0x_api_core.o
LOAD Drivers\BSP\Components\vl53l0x\vl53l0x_api_ranging.o
LOAD Drivers\BSP\Components\vl53l0x\vl53l0x_api_strings.o
LOAD Drivers\BSP\Components\vl53l0x\vl53l0x_platform_log.o
LOAD Drivers\BSP\Components\vl53l0x\vl53l0x_tof.o
LOAD Drivers\BSP\Components\wm8994\wm8994.o
LOAD Drivers\STM32L4xx_HAL_Driver\Src\stm32l4xx_hal.o
LOAD Drivers\STM32L4xx_HAL_Driver\Src\stm32l4xx_hal_cortex.o
LOAD Drivers\STM32L4xx_HAL_Driver\Src\stm32l4xx_hal_dfsdm.o
LOAD Drivers\STM32L4xx_HAL_Driver\Src\stm32l4xx_hal_dma.o
LOAD Drivers\STM32L4xx_HAL_Driver\Src\stm32l4xx_hal_dma_ex.o
LOAD Drivers\STM32L4xx_HAL_Driver\Src\stm32l4xx_hal_flash.o
LOAD Drivers\STM32L4xx_HAL_Driver\Src\stm32l4xx_hal_flash_ex.o
LOAD Drivers\STM32L4xx_HAL_Driver\Src\stm32l4xx_hal_flash_ramfunc.o
LOAD Drivers\STM32L4xx_HAL_Driver\Src\stm32l4xx_hal_gpio.o
LOAD Drivers\STM32L4xx_HAL_Driver\Src\stm32l4xx_hal_i2c.o
LOAD Drivers\STM32L4xx_HAL_Driver\Src\stm32l4xx_hal_i2c_ex.o
LOAD Drivers\STM32L4xx_HAL_Driver\Src\stm32l4xx_hal_pcd.o
LOAD Drivers\STM32L4xx_HAL_Driver\Src\stm32l4xx_hal_pcd_ex.o
LOAD Drivers\STM32L4xx_HAL_Driver\Src\stm32l4xx_hal_pwr.o
LOAD Drivers\STM32L4xx_HAL_Driver\Src\stm32l4xx_hal_pwr_ex.o
LOAD Drivers\STM32L4xx_HAL_Driver\Src\stm32l4xx_hal_qspi.o
LOAD Drivers\STM32L4xx_HAL_Driver\Src\stm32l4xx_hal_rcc.o
LOAD Drivers\STM32L4xx_HAL_Driver\Src\stm32l4xx_hal_rcc_ex.o
LOAD Drivers\STM32L4xx_HAL_Driver\Src\stm32l4xx_hal_spi.o
LOAD Drivers\STM32L4xx_HAL_Driver\Src\stm32l4xx_hal_spi_ex.o
LOAD Drivers\STM32L4xx_HAL_Driver\Src\stm32l4xx_hal_tim.o
LOAD Drivers\STM32L4xx_HAL_Driver\Src\stm32l4xx_hal_tim_ex.o
LOAD Drivers\STM32L4xx_HAL_Driver\Src\stm32l4xx_hal_uart.o
LOAD Drivers\STM32L4xx_HAL_Driver\Src\stm32l4xx_hal_uart_ex.o
LOAD Drivers\STM32L4xx_HAL_Driver\Src\stm32l4xx_ll_usb.o
LOAD startup\startup_stm32l475xx.o
                0x00000080                malloc_getpagesize_P = 0x80
START GROUP
LOAD c:/program files (x86)/atollic/truestudio for stm32 9.2.0/armtools/bin/../lib/gcc/arm-atollic-eabi/6.3.1/../../../../arm-atollic-eabi/lib/armv7e-m/fpu\libc_nano.a
LOAD c:/program files (x86)/atollic/truestudio for stm32 9.2.0/armtools/bin/../lib/gcc/arm-atollic-eabi/6.3.1/../../../../arm-atollic-eabi/lib/armv7e-m/fpu\libm.a
END GROUP
START GROUP
LOAD c:/program files (x86)/atollic/truestudio for stm32 9.2.0/armtools/bin/../lib/gcc/arm-atollic-eabi/6.3.1/armv7e-m/fpu\libgcc.a
LOAD c:/program files (x86)/atollic/truestudio for stm32 9.2.0/armtools/bin/../lib/gcc/arm-atollic-eabi/6.3.1/../../../../arm-atollic-eabi/lib/armv7e-m/fpu\libc_nano.a
END GROUP
START GROUP
LOAD c:/program files (x86)/atollic/truestudio for stm32 9.2.0/armtools/bin/../lib/gcc/arm-atollic-eabi/6.3.1/armv7e-m/fpu\libgcc.a
LOAD c:/program files (x86)/atollic/truestudio for stm32 9.2.0/armtools/bin/../lib/gcc/arm-atollic-eabi/6.3.1/../../../../arm-atollic-eabi/lib/armv7e-m/fpu\libc_nano.a
LOAD c:/program files (x86)/atollic/truestudio for stm32 9.2.0/armtools/bin/../lib/gcc/arm-atollic-eabi/6.3.1/../../../../arm-atollic-eabi/lib/armv7e-m/fpu\libnosys.a
END GROUP
START GROUP
LOAD c:/program files (x86)/atollic/truestudio for stm32 9.2.0/armtools/bin/../lib/gcc/arm-atollic-eabi/6.3.1/armv7e-m/fpu\libgcc.a
LOAD c:/program files (x86)/atollic/truestudio for stm32 9.2.0/armtools/bin/../lib/gcc/arm-atollic-eabi/6.3.1/../../../../arm-atollic-eabi/lib/armv7e-m/fpu\libc_nano.a
LOAD c:/program files (x86)/atollic/truestudio for stm32 9.2.0/armtools/bin/../lib/gcc/arm-atollic-eabi/6.3.1/../../../../arm-atollic-eabi/lib/armv7e-m/fpu\libnosys.a
END GROUP
LOAD c:/program files (x86)/atollic/truestudio for stm32 9.2.0/armtools/bin/../lib/gcc/arm-atollic-eabi/6.3.1/armv7e-m/fpu/crtend.o
LOAD c:/program files (x86)/atollic/truestudio for stm32 9.2.0/armtools/bin/../lib/gcc/arm-atollic-eabi/6.3.1/armv7e-m/fpu/crtn.o
                0x20018000                _estack = 0x20018000
                0x00000200                _Min_Heap_Size = 0x200
                0x00000400                _Min_Stack_Size = 0x400

.isr_vector     0x08000000      0x188
                0x08000000                . = ALIGN (0x4)
 *(.isr_vector)
 .isr_vector    0x08000000      0x188 startup\startup_stm32l475xx.o
                0x08000000                g_pfnVectors
                0x08000188                . = ALIGN (0x4)

.text           0x08000190     0xa2fc
                0x08000190                . = ALIGN (0x4)
 *(.text)
 .text          0x08000190       0x40 c:/program files (x86)/atollic/truestudio for stm32 9.2.0/armtools/bin/../lib/gcc/arm-atollic-eabi/6.3.1/armv7e-m/fpu/crtbegin.o
 .text          0x080001d0       0x10 c:/program files (x86)/atollic/truestudio for stm32 9.2.0/armtools/bin/../lib/gcc/arm-atollic-eabi/6.3.1/../../../../arm-atollic-eabi/lib/armv7e-m/fpu\libc_nano.a(lib_a-strlen.o)
                0x080001d0                strlen
 .text          0x080001e0       0xa0 c:/program files (x86)/atollic/truestudio for stm32 9.2.0/armtools/bin/../lib/gcc/arm-atollic-eabi/6.3.1/../../../../arm-atollic-eabi/lib/armv7e-m/fpu\libc_nano.a(lib_a-memchr.o)
                0x080001e0                memchr
 .text          0x08000280      0x370 c:/program files (x86)/atollic/truestudio for stm32 9.2.0/armtools/bin/../lib/gcc/arm-atollic-eabi/6.3.1/armv7e-m/fpu\libgcc.a(_arm_addsubdf3.o)
                0x08000280                __aeabi_drsub
                0x08000288                __aeabi_dsub
                0x08000288                __subdf3
                0x0800028c                __aeabi_dadd
                0x0800028c                __adddf3
                0x08000504                __floatunsidf
                0x08000504                __aeabi_ui2d
                0x08000524                __floatsidf
                0x08000524                __aeabi_i2d
                0x08000548                __aeabi_f2d
                0x08000548                __extendsfdf2
                0x08000584                __floatundidf
                0x08000584                __aeabi_ul2d
                0x08000594                __floatdidf
                0x08000594                __aeabi_l2d
 .text          0x080005f0      0x424 c:/program files (x86)/atollic/truestudio for stm32 9.2.0/armtools/bin/../lib/gcc/arm-atollic-eabi/6.3.1/armv7e-m/fpu\libgcc.a(_arm_muldivdf3.o)
                0x080005f0                __aeabi_dmul
                0x080005f0                __muldf3
                0x08000844                __divdf3
                0x08000844                __aeabi_ddiv
 .text          0x08000a14      0x110 c:/program files (x86)/atollic/truestudio for stm32 9.2.0/armtools/bin/../lib/gcc/arm-atollic-eabi/6.3.1/armv7e-m/fpu\libgcc.a(_arm_cmpdf2.o)
                0x08000a14                __gtdf2
                0x08000a14                __gedf2
                0x08000a1c                __ltdf2
                0x08000a1c                __ledf2
                0x08000a24                __nedf2
                0x08000a24                __eqdf2
                0x08000a24                __cmpdf2
                0x08000aa0                __aeabi_cdrcmple
                0x08000ab0                __aeabi_cdcmpeq
                0x08000ab0                __aeabi_cdcmple
                0x08000ac0                __aeabi_dcmpeq
                0x08000ad4                __aeabi_dcmplt
                0x08000ae8                __aeabi_dcmple
                0x08000afc                __aeabi_dcmpge
                0x08000b10                __aeabi_dcmpgt
 .text          0x08000b24       0x2c c:/program files (x86)/atollic/truestudio for stm32 9.2.0/armtools/bin/../lib/gcc/arm-atollic-eabi/6.3.1/armv7e-m/fpu\libgcc.a(_arm_unorddf2.o)
                0x08000b24                __unorddf2
                0x08000b24                __aeabi_dcmpun
 .text          0x08000b50       0x50 c:/program files (x86)/atollic/truestudio for stm32 9.2.0/armtools/bin/../lib/gcc/arm-atollic-eabi/6.3.1/armv7e-m/fpu\libgcc.a(_arm_fixdfsi.o)
                0x08000b50                __aeabi_d2iz
                0x08000b50                __fixdfsi
 .text          0x08000ba0       0x30 c:/program files (x86)/atollic/truestudio for stm32 9.2.0/armtools/bin/../lib/gcc/arm-atollic-eabi/6.3.1/armv7e-m/fpu\libgcc.a(_aeabi_uldivmod.o)
                0x08000ba0                __aeabi_uldivmod
 .text          0x08000bd0      0x2dc c:/program files (x86)/atollic/truestudio for stm32 9.2.0/armtools/bin/../lib/gcc/arm-atollic-eabi/6.3.1/armv7e-m/fpu\libgcc.a(_udivmoddi4.o)
                0x08000bd0                __udivmoddi4
 .text          0x08000eac        0x4 c:/program files (x86)/atollic/truestudio for stm32 9.2.0/armtools/bin/../lib/gcc/arm-atollic-eabi/6.3.1/armv7e-m/fpu\libgcc.a(_dvmd_tls.o)
                0x08000eac                __aeabi_idiv0
                0x08000eac                __aeabi_ldiv0
 *(.text*)
 .text.SystemClock_Config
                0x08000eb0       0xbc Core\Src\main.o
                0x08000eb0                SystemClock_Config
 .text.startup.main
                0x08000f6c      0x658 Core\Src\main.o
                0x08000f6c                main
 .text.HAL_TIM_PeriodElapsedCallback
                0x080015c4        0x6 Core\Src\main.o
                0x080015c4                HAL_TIM_PeriodElapsedCallback
 *fill*         0x080015ca        0x2 
 .text.HAL_MspInit
                0x080015cc       0x30 Core\Src\stm32l4xx_hal_msp.o
                0x080015cc                HAL_MspInit
 .text.HAL_DFSDM_ChannelMspInit
                0x080015fc       0x64 Core\Src\stm32l4xx_hal_msp.o
                0x080015fc                HAL_DFSDM_ChannelMspInit
 .text.HAL_I2C_MspInit
                0x08001660       0x6c Core\Src\stm32l4xx_hal_msp.o
                0x08001660                HAL_I2C_MspInit
 .text.HAL_I2C_MspDeInit
                0x080016cc       0x2c Core\Src\stm32l4xx_hal_msp.o
                0x080016cc                HAL_I2C_MspDeInit
 .text.HAL_QSPI_MspInit
                0x080016f8       0x6c Core\Src\stm32l4xx_hal_msp.o
                0x080016f8                HAL_QSPI_MspInit
 .text.HAL_SPI_MspInit
                0x08001764       0x68 Core\Src\stm32l4xx_hal_msp.o
                0x08001764                HAL_SPI_MspInit
 .text.HAL_TIM_Base_MspInit
                0x080017cc       0x3c Core\Src\stm32l4xx_hal_msp.o
                0x080017cc                HAL_TIM_Base_MspInit
 .text.HAL_UART_MspInit
                0x08001808      0x10c Core\Src\stm32l4xx_hal_msp.o
                0x08001808                HAL_UART_MspInit
 .text.HAL_PCD_MspInit
                0x08001914       0xa0 Core\Src\stm32l4xx_hal_msp.o
                0x08001914                HAL_PCD_MspInit
 .text.NMI_Handler
                0x080019b4        0x2 Core\Src\stm32l4xx_it.o
                0x080019b4                NMI_Handler
 .text.HardFault_Handler
                0x080019b6        0x2 Core\Src\stm32l4xx_it.o
                0x080019b6                HardFault_Handler
 .text.MemManage_Handler
                0x080019b8        0x2 Core\Src\stm32l4xx_it.o
                0x080019b8                MemManage_Handler
 .text.BusFault_Handler
                0x080019ba        0x2 Core\Src\stm32l4xx_it.o
                0x080019ba                BusFault_Handler
 .text.UsageFault_Handler
                0x080019bc        0x2 Core\Src\stm32l4xx_it.o
                0x080019bc                UsageFault_Handler
 .text.SVC_Handler
                0x080019be        0x2 Core\Src\stm32l4xx_it.o
                0x080019be                SVC_Handler
 .text.DebugMon_Handler
                0x080019c0        0x2 Core\Src\stm32l4xx_it.o
                0x080019c0                DebugMon_Handler
 .text.PendSV_Handler
                0x080019c2        0x2 Core\Src\stm32l4xx_it.o
                0x080019c2                PendSV_Handler
 .text.SysTick_Handler
                0x080019c4        0x4 Core\Src\stm32l4xx_it.o
                0x080019c4                SysTick_Handler
 .text.EXTI9_5_IRQHandler
                0x080019c8       0x20 Core\Src\stm32l4xx_it.o
                0x080019c8                EXTI9_5_IRQHandler
 .text.USART1_IRQHandler
                0x080019e8       0x20 Core\Src\stm32l4xx_it.o
                0x080019e8                USART1_IRQHandler
 .text.EXTI15_10_IRQHandler
                0x08001a08       0x2e Core\Src\stm32l4xx_it.o
                0x08001a08                EXTI15_10_IRQHandler
 *fill*         0x08001a36        0x2 
 .text.TIM6_DAC_IRQHandler
                0x08001a38       0x14 Core\Src\stm32l4xx_it.o
                0x08001a38                TIM6_DAC_IRQHandler
 .text.SystemInit
                0x08001a4c       0x48 Core\Src\system_stm32l4xx.o
                0x08001a4c                SystemInit
 .text.I2Cx_Init.constprop.8
                0x08001a94       0xc0 Drivers\BSP\B-L475E-IOT01\stm32l475e_iot01.o
 .text.BSP_LED_Toggle
                0x08001b54       0x14 Drivers\BSP\B-L475E-IOT01\stm32l475e_iot01.o
                0x08001b54                BSP_LED_Toggle
 .text.SENSOR_IO_Init
                0x08001b68        0x4 Drivers\BSP\B-L475E-IOT01\stm32l475e_iot01.o
                0x08001b68                SENSOR_IO_Init
 .text.SENSOR_IO_Write
                0x08001b6c       0x34 Drivers\BSP\B-L475E-IOT01\stm32l475e_iot01.o
                0x08001b6c                SENSOR_IO_Write
 .text.SENSOR_IO_Read
                0x08001ba0       0x3c Drivers\BSP\B-L475E-IOT01\stm32l475e_iot01.o
                0x08001ba0                SENSOR_IO_Read
 .text.SENSOR_IO_ReadMultiple
                0x08001bdc       0x30 Drivers\BSP\B-L475E-IOT01\stm32l475e_iot01.o
                0x08001bdc                SENSOR_IO_ReadMultiple
 .text.BSP_ACCELERO_Init
                0x08001c0c       0x28 Drivers\BSP\B-L475E-IOT01\stm32l475e_iot01_accelero.o
                0x08001c0c                BSP_ACCELERO_Init
 .text.BSP_GYRO_Init
                0x08001c34       0x28 Drivers\BSP\B-L475E-IOT01\stm32l475e_iot01_gyro.o
                0x08001c34                BSP_GYRO_Init
 .text.BSP_HSENSOR_Init
                0x08001c5c       0x28 Drivers\BSP\B-L475E-IOT01\stm32l475e_iot01_hsensor.o
                0x08001c5c                BSP_HSENSOR_Init
 .text.BSP_HSENSOR_ReadHumidity
                0x08001c84       0x10 Drivers\BSP\B-L475E-IOT01\stm32l475e_iot01_hsensor.o
                0x08001c84                BSP_HSENSOR_ReadHumidity
 .text.BSP_MAGNETO_Init
                0x08001c94       0x48 Drivers\BSP\B-L475E-IOT01\stm32l475e_iot01_magneto.o
                0x08001c94                BSP_MAGNETO_Init
 .text.VL53L0X_PROXIMITY_GetDistance
                0x08001cdc       0x1c Drivers\BSP\B-L475E-IOT01\stm32l475e_iot01_proximity.o
                0x08001cdc                VL53L0X_PROXIMITY_GetDistance
 .text.VL53L0X_PROXIMITY_MspInit
                0x08001cf8       0x38 Drivers\BSP\B-L475E-IOT01\stm32l475e_iot01_proximity.o
                0x08001cf8                VL53L0X_PROXIMITY_MspInit
 .text.VL53L0X_PROXIMITY_Init
                0x08001d30       0x8c Drivers\BSP\B-L475E-IOT01\stm32l475e_iot01_proximity.o
                0x08001d30                VL53L0X_PROXIMITY_Init
 .text.BSP_PSENSOR_Init
                0x08001dbc       0x28 Drivers\BSP\B-L475E-IOT01\stm32l475e_iot01_psensor.o
                0x08001dbc                BSP_PSENSOR_Init
 .text.BSP_TSENSOR_Init
                0x08001de4       0x24 Drivers\BSP\B-L475E-IOT01\stm32l475e_iot01_tsensor.o
                0x08001de4                BSP_TSENSOR_Init
 .text.BSP_TSENSOR_ReadTemp
                0x08001e08       0x10 Drivers\BSP\B-L475E-IOT01\stm32l475e_iot01_tsensor.o
                0x08001e08                BSP_TSENSOR_ReadTemp
 .text.HTS221_H_Init
                0x08001e18       0x20 Drivers\BSP\Components\hts221\hts221.o
                0x08001e18                HTS221_H_Init
 .text.HTS221_T_Init
                0x08001e38       0x20 Drivers\BSP\Components\hts221\hts221.o
                0x08001e38                HTS221_T_Init
 .text.HTS221_H_ReadID
                0x08001e58       0x14 Drivers\BSP\Components\hts221\hts221.o
                0x08001e58                HTS221_H_ReadID
 .text.HTS221_H_ReadHumidity
                0x08001e6c       0xe0 Drivers\BSP\Components\hts221\hts221.o
                0x08001e6c                HTS221_H_ReadHumidity
 .text.HTS221_T_ReadTemp
                0x08001f4c       0xb4 Drivers\BSP\Components\hts221\hts221.o
                0x08001f4c                HTS221_T_ReadTemp
 .text.LIS3MDL_MagInit
                0x08002000       0x4a Drivers\BSP\Components\lis3mdl\lis3mdl.o
                0x08002000                LIS3MDL_MagInit
 .text.LIS3MDL_MagDeInit
                0x0800204a       0x1e Drivers\BSP\Components\lis3mdl\lis3mdl.o
                0x0800204a                LIS3MDL_MagDeInit
 .text.LIS3MDL_MagLowPower
                0x08002068       0x22 Drivers\BSP\Components\lis3mdl\lis3mdl.o
                0x08002068                LIS3MDL_MagLowPower
 .text.LIS3MDL_MagReadID
                0x0800208a       0x12 Drivers\BSP\Components\lis3mdl\lis3mdl.o
                0x0800208a                LIS3MDL_MagReadID
 .text.LIS3MDL_MagReadXYZ
                0x0800209c       0xb8 Drivers\BSP\Components\lis3mdl\lis3mdl.o
                0x0800209c                LIS3MDL_MagReadXYZ
 .text.LPS22HB_P_ReadPressure
                0x08002154       0x5c Drivers\BSP\Components\lps22hb\lps22hb.o
                0x08002154                LPS22HB_P_ReadPressure
 .text.LPS22HB_Init
                0x080021b0       0x38 Drivers\BSP\Components\lps22hb\lps22hb.o
 .text.LPS22HB_P_Init
                0x080021e8        0x4 Drivers\BSP\Components\lps22hb\lps22hb.o
                0x080021e8                LPS22HB_P_Init
 .text.LPS22HB_P_ReadID
                0x080021ec       0x14 Drivers\BSP\Components\lps22hb\lps22hb.o
                0x080021ec                LPS22HB_P_ReadID
 .text.LSM6DSL_AccInit
                0x08002200       0x38 Drivers\BSP\Components\lsm6dsl\lsm6dsl.o
                0x08002200                LSM6DSL_AccInit
 .text.LSM6DSL_AccDeInit
                0x08002238       0x1a Drivers\BSP\Components\lsm6dsl\lsm6dsl.o
                0x08002238                LSM6DSL_AccDeInit
 .text.LSM6DSL_AccLowPower
                0x08002252       0x22 Drivers\BSP\Components\lsm6dsl\lsm6dsl.o
                0x08002252                LSM6DSL_AccLowPower
 .text.LSM6DSL_GyroInit
                0x08002274       0x38 Drivers\BSP\Components\lsm6dsl\lsm6dsl.o
                0x08002274                LSM6DSL_GyroInit
 .text.LSM6DSL_GyroDeInit
                0x080022ac       0x1a Drivers\BSP\Components\lsm6dsl\lsm6dsl.o
                0x080022ac                LSM6DSL_GyroDeInit
 .text.LSM6DSL_GyroLowPower
                0x080022c6       0x22 Drivers\BSP\Components\lsm6dsl\lsm6dsl.o
                0x080022c6                LSM6DSL_GyroLowPower
 .text.LSM6DSL_GyroReadID
                0x080022e8       0x12 Drivers\BSP\Components\lsm6dsl\lsm6dsl.o
                0x080022e8                LSM6DSL_GyroReadID
 .text.LSM6DSL_AccReadID
                0x080022fa        0x4 Drivers\BSP\Components\lsm6dsl\lsm6dsl.o
                0x080022fa                LSM6DSL_AccReadID
 *fill*         0x080022fe        0x2 
 .text.LSM6DSL_AccReadXYZ
                0x08002300       0x88 Drivers\BSP\Components\lsm6dsl\lsm6dsl.o
                0x08002300                LSM6DSL_AccReadXYZ
 .text.LSM6DSL_GyroReadXYZAngRate
                0x08002388       0x80 Drivers\BSP\Components\lsm6dsl\lsm6dsl.o
                0x08002388                LSM6DSL_GyroReadXYZAngRate
 .text.VL53L0X_GetDeviceInfo
                0x08002408        0x4 Drivers\BSP\Components\vl53l0x\vl53l0x_api.o
                0x08002408                VL53L0X_GetDeviceInfo
 .text.VL53L0X_SetDeviceMode
                0x0800240c       0x20 Drivers\BSP\Components\vl53l0x\vl53l0x_api.o
                0x0800240c                VL53L0X_SetDeviceMode
 .text.VL53L0X_GetFractionEnable
                0x0800242c       0x18 Drivers\BSP\Components\vl53l0x\vl53l0x_api.o
                0x0800242c                VL53L0X_GetFractionEnable
 .text.VL53L0X_SetMeasurementTimingBudgetMicroSeconds
                0x08002444        0x4 Drivers\BSP\Components\vl53l0x\vl53l0x_api.o
                0x08002444                VL53L0X_SetMeasurementTimingBudgetMicroSeconds
 .text.VL53L0X_SetVcselPulsePeriod
                0x08002448        0x4 Drivers\BSP\Components\vl53l0x\vl53l0x_api.o
                0x08002448                VL53L0X_SetVcselPulsePeriod
 .text.VL53L0X_GetVcselPulsePeriod
                0x0800244c        0x4 Drivers\BSP\Components\vl53l0x\vl53l0x_api.o
                0x0800244c                VL53L0X_GetVcselPulsePeriod
 .text.VL53L0X_SetSequenceStepEnable
                0x08002450       0xa2 Drivers\BSP\Components\vl53l0x\vl53l0x_api.o
                0x08002450                VL53L0X_SetSequenceStepEnable
 .text.VL53L0X_GetSequenceStepEnables
                0x080024f2       0x38 Drivers\BSP\Components\vl53l0x\vl53l0x_api.o
                0x080024f2                VL53L0X_GetSequenceStepEnables
 .text.VL53L0X_GetSequenceStepTimeout
                0x0800252a       0x30 Drivers\BSP\Components\vl53l0x\vl53l0x_api.o
                0x0800252a                VL53L0X_GetSequenceStepTimeout
 .text.VL53L0X_GetInterMeasurementPeriodMilliSeconds
                0x0800255a       0x34 Drivers\BSP\Components\vl53l0x\vl53l0x_api.o
                0x0800255a                VL53L0X_GetInterMeasurementPeriodMilliSeconds
 .text.VL53L0X_GetXTalkCompensationEnable
                0x0800258e        0x8 Drivers\BSP\Components\vl53l0x\vl53l0x_api.o
                0x0800258e                VL53L0X_GetXTalkCompensationEnable
 .text.VL53L0X_GetXTalkCompensationRateMegaCps
                0x08002596       0x2e Drivers\BSP\Components\vl53l0x\vl53l0x_api.o
                0x08002596                VL53L0X_GetXTalkCompensationRateMegaCps
 .text.VL53L0X_SetLimitCheckEnable
                0x080025c4       0x7e Drivers\BSP\Components\vl53l0x\vl53l0x_api.o
                0x080025c4                VL53L0X_SetLimitCheckEnable
 .text.VL53L0X_GetLimitCheckEnable
                0x08002642       0x1c Drivers\BSP\Components\vl53l0x\vl53l0x_api.o
                0x08002642                VL53L0X_GetLimitCheckEnable
 .text.VL53L0X_SetLimitCheckValue
                0x0800265e       0x5a Drivers\BSP\Components\vl53l0x\vl53l0x_api.o
                0x0800265e                VL53L0X_SetLimitCheckValue
 .text.VL53L0X_GetLimitCheckValue
                0x080026b8       0x6a Drivers\BSP\Components\vl53l0x\vl53l0x_api.o
                0x080026b8                VL53L0X_GetLimitCheckValue
 .text.VL53L0X_GetWrapAroundCheckEnable
                0x08002722       0x2e Drivers\BSP\Components\vl53l0x\vl53l0x_api.o
                0x08002722                VL53L0X_GetWrapAroundCheckEnable
 .text.VL53L0X_GetDeviceParameters
                0x08002750       0x76 Drivers\BSP\Components\vl53l0x\vl53l0x_api.o
                0x08002750                VL53L0X_GetDeviceParameters
 *fill*         0x080027c6        0x2 
 .text.VL53L0X_DataInit
                0x080027c8      0x12c Drivers\BSP\Components\vl53l0x\vl53l0x_api.o
                0x080027c8                VL53L0X_DataInit
 .text.VL53L0X_PerformRefCalibration
                0x080028f4        0x6 Drivers\BSP\Components\vl53l0x\vl53l0x_api.o
                0x080028f4                VL53L0X_PerformRefCalibration
 .text.VL53L0X_GetRangingMeasurementData
                0x080028fa      0x13a Drivers\BSP\Components\vl53l0x\vl53l0x_api.o
                0x080028fa                VL53L0X_GetRangingMeasurementData
 .text.VL53L0X_GetInterruptThresholds
                0x08002a34       0x40 Drivers\BSP\Components\vl53l0x\vl53l0x_api.o
                0x08002a34                VL53L0X_GetInterruptThresholds
 .text.VL53L0X_CheckAndLoadInterruptSettings
                0x08002a74       0x80 Drivers\BSP\Components\vl53l0x\vl53l0x_api.o
                0x08002a74                VL53L0X_CheckAndLoadInterruptSettings
 .text.VL53L0X_StartMeasurement
                0x08002af4       0x7e Drivers\BSP\Components\vl53l0x\vl53l0x_api.o
                0x08002af4                VL53L0X_StartMeasurement
 .text.VL53L0X_PerformSingleMeasurement
                0x08002b72       0x28 Drivers\BSP\Components\vl53l0x\vl53l0x_api.o
                0x08002b72                VL53L0X_PerformSingleMeasurement
 .text.VL53L0X_ClearInterruptMask
                0x08002b9a       0x58 Drivers\BSP\Components\vl53l0x\vl53l0x_api.o
                0x08002b9a                VL53L0X_ClearInterruptMask
 .text.VL53L0X_PerformSingleRangingMeasurement
                0x08002bf2       0x28 Drivers\BSP\Components\vl53l0x\vl53l0x_api.o
                0x08002bf2                VL53L0X_PerformSingleRangingMeasurement
 .text.VL53L0X_SetGpioConfig
                0x08002c1a      0x15a Drivers\BSP\Components\vl53l0x\vl53l0x_api.o
                0x08002c1a                VL53L0X_SetGpioConfig
 .text.VL53L0X_StaticInit
                0x08002d74      0x1a8 Drivers\BSP\Components\vl53l0x\vl53l0x_api.o
                0x08002d74                VL53L0X_StaticInit
 .text.VL53L0X_GetInterruptMaskStatus
                0x08002f1c       0x26 Drivers\BSP\Components\vl53l0x\vl53l0x_api.o
                0x08002f1c                VL53L0X_GetInterruptMaskStatus
 .text.VL53L0X_GetMeasurementDataReady
                0x08002f42       0x3c Drivers\BSP\Components\vl53l0x\vl53l0x_api.o
                0x08002f42                VL53L0X_GetMeasurementDataReady
 .text.VL53L0X_PerformRefSpadManagement
                0x08002f7e        0x4 Drivers\BSP\Components\vl53l0x\vl53l0x_api.o
                0x08002f7e                VL53L0X_PerformRefSpadManagement
 .text.VL53L0X_get_offset_calibration_data_micro_meter
                0x08002f82       0x32 Drivers\BSP\Components\vl53l0x\vl53l0x_api_calibration.o
                0x08002f82                VL53L0X_get_offset_calibration_data_micro_meter
 .text.get_next_good_spad
                0x08002fb4       0x4e Drivers\BSP\Components\vl53l0x\vl53l0x_api_calibration.o
                0x08002fb4                get_next_good_spad
 *fill*         0x08003002        0x2 
 .text.is_aperture
                0x08003004       0x14 Drivers\BSP\Components\vl53l0x\vl53l0x_api_calibration.o
                0x08003004                is_aperture
 .text.enable_spad_bit
                0x08003018       0x1e Drivers\BSP\Components\vl53l0x\vl53l0x_api_calibration.o
                0x08003018                enable_spad_bit
 .text.set_ref_spad_map
                0x08003036        0xa Drivers\BSP\Components\vl53l0x\vl53l0x_api_calibration.o
                0x08003036                set_ref_spad_map
 .text.get_ref_spad_map
                0x08003040        0xa Drivers\BSP\Components\vl53l0x\vl53l0x_api_calibration.o
                0x08003040                get_ref_spad_map
 .text.enable_ref_spads
                0x0800304a       0x96 Drivers\BSP\Components\vl53l0x\vl53l0x_api_calibration.o
                0x0800304a                enable_ref_spads
 .text.perform_ref_signal_measurement
                0x080030e0       0x58 Drivers\BSP\Components\vl53l0x\vl53l0x_api_calibration.o
                0x080030e0                perform_ref_signal_measurement
 .text.VL53L0X_set_reference_spads
                0x08003138       0xaa Drivers\BSP\Components\vl53l0x\vl53l0x_api_calibration.o
                0x08003138                VL53L0X_set_reference_spads
 .text.VL53L0X_perform_single_ref_calibration
                0x080031e2       0x32 Drivers\BSP\Components\vl53l0x\vl53l0x_api_calibration.o
                0x080031e2                VL53L0X_perform_single_ref_calibration
 .text.VL53L0X_ref_calibration_io
                0x08003214       0xd0 Drivers\BSP\Components\vl53l0x\vl53l0x_api_calibration.o
                0x08003214                VL53L0X_ref_calibration_io
 .text.VL53L0X_perform_vhv_calibration
                0x080032e4       0x74 Drivers\BSP\Components\vl53l0x\vl53l0x_api_calibration.o
                0x080032e4                VL53L0X_perform_vhv_calibration
 .text.VL53L0X_perform_phase_calibration
                0x08003358       0x6e Drivers\BSP\Components\vl53l0x\vl53l0x_api_calibration.o
                0x08003358                VL53L0X_perform_phase_calibration
 .text.VL53L0X_perform_ref_calibration
                0x080033c6       0x36 Drivers\BSP\Components\vl53l0x\vl53l0x_api_calibration.o
                0x080033c6                VL53L0X_perform_ref_calibration
 .text.VL53L0X_perform_ref_spad_management
                0x080033fc      0x270 Drivers\BSP\Components\vl53l0x\vl53l0x_api_calibration.o
                0x080033fc                VL53L0X_perform_ref_spad_management
 .text.VL53L0X_measurement_poll_for_completion
                0x0800366c       0x34 Drivers\BSP\Components\vl53l0x\vl53l0x_api_core.o
                0x0800366c                VL53L0X_measurement_poll_for_completion
 .text.VL53L0X_isqrt
                0x080036a0       0x2a Drivers\BSP\Components\vl53l0x\vl53l0x_api_core.o
                0x080036a0                VL53L0X_isqrt
 .text.VL53L0X_device_read_strobe
                0x080036ca       0x42 Drivers\BSP\Components\vl53l0x\vl53l0x_api_core.o
                0x080036ca                VL53L0X_device_read_strobe
 .text.VL53L0X_get_info_from_device
                0x0800370c      0x554 Drivers\BSP\Components\vl53l0x\vl53l0x_api_core.o
                0x0800370c                VL53L0X_get_info_from_device
 .text.VL53L0X_encode_timeout
                0x08003c60       0x1e Drivers\BSP\Components\vl53l0x\vl53l0x_api_core.o
                0x08003c60                VL53L0X_encode_timeout
 .text.VL53L0X_decode_timeout
                0x08003c7e        0xc Drivers\BSP\Components\vl53l0x\vl53l0x_api_core.o
                0x08003c7e                VL53L0X_decode_timeout
 *fill*         0x08003c8a        0x2 
 .text.VL53L0X_calc_timeout_mclks
                0x08003c8c       0x28 Drivers\BSP\Components\vl53l0x\vl53l0x_api_core.o
                0x08003c8c                VL53L0X_calc_timeout_mclks
 .text.VL53L0X_calc_timeout_us
                0x08003cb4       0x28 Drivers\BSP\Components\vl53l0x\vl53l0x_api_core.o
                0x08003cb4                VL53L0X_calc_timeout_us
 .text.get_sequence_step_timeout
                0x08003cdc      0x108 Drivers\BSP\Components\vl53l0x\vl53l0x_api_core.o
                0x08003cdc                get_sequence_step_timeout
 .text.set_sequence_step_timeout
                0x08003de4      0x110 Drivers\BSP\Components\vl53l0x\vl53l0x_api_core.o
                0x08003de4                set_sequence_step_timeout
 .text.VL53L0X_set_vcsel_pulse_period
                0x08003ef4      0x216 Drivers\BSP\Components\vl53l0x\vl53l0x_api_core.o
                0x08003ef4                VL53L0X_set_vcsel_pulse_period
 .text.VL53L0X_get_vcsel_pulse_period
                0x0800410a       0x32 Drivers\BSP\Components\vl53l0x\vl53l0x_api_core.o
                0x0800410a                VL53L0X_get_vcsel_pulse_period
 .text.VL53L0X_set_measurement_timing_budget_micro_seconds
                0x0800413c       0xc2 Drivers\BSP\Components\vl53l0x\vl53l0x_api_core.o
                0x0800413c                VL53L0X_set_measurement_timing_budget_micro_seconds
 .text.VL53L0X_get_measurement_timing_budget_micro_seconds
                0x080041fe       0xca Drivers\BSP\Components\vl53l0x\vl53l0x_api_core.o
                0x080041fe                VL53L0X_get_measurement_timing_budget_micro_seconds
 .text.VL53L0X_load_tuning_settings
                0x080042c8       0xa6 Drivers\BSP\Components\vl53l0x\vl53l0x_api_core.o
                0x080042c8                VL53L0X_load_tuning_settings
 .text.VL53L0X_get_total_xtalk_rate
                0x0800436e       0x2c Drivers\BSP\Components\vl53l0x\vl53l0x_api_core.o
                0x0800436e                VL53L0X_get_total_xtalk_rate
 .text.VL53L0X_get_total_signal_rate
                0x0800439a       0x1c Drivers\BSP\Components\vl53l0x\vl53l0x_api_core.o
                0x0800439a                VL53L0X_get_total_signal_rate
 *fill*         0x080043b6        0x2 
 .text.VL53L0X_calc_dmax
                0x080043b8       0xcc Drivers\BSP\Components\vl53l0x\vl53l0x_api_core.o
                0x080043b8                VL53L0X_calc_dmax
 .text.VL53L0X_calc_sigma_estimate
                0x08004484      0x1d8 Drivers\BSP\Components\vl53l0x\vl53l0x_api_core.o
                0x08004484                VL53L0X_calc_sigma_estimate
 .text.VL53L0X_get_pal_range_status
                0x0800465c      0x204 Drivers\BSP\Components\vl53l0x\vl53l0x_api_core.o
                0x0800465c                VL53L0X_get_pal_range_status
 .text.VL53L0X_check_part_used
                0x08004860       0x38 Drivers\BSP\Components\vl53l0x\vl53l0x_api_strings.o
                0x08004860                VL53L0X_check_part_used
 .text.VL53L0X_get_device_info
                0x08004898       0x84 Drivers\BSP\Components\vl53l0x\vl53l0x_api_strings.o
                0x08004898                VL53L0X_get_device_info
 .text._I2CWrite
                0x0800491c       0x1e Drivers\BSP\Components\vl53l0x\vl53l0x_tof.o
                0x0800491c                _I2CWrite
 .text._I2CRead
                0x0800493a       0x20 Drivers\BSP\Components\vl53l0x\vl53l0x_tof.o
                0x0800493a                _I2CRead
 .text.VL53L0X_RdByte
                0x0800495a       0x2a Drivers\BSP\Components\vl53l0x\vl53l0x_tof.o
                0x0800495a                VL53L0X_RdByte
 .text.VL53L0X_WriteMulti
                0x08004984       0x3c Drivers\BSP\Components\vl53l0x\vl53l0x_tof.o
                0x08004984                VL53L0X_WriteMulti
 .text.VL53L0X_ReadMulti
                0x080049c0       0x2c Drivers\BSP\Components\vl53l0x\vl53l0x_tof.o
                0x080049c0                VL53L0X_ReadMulti
 .text.VL53L0X_RdWord
                0x080049ec       0x40 Drivers\BSP\Components\vl53l0x\vl53l0x_tof.o
                0x080049ec                VL53L0X_RdWord
 .text.VL53L0X_RdDWord
                0x08004a2c       0x4c Drivers\BSP\Components\vl53l0x\vl53l0x_tof.o
                0x08004a2c                VL53L0X_RdDWord
 .text.VL53L0X_WrByte
                0x08004a78       0x20 Drivers\BSP\Components\vl53l0x\vl53l0x_tof.o
                0x08004a78                VL53L0X_WrByte
 .text.VL53L0X_WrWord
                0x08004a98       0x24 Drivers\BSP\Components\vl53l0x\vl53l0x_tof.o
                0x08004a98                VL53L0X_WrWord
 .text.VL53L0X_UpdateByte
                0x08004abc       0x2c Drivers\BSP\Components\vl53l0x\vl53l0x_tof.o
                0x08004abc                VL53L0X_UpdateByte
 .text.VL53L0X_PollingDelay
                0x08004ae8        0xc Drivers\BSP\Components\vl53l0x\vl53l0x_tof.o
                0x08004ae8                VL53L0X_PollingDelay
 .text.SetupSingleShot
                0x08004af4      0x108 Drivers\BSP\Components\vl53l0x\vl53l0x_tof.o
                0x08004af4                SetupSingleShot
 .text.HAL_InitTick
                0x08004bfc       0x30 Drivers\STM32L4xx_HAL_Driver\Src\stm32l4xx_hal.o
                0x08004bfc                HAL_InitTick
 .text.HAL_Init
                0x08004c2c       0x1e Drivers\STM32L4xx_HAL_Driver\Src\stm32l4xx_hal.o
                0x08004c2c                HAL_Init
 *fill*         0x08004c4a        0x2 
 .text.HAL_IncTick
                0x08004c4c       0x10 Drivers\STM32L4xx_HAL_Driver\Src\stm32l4xx_hal.o
                0x08004c4c                HAL_IncTick
 .text.HAL_GetTick
                0x08004c5c        0xc Drivers\STM32L4xx_HAL_Driver\Src\stm32l4xx_hal.o
                0x08004c5c                HAL_GetTick
 .text.HAL_Delay
                0x08004c68       0x1c Drivers\STM32L4xx_HAL_Driver\Src\stm32l4xx_hal.o
                0x08004c68                HAL_Delay
 .text.HAL_NVIC_SetPriorityGrouping
                0x08004c84       0x24 Drivers\STM32L4xx_HAL_Driver\Src\stm32l4xx_hal_cortex.o
                0x08004c84                HAL_NVIC_SetPriorityGrouping
 .text.HAL_NVIC_SetPriority
                0x08004ca8       0x68 Drivers\STM32L4xx_HAL_Driver\Src\stm32l4xx_hal_cortex.o
                0x08004ca8                HAL_NVIC_SetPriority
 .text.HAL_NVIC_EnableIRQ
                0x08004d10       0x18 Drivers\STM32L4xx_HAL_Driver\Src\stm32l4xx_hal_cortex.o
                0x08004d10                HAL_NVIC_EnableIRQ
 .text.HAL_SYSTICK_Config
                0x08004d28       0x2c Drivers\STM32L4xx_HAL_Driver\Src\stm32l4xx_hal_cortex.o
                0x08004d28                HAL_SYSTICK_Config
 .text.DFSDM_GetChannelFromInstance
                0x08004d54       0x58 Drivers\STM32L4xx_HAL_Driver\Src\stm32l4xx_hal_dfsdm.o
 .text.HAL_DFSDM_ChannelInit
                0x08004dac       0xe8 Drivers\STM32L4xx_HAL_Driver\Src\stm32l4xx_hal_dfsdm.o
                0x08004dac                HAL_DFSDM_ChannelInit
 .text.HAL_DMA_Abort_IT
                0x08004e94       0x4c Drivers\STM32L4xx_HAL_Driver\Src\stm32l4xx_hal_dma.o
                0x08004e94                HAL_DMA_Abort_IT
 .text.HAL_GPIO_Init
                0x08004ee0      0x1b8 Drivers\STM32L4xx_HAL_Driver\Src\stm32l4xx_hal_gpio.o
                0x08004ee0                HAL_GPIO_Init
 .text.HAL_GPIO_DeInit
                0x08005098      0x134 Drivers\STM32L4xx_HAL_Driver\Src\stm32l4xx_hal_gpio.o
                0x08005098                HAL_GPIO_DeInit
 .text.HAL_GPIO_WritePin
                0x080051cc        0xa Drivers\STM32L4xx_HAL_Driver\Src\stm32l4xx_hal_gpio.o
                0x080051cc                HAL_GPIO_WritePin
 .text.HAL_GPIO_TogglePin
                0x080051d6        0x8 Drivers\STM32L4xx_HAL_Driver\Src\stm32l4xx_hal_gpio.o
                0x080051d6                HAL_GPIO_TogglePin
 .text.HAL_GPIO_EXTI_Callback
                0x080051de        0x2 Drivers\STM32L4xx_HAL_Driver\Src\stm32l4xx_hal_gpio.o
                0x080051de                HAL_GPIO_EXTI_Callback
 .text.HAL_GPIO_EXTI_IRQHandler
                0x080051e0       0x18 Drivers\STM32L4xx_HAL_Driver\Src\stm32l4xx_hal_gpio.o
                0x080051e0                HAL_GPIO_EXTI_IRQHandler
 .text.I2C_Flush_TXDR
                0x080051f8       0x1c Drivers\STM32L4xx_HAL_Driver\Src\stm32l4xx_hal_i2c.o
 .text.I2C_TransferConfig
                0x08005214       0x34 Drivers\STM32L4xx_HAL_Driver\Src\stm32l4xx_hal_i2c.o
 .text.I2C_WaitOnFlagUntilTimeout
                0x08005248       0x56 Drivers\STM32L4xx_HAL_Driver\Src\stm32l4xx_hal_i2c.o
 .text.I2C_IsAcknowledgeFailed
                0x0800529e       0x7a Drivers\STM32L4xx_HAL_Driver\Src\stm32l4xx_hal_i2c.o
 .text.I2C_WaitOnTXISFlagUntilTimeout
                0x08005318       0x4e Drivers\STM32L4xx_HAL_Driver\Src\stm32l4xx_hal_i2c.o
 *fill*         0x08005366        0x2 
 .text.I2C_RequestMemoryWrite
                0x08005368       0x64 Drivers\STM32L4xx_HAL_Driver\Src\stm32l4xx_hal_i2c.o
 .text.I2C_RequestMemoryRead
                0x080053cc       0x64 Drivers\STM32L4xx_HAL_Driver\Src\stm32l4xx_hal_i2c.o
 .text.I2C_WaitOnSTOPFlagUntilTimeout
                0x08005430       0x4a Drivers\STM32L4xx_HAL_Driver\Src\stm32l4xx_hal_i2c.o
 .text.I2C_WaitOnRXNEFlagUntilTimeout
                0x0800547a       0x7e Drivers\STM32L4xx_HAL_Driver\Src\stm32l4xx_hal_i2c.o
 .text.HAL_I2C_Init
                0x080054f8       0xa2 Drivers\STM32L4xx_HAL_Driver\Src\stm32l4xx_hal_i2c.o
                0x080054f8                HAL_I2C_Init
 .text.HAL_I2C_DeInit
                0x0800559a       0x32 Drivers\STM32L4xx_HAL_Driver\Src\stm32l4xx_hal_i2c.o
                0x0800559a                HAL_I2C_DeInit
 .text.HAL_I2C_Master_Transmit
                0x080055cc      0x128 Drivers\STM32L4xx_HAL_Driver\Src\stm32l4xx_hal_i2c.o
                0x080055cc                HAL_I2C_Master_Transmit
 .text.HAL_I2C_Master_Receive
                0x080056f4      0x12c Drivers\STM32L4xx_HAL_Driver\Src\stm32l4xx_hal_i2c.o
                0x080056f4                HAL_I2C_Master_Receive
 .text.HAL_I2C_Mem_Write
                0x08005820      0x16e Drivers\STM32L4xx_HAL_Driver\Src\stm32l4xx_hal_i2c.o
                0x08005820                HAL_I2C_Mem_Write
 *fill*         0x0800598e        0x2 
 .text.HAL_I2C_Mem_Read
                0x08005990      0x17c Drivers\STM32L4xx_HAL_Driver\Src\stm32l4xx_hal_i2c.o
                0x08005990                HAL_I2C_Mem_Read
 .text.HAL_I2CEx_ConfigAnalogFilter
                0x08005b0c       0x4c Drivers\STM32L4xx_HAL_Driver\Src\stm32l4xx_hal_i2c_ex.o
                0x08005b0c                HAL_I2CEx_ConfigAnalogFilter
 .text.HAL_I2CEx_ConfigDigitalFilter
                0x08005b58       0x4a Drivers\STM32L4xx_HAL_Driver\Src\stm32l4xx_hal_i2c_ex.o
                0x08005b58                HAL_I2CEx_ConfigDigitalFilter
 .text.HAL_PCD_Init
                0x08005ba2       0xfa Drivers\STM32L4xx_HAL_Driver\Src\stm32l4xx_hal_pcd.o
                0x08005ba2                HAL_PCD_Init
 .text.HAL_PCDEx_ActivateLPM
                0x08005c9c       0x26 Drivers\STM32L4xx_HAL_Driver\Src\stm32l4xx_hal_pcd_ex.o
                0x08005c9c                HAL_PCDEx_ActivateLPM
 .text.HAL_PCDEx_ActivateBCD
                0x08005cc2       0x14 Drivers\STM32L4xx_HAL_Driver\Src\stm32l4xx_hal_pcd_ex.o
                0x08005cc2                HAL_PCDEx_ActivateBCD
 *fill*         0x08005cd6        0x2 
 .text.HAL_PWR_EnableBkUpAccess
                0x08005cd8       0x10 Drivers\STM32L4xx_HAL_Driver\Src\stm32l4xx_hal_pwr.o
                0x08005cd8                HAL_PWR_EnableBkUpAccess
 .text.HAL_PWREx_GetVoltageRange
                0x08005ce8       0x10 Drivers\STM32L4xx_HAL_Driver\Src\stm32l4xx_hal_pwr_ex.o
                0x08005ce8                HAL_PWREx_GetVoltageRange
 .text.HAL_PWREx_ControlVoltageScaling
                0x08005cf8       0x6c Drivers\STM32L4xx_HAL_Driver\Src\stm32l4xx_hal_pwr_ex.o
                0x08005cf8                HAL_PWREx_ControlVoltageScaling
 .text.HAL_PWREx_EnableVddUSB
                0x08005d64       0x10 Drivers\STM32L4xx_HAL_Driver\Src\stm32l4xx_hal_pwr_ex.o
                0x08005d64                HAL_PWREx_EnableVddUSB
 .text.QSPI_WaitFlagStateUntilTimeout
                0x08005d74       0x4c Drivers\STM32L4xx_HAL_Driver\Src\stm32l4xx_hal_qspi.o
 .text.HAL_QSPI_Init
                0x08005dc0       0xb0 Drivers\STM32L4xx_HAL_Driver\Src\stm32l4xx_hal_qspi.o
                0x08005dc0                HAL_QSPI_Init
 .text.RCC_SetFlashLatencyFromMSIRange
                0x08005e70       0x84 Drivers\STM32L4xx_HAL_Driver\Src\stm32l4xx_hal_rcc.o
 .text.HAL_RCC_GetSysClockFreq
                0x08005ef4       0xa8 Drivers\STM32L4xx_HAL_Driver\Src\stm32l4xx_hal_rcc.o
                0x08005ef4                HAL_RCC_GetSysClockFreq
 .text.HAL_RCC_OscConfig
                0x08005f9c      0x44c Drivers\STM32L4xx_HAL_Driver\Src\stm32l4xx_hal_rcc.o
                0x08005f9c                HAL_RCC_OscConfig
 .text.HAL_RCC_ClockConfig
                0x080063e8      0x124 Drivers\STM32L4xx_HAL_Driver\Src\stm32l4xx_hal_rcc.o
                0x080063e8                HAL_RCC_ClockConfig
 .text.HAL_RCC_GetPCLK1Freq
                0x0800650c       0x24 Drivers\STM32L4xx_HAL_Driver\Src\stm32l4xx_hal_rcc.o
                0x0800650c                HAL_RCC_GetPCLK1Freq
 .text.HAL_RCC_GetPCLK2Freq
                0x08006530       0x24 Drivers\STM32L4xx_HAL_Driver\Src\stm32l4xx_hal_rcc.o
                0x08006530                HAL_RCC_GetPCLK2Freq
 .text.RCCEx_PLLSAI1_Config
                0x08006554      0x11c Drivers\STM32L4xx_HAL_Driver\Src\stm32l4xx_hal_rcc_ex.o
 .text.RCCEx_PLLSAI2_Config
                0x08006670       0xfc Drivers\STM32L4xx_HAL_Driver\Src\stm32l4xx_hal_rcc_ex.o
 .text.HAL_RCCEx_PeriphCLKConfig
                0x0800676c      0x3d0 Drivers\STM32L4xx_HAL_Driver\Src\stm32l4xx_hal_rcc_ex.o
                0x0800676c                HAL_RCCEx_PeriphCLKConfig
 .text.HAL_RCCEx_EnableMSIPLLMode
                0x08006b3c       0x10 Drivers\STM32L4xx_HAL_Driver\Src\stm32l4xx_hal_rcc_ex.o
                0x08006b3c                HAL_RCCEx_EnableMSIPLLMode
 .text.HAL_SPI_Init
                0x08006b4c       0xa2 Drivers\STM32L4xx_HAL_Driver\Src\stm32l4xx_hal_spi.o
                0x08006b4c                HAL_SPI_Init
 *fill*         0x08006bee        0x2 
 .text.HAL_TIM_Base_Start_IT
                0x08006bf0       0x30 Drivers\STM32L4xx_HAL_Driver\Src\stm32l4xx_hal_tim.o
                0x08006bf0                HAL_TIM_Base_Start_IT
 .text.HAL_TIM_OC_DelayElapsedCallback
                0x08006c20        0x2 Drivers\STM32L4xx_HAL_Driver\Src\stm32l4xx_hal_tim.o
                0x08006c20                HAL_TIM_OC_DelayElapsedCallback
 .text.HAL_TIM_IC_CaptureCallback
                0x08006c22        0x2 Drivers\STM32L4xx_HAL_Driver\Src\stm32l4xx_hal_tim.o
                0x08006c22                HAL_TIM_IC_CaptureCallback
 .text.HAL_TIM_PWM_PulseFinishedCallback
                0x08006c24        0x2 Drivers\STM32L4xx_HAL_Driver\Src\stm32l4xx_hal_tim.o
                0x08006c24                HAL_TIM_PWM_PulseFinishedCallback
 .text.HAL_TIM_TriggerCallback
                0x08006c26        0x2 Drivers\STM32L4xx_HAL_Driver\Src\stm32l4xx_hal_tim.o
                0x08006c26                HAL_TIM_TriggerCallback
 .text.HAL_TIM_IRQHandler
                0x08006c28      0x160 Drivers\STM32L4xx_HAL_Driver\Src\stm32l4xx_hal_tim.o
                0x08006c28                HAL_TIM_IRQHandler
 .text.TIM_Base_SetConfig
                0x08006d88       0xcc Drivers\STM32L4xx_HAL_Driver\Src\stm32l4xx_hal_tim.o
                0x08006d88                TIM_Base_SetConfig
 .text.HAL_TIM_Base_Init
                0x08006e54       0x34 Drivers\STM32L4xx_HAL_Driver\Src\stm32l4xx_hal_tim.o
                0x08006e54                HAL_TIM_Base_Init
 .text.HAL_TIMEx_MasterConfigSynchronization
                0x08006e88       0x58 Drivers\STM32L4xx_HAL_Driver\Src\stm32l4xx_hal_tim_ex.o
                0x08006e88                HAL_TIMEx_MasterConfigSynchronization
 .text.HAL_TIMEx_CommutationCallback
                0x08006ee0        0x2 Drivers\STM32L4xx_HAL_Driver\Src\stm32l4xx_hal_tim_ex.o
                0x08006ee0                HAL_TIMEx_CommutationCallback
 .text.HAL_TIMEx_BreakCallback
                0x08006ee2        0x2 Drivers\STM32L4xx_HAL_Driver\Src\stm32l4xx_hal_tim_ex.o
                0x08006ee2                HAL_TIMEx_BreakCallback
 .text.HAL_TIMEx_Break2Callback
                0x08006ee4        0x2 Drivers\STM32L4xx_HAL_Driver\Src\stm32l4xx_hal_tim_ex.o
                0x08006ee4                HAL_TIMEx_Break2Callback
 .text.UART_EndRxTransfer
                0x08006ee6       0x1e Drivers\STM32L4xx_HAL_Driver\Src\stm32l4xx_hal_uart.o
 .text.HAL_UART_TxCpltCallback
                0x08006f04        0x2 Drivers\STM32L4xx_HAL_Driver\Src\stm32l4xx_hal_uart.o
                0x08006f04                HAL_UART_TxCpltCallback
 .text.HAL_UART_ErrorCallback
                0x08006f06        0x2 Drivers\STM32L4xx_HAL_Driver\Src\stm32l4xx_hal_uart.o
                0x08006f06                HAL_UART_ErrorCallback
 .text.HAL_UART_IRQHandler
                0x08006f08      0x12c Drivers\STM32L4xx_HAL_Driver\Src\stm32l4xx_hal_uart.o
                0x08006f08                HAL_UART_IRQHandler
 .text.UART_DMAAbortOnError
                0x08007034       0x14 Drivers\STM32L4xx_HAL_Driver\Src\stm32l4xx_hal_uart.o
 .text.UART_SetConfig
                0x08007048      0x330 Drivers\STM32L4xx_HAL_Driver\Src\stm32l4xx_hal_uart.o
                0x08007048                UART_SetConfig
 .text.UART_AdvFeatureConfig
                0x08007378       0xa8 Drivers\STM32L4xx_HAL_Driver\Src\stm32l4xx_hal_uart.o
                0x08007378                UART_AdvFeatureConfig
 .text.UART_WaitOnFlagUntilTimeout
                0x08007420       0x62 Drivers\STM32L4xx_HAL_Driver\Src\stm32l4xx_hal_uart.o
                0x08007420                UART_WaitOnFlagUntilTimeout
 .text.HAL_UART_Transmit
                0x08007482       0xae Drivers\STM32L4xx_HAL_Driver\Src\stm32l4xx_hal_uart.o
                0x08007482                HAL_UART_Transmit
 .text.UART_CheckIdleState
                0x08007530       0x64 Drivers\STM32L4xx_HAL_Driver\Src\stm32l4xx_hal_uart.o
                0x08007530                UART_CheckIdleState
 .text.HAL_UART_Init
                0x08007594       0x64 Drivers\STM32L4xx_HAL_Driver\Src\stm32l4xx_hal_uart.o
                0x08007594                HAL_UART_Init
 .text.HAL_UARTEx_WakeupCallback
                0x080075f8        0x2 Drivers\STM32L4xx_HAL_Driver\Src\stm32l4xx_hal_uart_ex.o
                0x080075f8                HAL_UARTEx_WakeupCallback
 *fill*         0x080075fa        0x2 
 .text.USB_CoreReset
                0x080075fc       0x30 Drivers\STM32L4xx_HAL_Driver\Src\stm32l4xx_ll_usb.o
 .text.USB_CoreInit
                0x0800762c       0x5e Drivers\STM32L4xx_HAL_Driver\Src\stm32l4xx_ll_usb.o
                0x0800762c                USB_CoreInit
 .text.USB_DisableGlobalInt
                0x0800768a        0xc Drivers\STM32L4xx_HAL_Driver\Src\stm32l4xx_ll_usb.o
                0x0800768a                USB_DisableGlobalInt
 .text.USB_SetCurrentMode
                0x08007696       0x2e Drivers\STM32L4xx_HAL_Driver\Src\stm32l4xx_ll_usb.o
                0x08007696                USB_SetCurrentMode
 .text.USB_FlushTxFifo
                0x080076c4       0x24 Drivers\STM32L4xx_HAL_Driver\Src\stm32l4xx_ll_usb.o
                0x080076c4                USB_FlushTxFifo
 .text.USB_FlushRxFifo
                0x080076e8       0x20 Drivers\STM32L4xx_HAL_Driver\Src\stm32l4xx_ll_usb.o
                0x080076e8                USB_FlushRxFifo
 .text.USB_SetDevSpeed
                0x08007708        0xe Drivers\STM32L4xx_HAL_Driver\Src\stm32l4xx_ll_usb.o
                0x08007708                USB_SetDevSpeed
 *fill*         0x08007716        0x2 
 .text.USB_DevInit
                0x08007718      0x138 Drivers\STM32L4xx_HAL_Driver\Src\stm32l4xx_ll_usb.o
                0x08007718                USB_DevInit
 .text.USB_DevDisconnect
                0x08007850       0x18 Drivers\STM32L4xx_HAL_Driver\Src\stm32l4xx_ll_usb.o
                0x08007850                USB_DevDisconnect
 .text.Reset_Handler
                0x08007868       0x50 startup\startup_stm32l475xx.o
                0x08007868                Reset_Handler
 .text.Default_Handler
                0x080078b8        0x2 startup\startup_stm32l475xx.o
                0x080078b8                RTC_Alarm_IRQHandler
                0x080078b8                EXTI2_IRQHandler
                0x080078b8                TIM8_TRG_COM_IRQHandler
                0x080078b8                TIM8_CC_IRQHandler
                0x080078b8                TIM1_CC_IRQHandler
                0x080078b8                TSC_IRQHandler
                0x080078b8                TAMP_STAMP_IRQHandler
                0x080078b8                EXTI3_IRQHandler
                0x080078b8                LPTIM2_IRQHandler
                0x080078b8                DFSDM1_FLT1_IRQHandler
                0x080078b8                I2C3_ER_IRQHandler
                0x080078b8                DFSDM1_FLT2_IRQHandler
                0x080078b8                EXTI0_IRQHandler
                0x080078b8                I2C2_EV_IRQHandler
                0x080078b8                CAN1_RX0_IRQHandler
                0x080078b8                FPU_IRQHandler
                0x080078b8                TIM1_UP_TIM16_IRQHandler
                0x080078b8                ADC1_2_IRQHandler
                0x080078b8                SPI1_IRQHandler
                0x080078b8                TIM8_UP_IRQHandler
                0x080078b8                DMA2_Channel2_IRQHandler
                0x080078b8                DMA1_Channel4_IRQHandler
                0x080078b8                SAI2_IRQHandler
                0x080078b8                DFSDM1_FLT3_IRQHandler
                0x080078b8                USART3_IRQHandler
                0x080078b8                DMA1_Channel7_IRQHandler
                0x080078b8                CAN1_RX1_IRQHandler
                0x080078b8                UART5_IRQHandler
                0x080078b8                ADC3_IRQHandler
                0x080078b8                TIM4_IRQHandler
                0x080078b8                DMA2_Channel1_IRQHandler
                0x080078b8                QUADSPI_IRQHandler
                0x080078b8                I2C1_EV_IRQHandler
                0x080078b8                DMA1_Channel6_IRQHandler
                0x080078b8                UART4_IRQHandler
                0x080078b8                DMA2_Channel4_IRQHandler
                0x080078b8                TIM3_IRQHandler
                0x080078b8                RCC_IRQHandler
                0x080078b8                DMA1_Channel1_IRQHandler
                0x080078b8                Default_Handler
                0x080078b8                DMA2_Channel7_IRQHandler
                0x080078b8                TIM7_IRQHandler
                0x080078b8                SDMMC1_IRQHandler
                0x080078b8                TIM5_IRQHandler
                0x080078b8                I2C3_EV_IRQHandler
                0x080078b8                RTC_WKUP_IRQHandler
                0x080078b8                PVD_PVM_IRQHandler
                0x080078b8                SPI2_IRQHandler
                0x080078b8                CAN1_TX_IRQHandler
                0x080078b8                DMA2_Channel5_IRQHandler
                0x080078b8                DMA1_Channel5_IRQHandler
                0x080078b8                EXTI4_IRQHandler
                0x080078b8                RNG_IRQHandler
                0x080078b8                TIM1_TRG_COM_TIM17_IRQHandler
                0x080078b8                DMA1_Channel3_IRQHandler
                0x080078b8                COMP_IRQHandler
                0x080078b8                WWDG_IRQHandler
                0x080078b8                LPUART1_IRQHandler
                0x080078b8                DMA2_Channel6_IRQHandler
                0x080078b8                TIM2_IRQHandler
                0x080078b8                EXTI1_IRQHandler
                0x080078b8                USART2_IRQHandler
                0x080078b8                DFSDM1_FLT0_IRQHandler
                0x080078b8                I2C2_ER_IRQHandler
                0x080078b8                DMA1_Channel2_IRQHandler
                0x080078b8                TIM8_BRK_IRQHandler
                0x080078b8                CAN1_SCE_IRQHandler
                0x080078b8                FLASH_IRQHandler
                0x080078b8                OTG_FS_IRQHandler
                0x080078b8                SPI3_IRQHandler
                0x080078b8                I2C1_ER_IRQHandler
                0x080078b8                FMC_IRQHandler
                0x080078b8                SWPMI1_IRQHandler
                0x080078b8                LPTIM1_IRQHandler
                0x080078b8                SAI1_IRQHandler
                0x080078b8                DMA2_Channel3_IRQHandler
                0x080078b8                TIM1_BRK_TIM15_IRQHandler
 *fill*         0x080078ba        0x2 
 .text.__libc_init_array
                0x080078bc       0x48 c:/program files (x86)/atollic/truestudio for stm32 9.2.0/armtools/bin/../lib/gcc/arm-atollic-eabi/6.3.1/../../../../arm-atollic-eabi/lib/armv7e-m/fpu\libc_nano.a(lib_a-init.o)
                0x080078bc                __libc_init_array
 .text.memcpy   0x08007904       0x16 c:/program files (x86)/atollic/truestudio for stm32 9.2.0/armtools/bin/../lib/gcc/arm-atollic-eabi/6.3.1/../../../../arm-atollic-eabi/lib/armv7e-m/fpu\libc_nano.a(lib_a-memcpy-stub.o)
                0x08007904                memcpy
 .text.memset   0x0800791a       0x10 c:/program files (x86)/atollic/truestudio for stm32 9.2.0/armtools/bin/../lib/gcc/arm-atollic-eabi/6.3.1/../../../../arm-atollic-eabi/lib/armv7e-m/fpu\libc_nano.a(lib_a-memset.o)
                0x0800791a                memset
 .text.__cvt    0x0800792a       0xc2 c:/program files (x86)/atollic/truestudio for stm32 9.2.0/armtools/bin/../lib/gcc/arm-atollic-eabi/6.3.1/../../../../arm-atollic-eabi/lib/armv7e-m/fpu\libc_nano.a(lib_a-nano-vfprintf_float.o)
                0x0800792a                __cvt
 .text.__exponent
                0x080079ec       0x6a c:/program files (x86)/atollic/truestudio for stm32 9.2.0/armtools/bin/../lib/gcc/arm-atollic-eabi/6.3.1/../../../../arm-atollic-eabi/lib/armv7e-m/fpu\libc_nano.a(lib_a-nano-vfprintf_float.o)
                0x080079ec                __exponent
 *fill*         0x08007a56        0x2 
 .text._printf_float
                0x08007a58      0x480 c:/program files (x86)/atollic/truestudio for stm32 9.2.0/armtools/bin/../lib/gcc/arm-atollic-eabi/6.3.1/../../../../arm-atollic-eabi/lib/armv7e-m/fpu\libc_nano.a(lib_a-nano-vfprintf_float.o)
                0x08007a58                _printf_float
 .text._printf_common
                0x08007ed8       0xec c:/program files (x86)/atollic/truestudio for stm32 9.2.0/armtools/bin/../lib/gcc/arm-atollic-eabi/6.3.1/../../../../arm-atollic-eabi/lib/armv7e-m/fpu\libc_nano.a(lib_a-nano-vfprintf_i.o)
                0x08007ed8                _printf_common
 .text._printf_i
                0x08007fc4      0x240 c:/program files (x86)/atollic/truestudio for stm32 9.2.0/armtools/bin/../lib/gcc/arm-atollic-eabi/6.3.1/../../../../arm-atollic-eabi/lib/armv7e-m/fpu\libc_nano.a(lib_a-nano-vfprintf_i.o)
                0x08007fc4                _printf_i
 .text.printf   0x08008204       0x30 c:/program files (x86)/atollic/truestudio for stm32 9.2.0/armtools/bin/../lib/gcc/arm-atollic-eabi/6.3.1/../../../../arm-atollic-eabi/lib/armv7e-m/fpu\libc_nano.a(lib_a-printf.o)
                0x08008204                iprintf
                0x08008204                printf
 .text._puts_r  0x08008234       0xb8 c:/program files (x86)/atollic/truestudio for stm32 9.2.0/armtools/bin/../lib/gcc/arm-atollic-eabi/6.3.1/../../../../arm-atollic-eabi/lib/armv7e-m/fpu\libc_nano.a(lib_a-puts.o)
                0x08008234                _puts_r
 .text.puts     0x080082ec       0x10 c:/program files (x86)/atollic/truestudio for stm32 9.2.0/armtools/bin/../lib/gcc/arm-atollic-eabi/6.3.1/../../../../arm-atollic-eabi/lib/armv7e-m/fpu\libc_nano.a(lib_a-puts.o)
                0x080082ec                puts
 .text.sprintf  0x080082fc       0x48 c:/program files (x86)/atollic/truestudio for stm32 9.2.0/armtools/bin/../lib/gcc/arm-atollic-eabi/6.3.1/../../../../arm-atollic-eabi/lib/armv7e-m/fpu\libc_nano.a(lib_a-sprintf.o)
                0x080082fc                siprintf
                0x080082fc                sprintf
 .text.strcpy   0x08008344       0x10 c:/program files (x86)/atollic/truestudio for stm32 9.2.0/armtools/bin/../lib/gcc/arm-atollic-eabi/6.3.1/../../../../arm-atollic-eabi/lib/armv7e-m/fpu\libc_nano.a(lib_a-strcpy.o)
                0x08008344                strcpy
 .text.__swbuf_r
                0x08008354       0xa4 c:/program files (x86)/atollic/truestudio for stm32 9.2.0/armtools/bin/../lib/gcc/arm-atollic-eabi/6.3.1/../../../../arm-atollic-eabi/lib/armv7e-m/fpu\libc_nano.a(lib_a-wbuf.o)
                0x08008354                __swbuf_r
 .text.__swsetup_r
                0x080083f8       0xdc c:/program files (x86)/atollic/truestudio for stm32 9.2.0/armtools/bin/../lib/gcc/arm-atollic-eabi/6.3.1/../../../../arm-atollic-eabi/lib/armv7e-m/fpu\libc_nano.a(lib_a-wsetup.o)
                0x080083f8                __swsetup_r
 .text.quorem   0x080084d4      0x118 c:/program files (x86)/atollic/truestudio for stm32 9.2.0/armtools/bin/../lib/gcc/arm-atollic-eabi/6.3.1/../../../../arm-atollic-eabi/lib/armv7e-m/fpu\libc_nano.a(lib_a-dtoa.o)
 *fill*         0x080085ec        0x4 
 .text._dtoa_r  0x080085f0      0xb9c c:/program files (x86)/atollic/truestudio for stm32 9.2.0/armtools/bin/../lib/gcc/arm-atollic-eabi/6.3.1/../../../../arm-atollic-eabi/lib/armv7e-m/fpu\libc_nano.a(lib_a-dtoa.o)
                0x080085f0                _dtoa_r
 .text.__sflush_r
                0x0800918c      0x110 c:/program files (x86)/atollic/truestudio for stm32 9.2.0/armtools/bin/../lib/gcc/arm-atollic-eabi/6.3.1/../../../../arm-atollic-eabi/lib/armv7e-m/fpu\libc_nano.a(lib_a-fflush.o)
                0x0800918c                __sflush_r
 .text._fflush_r
                0x0800929c       0x54 c:/program files (x86)/atollic/truestudio for stm32 9.2.0/armtools/bin/../lib/gcc/arm-atollic-eabi/6.3.1/../../../../arm-atollic-eabi/lib/armv7e-m/fpu\libc_nano.a(lib_a-fflush.o)
                0x0800929c                _fflush_r
 .text._cleanup_r
                0x080092f0        0xc c:/program files (x86)/atollic/truestudio for stm32 9.2.0/armtools/bin/../lib/gcc/arm-atollic-eabi/6.3.1/../../../../arm-atollic-eabi/lib/armv7e-m/fpu\libc_nano.a(lib_a-findfp.o)
                0x080092f0                _cleanup_r
 .text.std.isra.0
                0x080092fc       0x48 c:/program files (x86)/atollic/truestudio for stm32 9.2.0/armtools/bin/../lib/gcc/arm-atollic-eabi/6.3.1/../../../../arm-atollic-eabi/lib/armv7e-m/fpu\libc_nano.a(lib_a-findfp.o)
 .text.__sfmoreglue
                0x08009344       0x2c c:/program files (x86)/atollic/truestudio for stm32 9.2.0/armtools/bin/../lib/gcc/arm-atollic-eabi/6.3.1/../../../../arm-atollic-eabi/lib/armv7e-m/fpu\libc_nano.a(lib_a-findfp.o)
                0x08009344                __sfmoreglue
 .text.__sinit  0x08009370       0x60 c:/program files (x86)/atollic/truestudio for stm32 9.2.0/armtools/bin/../lib/gcc/arm-atollic-eabi/6.3.1/../../../../arm-atollic-eabi/lib/armv7e-m/fpu\libc_nano.a(lib_a-findfp.o)
                0x08009370                __sinit
 .text.__sfp    0x080093d0       0x78 c:/program files (x86)/atollic/truestudio for stm32 9.2.0/armtools/bin/../lib/gcc/arm-atollic-eabi/6.3.1/../../../../arm-atollic-eabi/lib/armv7e-m/fpu\libc_nano.a(lib_a-findfp.o)
                0x080093d0                __sfp
 .text._fwalk_reent
                0x08009448       0x3c c:/program files (x86)/atollic/truestudio for stm32 9.2.0/armtools/bin/../lib/gcc/arm-atollic-eabi/6.3.1/../../../../arm-atollic-eabi/lib/armv7e-m/fpu\libc_nano.a(lib_a-fwalk.o)
                0x08009448                _fwalk_reent
 .text._localeconv_r
                0x08009484       0x1c c:/program files (x86)/atollic/truestudio for stm32 9.2.0/armtools/bin/../lib/gcc/arm-atollic-eabi/6.3.1/../../../../arm-atollic-eabi/lib/armv7e-m/fpu\libc_nano.a(lib_a-localeconv.o)
                0x08009484                _localeconv_r
 .text.__swhatbuf_r
                0x080094a0       0x48 c:/program files (x86)/atollic/truestudio for stm32 9.2.0/armtools/bin/../lib/gcc/arm-atollic-eabi/6.3.1/../../../../arm-atollic-eabi/lib/armv7e-m/fpu\libc_nano.a(lib_a-makebuf.o)
                0x080094a0                __swhatbuf_r
 .text.__smakebuf_r
                0x080094e8       0x80 c:/program files (x86)/atollic/truestudio for stm32 9.2.0/armtools/bin/../lib/gcc/arm-atollic-eabi/6.3.1/../../../../arm-atollic-eabi/lib/armv7e-m/fpu\libc_nano.a(lib_a-makebuf.o)
                0x080094e8                __smakebuf_r
 .text.malloc   0x08009568       0x10 c:/program files (x86)/atollic/truestudio for stm32 9.2.0/armtools/bin/../lib/gcc/arm-atollic-eabi/6.3.1/../../../../arm-atollic-eabi/lib/armv7e-m/fpu\libc_nano.a(lib_a-malloc.o)
                0x08009568                malloc
 .text._Balloc  0x08009578       0x68 c:/program files (x86)/atollic/truestudio for stm32 9.2.0/armtools/bin/../lib/gcc/arm-atollic-eabi/6.3.1/../../../../arm-atollic-eabi/lib/armv7e-m/fpu\libc_nano.a(lib_a-mprec.o)
                0x08009578                _Balloc
 .text._Bfree   0x080095e0       0x2e c:/program files (x86)/atollic/truestudio for stm32 9.2.0/armtools/bin/../lib/gcc/arm-atollic-eabi/6.3.1/../../../../arm-atollic-eabi/lib/armv7e-m/fpu\libc_nano.a(lib_a-mprec.o)
                0x080095e0                _Bfree
 .text.__multadd
                0x0800960e       0x76 c:/program files (x86)/atollic/truestudio for stm32 9.2.0/armtools/bin/../lib/gcc/arm-atollic-eabi/6.3.1/../../../../arm-atollic-eabi/lib/armv7e-m/fpu\libc_nano.a(lib_a-mprec.o)
                0x0800960e                __multadd
 .text.__hi0bits
                0x08009684       0x3e c:/program files (x86)/atollic/truestudio for stm32 9.2.0/armtools/bin/../lib/gcc/arm-atollic-eabi/6.3.1/../../../../arm-atollic-eabi/lib/armv7e-m/fpu\libc_nano.a(lib_a-mprec.o)
                0x08009684                __hi0bits
 .text.__lo0bits
                0x080096c2       0x5e c:/program files (x86)/atollic/truestudio for stm32 9.2.0/armtools/bin/../lib/gcc/arm-atollic-eabi/6.3.1/../../../../arm-atollic-eabi/lib/armv7e-m/fpu\libc_nano.a(lib_a-mprec.o)
                0x080096c2                __lo0bits
 .text.__i2b    0x08009720       0x12 c:/program files (x86)/atollic/truestudio for stm32 9.2.0/armtools/bin/../lib/gcc/arm-atollic-eabi/6.3.1/../../../../arm-atollic-eabi/lib/armv7e-m/fpu\libc_nano.a(lib_a-mprec.o)
                0x08009720                __i2b
 .text.__multiply
                0x08009732      0x11a c:/program files (x86)/atollic/truestudio for stm32 9.2.0/armtools/bin/../lib/gcc/arm-atollic-eabi/6.3.1/../../../../arm-atollic-eabi/lib/armv7e-m/fpu\libc_nano.a(lib_a-mprec.o)
                0x08009732                __multiply
 .text.__pow5mult
                0x0800984c       0x9c c:/program files (x86)/atollic/truestudio for stm32 9.2.0/armtools/bin/../lib/gcc/arm-atollic-eabi/6.3.1/../../../../arm-atollic-eabi/lib/armv7e-m/fpu\libc_nano.a(lib_a-mprec.o)
                0x0800984c                __pow5mult
 .text.__lshift
                0x080098e8       0xa2 c:/program files (x86)/atollic/truestudio for stm32 9.2.0/armtools/bin/../lib/gcc/arm-atollic-eabi/6.3.1/../../../../arm-atollic-eabi/lib/armv7e-m/fpu\libc_nano.a(lib_a-mprec.o)
                0x080098e8                __lshift
 .text.__mcmp   0x0800998a       0x34 c:/program files (x86)/atollic/truestudio for stm32 9.2.0/armtools/bin/../lib/gcc/arm-atollic-eabi/6.3.1/../../../../arm-atollic-eabi/lib/armv7e-m/fpu\libc_nano.a(lib_a-mprec.o)
                0x0800998a                __mcmp
 .text.__mdiff  0x080099be       0xbc c:/program files (x86)/atollic/truestudio for stm32 9.2.0/armtools/bin/../lib/gcc/arm-atollic-eabi/6.3.1/../../../../arm-atollic-eabi/lib/armv7e-m/fpu\libc_nano.a(lib_a-mprec.o)
                0x080099be                __mdiff
 .text.__d2b    0x08009a7a       0x9e c:/program files (x86)/atollic/truestudio for stm32 9.2.0/armtools/bin/../lib/gcc/arm-atollic-eabi/6.3.1/../../../../arm-atollic-eabi/lib/armv7e-m/fpu\libc_nano.a(lib_a-mprec.o)
                0x08009a7a                __d2b
 .text._calloc_r
                0x08009b18       0x1c c:/program files (x86)/atollic/truestudio for stm32 9.2.0/armtools/bin/../lib/gcc/arm-atollic-eabi/6.3.1/../../../../arm-atollic-eabi/lib/armv7e-m/fpu\libc_nano.a(lib_a-nano-callocr.o)
                0x08009b18                _calloc_r
 .text._free_r  0x08009b34       0x9c c:/program files (x86)/atollic/truestudio for stm32 9.2.0/armtools/bin/../lib/gcc/arm-atollic-eabi/6.3.1/../../../../arm-atollic-eabi/lib/armv7e-m/fpu\libc_nano.a(lib_a-nano-freer.o)
                0x08009b34                _free_r
 .text._malloc_r
                0x08009bd0       0xbc c:/program files (x86)/atollic/truestudio for stm32 9.2.0/armtools/bin/../lib/gcc/arm-atollic-eabi/6.3.1/../../../../arm-atollic-eabi/lib/armv7e-m/fpu\libc_nano.a(lib_a-nano-mallocr.o)
                0x08009bd0                _malloc_r
 .text.__ssputs_r
                0x08009c8c       0xb6 c:/program files (x86)/atollic/truestudio for stm32 9.2.0/armtools/bin/../lib/gcc/arm-atollic-eabi/6.3.1/../../../../arm-atollic-eabi/lib/armv7e-m/fpu\libc_nano.a(lib_a-nano-svfprintf.o)
                0x08009c8c                __ssputs_r
 *fill*         0x08009d42        0x2 
 .text._svfprintf_r
                0x08009d44      0x1e8 c:/program files (x86)/atollic/truestudio for stm32 9.2.0/armtools/bin/../lib/gcc/arm-atollic-eabi/6.3.1/../../../../arm-atollic-eabi/lib/armv7e-m/fpu\libc_nano.a(lib_a-nano-svfprintf.o)
                0x08009d44                _svfiprintf_r
                0x08009d44                _svfprintf_r
 .text.__sfputc_r
                0x08009f2c       0x30 c:/program files (x86)/atollic/truestudio for stm32 9.2.0/armtools/bin/../lib/gcc/arm-atollic-eabi/6.3.1/../../../../arm-atollic-eabi/lib/armv7e-m/fpu\libc_nano.a(lib_a-nano-vfprintf.o)
 .text.__sfputs_r
                0x08009f5c       0x24 c:/program files (x86)/atollic/truestudio for stm32 9.2.0/armtools/bin/../lib/gcc/arm-atollic-eabi/6.3.1/../../../../arm-atollic-eabi/lib/armv7e-m/fpu\libc_nano.a(lib_a-nano-vfprintf.o)
                0x08009f5c                __sfputs_r
 .text._vfprintf_r
                0x08009f80      0x22c c:/program files (x86)/atollic/truestudio for stm32 9.2.0/armtools/bin/../lib/gcc/arm-atollic-eabi/6.3.1/../../../../arm-atollic-eabi/lib/armv7e-m/fpu\libc_nano.a(lib_a-nano-vfprintf.o)
                0x08009f80                _vfprintf_r
                0x08009f80                _vfiprintf_r
 .text._sbrk_r  0x0800a1ac       0x20 c:/program files (x86)/atollic/truestudio for stm32 9.2.0/armtools/bin/../lib/gcc/arm-atollic-eabi/6.3.1/../../../../arm-atollic-eabi/lib/armv7e-m/fpu\libc_nano.a(lib_a-sbrkr.o)
                0x0800a1ac                _sbrk_r
 .text.__sread  0x0800a1cc       0x22 c:/program files (x86)/atollic/truestudio for stm32 9.2.0/armtools/bin/../lib/gcc/arm-atollic-eabi/6.3.1/../../../../arm-atollic-eabi/lib/armv7e-m/fpu\libc_nano.a(lib_a-stdio.o)
                0x0800a1cc                __sread
 .text.__swrite
                0x0800a1ee       0x38 c:/program files (x86)/atollic/truestudio for stm32 9.2.0/armtools/bin/../lib/gcc/arm-atollic-eabi/6.3.1/../../../../arm-atollic-eabi/lib/armv7e-m/fpu\libc_nano.a(lib_a-stdio.o)
                0x0800a1ee                __swrite
 .text.__sseek  0x0800a226       0x24 c:/program files (x86)/atollic/truestudio for stm32 9.2.0/armtools/bin/../lib/gcc/arm-atollic-eabi/6.3.1/../../../../arm-atollic-eabi/lib/armv7e-m/fpu\libc_nano.a(lib_a-stdio.o)
                0x0800a226                __sseek
 .text.__sclose
                0x0800a24a        0x8 c:/program files (x86)/atollic/truestudio for stm32 9.2.0/armtools/bin/../lib/gcc/arm-atollic-eabi/6.3.1/../../../../arm-atollic-eabi/lib/armv7e-m/fpu\libc_nano.a(lib_a-stdio.o)
                0x0800a24a                __sclose
 *fill*         0x0800a252        0x2 
 .text._write_r
                0x0800a254       0x24 c:/program files (x86)/atollic/truestudio for stm32 9.2.0/armtools/bin/../lib/gcc/arm-atollic-eabi/6.3.1/../../../../arm-atollic-eabi/lib/armv7e-m/fpu\libc_nano.a(lib_a-writer.o)
                0x0800a254                _write_r
 .text._close_r
                0x0800a278       0x20 c:/program files (x86)/atollic/truestudio for stm32 9.2.0/armtools/bin/../lib/gcc/arm-atollic-eabi/6.3.1/../../../../arm-atollic-eabi/lib/armv7e-m/fpu\libc_nano.a(lib_a-closer.o)
                0x0800a278                _close_r
 .text._fstat_r
                0x0800a298       0x24 c:/program files (x86)/atollic/truestudio for stm32 9.2.0/armtools/bin/../lib/gcc/arm-atollic-eabi/6.3.1/../../../../arm-atollic-eabi/lib/armv7e-m/fpu\libc_nano.a(lib_a-fstatr.o)
                0x0800a298                _fstat_r
 .text._isatty_r
                0x0800a2bc       0x20 c:/program files (x86)/atollic/truestudio for stm32 9.2.0/armtools/bin/../lib/gcc/arm-atollic-eabi/6.3.1/../../../../arm-atollic-eabi/lib/armv7e-m/fpu\libc_nano.a(lib_a-isattyr.o)
                0x0800a2bc                _isatty_r
 .text._lseek_r
                0x0800a2dc       0x24 c:/program files (x86)/atollic/truestudio for stm32 9.2.0/armtools/bin/../lib/gcc/arm-atollic-eabi/6.3.1/../../../../arm-atollic-eabi/lib/armv7e-m/fpu\libc_nano.a(lib_a-lseekr.o)
                0x0800a2dc                _lseek_r
 .text.__ascii_mbtowc
                0x0800a300       0x24 c:/program files (x86)/atollic/truestudio for stm32 9.2.0/armtools/bin/../lib/gcc/arm-atollic-eabi/6.3.1/../../../../arm-atollic-eabi/lib/armv7e-m/fpu\libc_nano.a(lib_a-mbtowc_r.o)
                0x0800a300                __ascii_mbtowc
 .text.memmove  0x0800a324       0x34 c:/program files (x86)/atollic/truestudio for stm32 9.2.0/armtools/bin/../lib/gcc/arm-atollic-eabi/6.3.1/../../../../arm-atollic-eabi/lib/armv7e-m/fpu\libc_nano.a(lib_a-memmove.o)
                0x0800a324                memmove
 .text.__malloc_lock
                0x0800a358        0x2 c:/program files (x86)/atollic/truestudio for stm32 9.2.0/armtools/bin/../lib/gcc/arm-atollic-eabi/6.3.1/../../../../arm-atollic-eabi/lib/armv7e-m/fpu\libc_nano.a(lib_a-mlock.o)
                0x0800a358                __malloc_lock
 .text.__malloc_unlock
                0x0800a35a        0x2 c:/program files (x86)/atollic/truestudio for stm32 9.2.0/armtools/bin/../lib/gcc/arm-atollic-eabi/6.3.1/../../../../arm-atollic-eabi/lib/armv7e-m/fpu\libc_nano.a(lib_a-mlock.o)
                0x0800a35a                __malloc_unlock
 .text._realloc_r
                0x0800a35c       0x4c c:/program files (x86)/atollic/truestudio for stm32 9.2.0/armtools/bin/../lib/gcc/arm-atollic-eabi/6.3.1/../../../../arm-atollic-eabi/lib/armv7e-m/fpu\libc_nano.a(lib_a-nano-reallocr.o)
                0x0800a35c                _realloc_r
 .text._read_r  0x0800a3a8       0x24 c:/program files (x86)/atollic/truestudio for stm32 9.2.0/armtools/bin/../lib/gcc/arm-atollic-eabi/6.3.1/../../../../arm-atollic-eabi/lib/armv7e-m/fpu\libc_nano.a(lib_a-readr.o)
                0x0800a3a8                _read_r
 .text.__ascii_wctomb
                0x0800a3cc       0x1a c:/program files (x86)/atollic/truestudio for stm32 9.2.0/armtools/bin/../lib/gcc/arm-atollic-eabi/6.3.1/../../../../arm-atollic-eabi/lib/armv7e-m/fpu\libc_nano.a(lib_a-wctomb_r.o)
                0x0800a3cc                __ascii_wctomb
 .text._malloc_usable_size_r
                0x0800a3e6       0x12 c:/program files (x86)/atollic/truestudio for stm32 9.2.0/armtools/bin/../lib/gcc/arm-atollic-eabi/6.3.1/../../../../arm-atollic-eabi/lib/armv7e-m/fpu\libc_nano.a(lib_a-nano-msizer.o)
                0x0800a3e6                _malloc_usable_size_r
 .text._close   0x0800a3f8       0x10 c:/program files (x86)/atollic/truestudio for stm32 9.2.0/armtools/bin/../lib/gcc/arm-atollic-eabi/6.3.1/../../../../arm-atollic-eabi/lib/armv7e-m/fpu\libnosys.a(close.o)
                0x0800a3f8                _close
 .text._fstat   0x0800a408       0x10 c:/program files (x86)/atollic/truestudio for stm32 9.2.0/armtools/bin/../lib/gcc/arm-atollic-eabi/6.3.1/../../../../arm-atollic-eabi/lib/armv7e-m/fpu\libnosys.a(fstat.o)
                0x0800a408                _fstat
 .text._isatty  0x0800a418       0x10 c:/program files (x86)/atollic/truestudio for stm32 9.2.0/armtools/bin/../lib/gcc/arm-atollic-eabi/6.3.1/../../../../arm-atollic-eabi/lib/armv7e-m/fpu\libnosys.a(isatty.o)
                0x0800a418                _isatty
 .text._lseek   0x0800a428       0x10 c:/program files (x86)/atollic/truestudio for stm32 9.2.0/armtools/bin/../lib/gcc/arm-atollic-eabi/6.3.1/../../../../arm-atollic-eabi/lib/armv7e-m/fpu\libnosys.a(lseek.o)
                0x0800a428                _lseek
 .text._read    0x0800a438       0x10 c:/program files (x86)/atollic/truestudio for stm32 9.2.0/armtools/bin/../lib/gcc/arm-atollic-eabi/6.3.1/../../../../arm-atollic-eabi/lib/armv7e-m/fpu\libnosys.a(read.o)
                0x0800a438                _read
 .text._sbrk    0x0800a448       0x1c c:/program files (x86)/atollic/truestudio for stm32 9.2.0/armtools/bin/../lib/gcc/arm-atollic-eabi/6.3.1/../../../../arm-atollic-eabi/lib/armv7e-m/fpu\libnosys.a(sbrk.o)
                0x0800a448                _sbrk
 .text._write   0x0800a464       0x10 c:/program files (x86)/atollic/truestudio for stm32 9.2.0/armtools/bin/../lib/gcc/arm-atollic-eabi/6.3.1/../../../../arm-atollic-eabi/lib/armv7e-m/fpu\libnosys.a(write.o)
                0x0800a464                _write
 *(.glue_7)
 .glue_7        0x0800a474        0x0 linker stubs
 *(.glue_7t)
 .glue_7t       0x0800a474        0x0 linker stubs
 *(.eh_frame)
 .eh_frame      0x0800a474        0x0 c:/program files (x86)/atollic/truestudio for stm32 9.2.0/armtools/bin/../lib/gcc/arm-atollic-eabi/6.3.1/armv7e-m/fpu/crtbegin.o
 *(.init)
 .init          0x0800a474        0x4 c:/program files (x86)/atollic/truestudio for stm32 9.2.0/armtools/bin/../lib/gcc/arm-atollic-eabi/6.3.1/armv7e-m/fpu/crti.o
                0x0800a474                _init
 .init          0x0800a478        0x8 c:/program files (x86)/atollic/truestudio for stm32 9.2.0/armtools/bin/../lib/gcc/arm-atollic-eabi/6.3.1/armv7e-m/fpu/crtn.o
 *(.fini)
 .fini          0x0800a480        0x4 c:/program files (x86)/atollic/truestudio for stm32 9.2.0/armtools/bin/../lib/gcc/arm-atollic-eabi/6.3.1/armv7e-m/fpu/crti.o
                0x0800a480                _fini
 .fini          0x0800a484        0x8 c:/program files (x86)/atollic/truestudio for stm32 9.2.0/armtools/bin/../lib/gcc/arm-atollic-eabi/6.3.1/armv7e-m/fpu/crtn.o
                0x0800a48c                . = ALIGN (0x4)
                0x0800a48c                _etext = .

.vfp11_veneer   0x0800a48c        0x0
 .vfp11_veneer  0x0800a48c        0x0 linker stubs

.v4_bx          0x0800a48c        0x0
 .v4_bx         0x0800a48c        0x0 linker stubs

.iplt           0x0800a48c        0x0
 .iplt          0x0800a48c        0x0 c:/program files (x86)/atollic/truestudio for stm32 9.2.0/armtools/bin/../lib/gcc/arm-atollic-eabi/6.3.1/armv7e-m/fpu/crtbegin.o

.rodata         0x0800a490      0x598
                0x0800a490                . = ALIGN (0x4)
 *(.rodata)
 *(.rodata*)
 .rodata.main.str1.1
                0x0800a490       0x22 Core\Src\main.o
                                 0x25 (size before relaxing)
 .rodata.AHBPrescTable
                0x0800a4b2       0x10 Core\Src\system_stm32l4xx.o
                0x0800a4b2                AHBPrescTable
 .rodata.APBPrescTable
                0x0800a4c2        0x8 Core\Src\system_stm32l4xx.o
                0x0800a4c2                APBPrescTable
 *fill*         0x0800a4ca        0x2 
 .rodata.MSIRangeTable
                0x0800a4cc       0x30 Core\Src\system_stm32l4xx.o
                0x0800a4cc                MSIRangeTable
 .rodata.VL53L0X_PROXIMITY_Init.str1.1
                0x0800a4fc       0x8d Drivers\BSP\B-L475E-IOT01\stm32l475e_iot01_proximity.o
 *fill*         0x0800a589        0x3 
 .rodata.CSWTCH.13
                0x0800a58c       0x34 Drivers\BSP\Components\lsm6dsl\lsm6dsl.o
 .rodata.CSWTCH.15
                0x0800a5c0       0x34 Drivers\BSP\Components\lsm6dsl\lsm6dsl.o
 .rodata.VL53L0X_check_part_used.str1.1
                0x0800a5f4       0x8d Drivers\BSP\Components\vl53l0x\vl53l0x_api_strings.o
                                  0x1 (size before relaxing)
 .rodata.VL53L0X_get_device_info.str1.1
                0x0800a5f4       0x41 Drivers\BSP\Components\vl53l0x\vl53l0x_api_strings.o
 .rodata.SetupSingleShot.str1.1
                0x0800a635      0x122 Drivers\BSP\Components\vl53l0x\vl53l0x_tof.o
 .rodata.CSWTCH.51
                0x0800a757        0x4 Drivers\STM32L4xx_HAL_Driver\Src\stm32l4xx_hal_uart.o
 .rodata.CSWTCH.52
                0x0800a75b        0xd Drivers\STM32L4xx_HAL_Driver\Src\stm32l4xx_hal_uart.o
 .rodata._global_impure_ptr
                0x0800a768        0x4 c:/program files (x86)/atollic/truestudio for stm32 9.2.0/armtools/bin/../lib/gcc/arm-atollic-eabi/6.3.1/../../../../arm-atollic-eabi/lib/armv7e-m/fpu\libc_nano.a(lib_a-impure.o)
                0x0800a768                _global_impure_ptr
 .rodata._printf_float.str1.1
                0x0800a76c       0x10 c:/program files (x86)/atollic/truestudio for stm32 9.2.0/armtools/bin/../lib/gcc/arm-atollic-eabi/6.3.1/../../../../arm-atollic-eabi/lib/armv7e-m/fpu\libc_nano.a(lib_a-nano-vfprintf_float.o)
                                 0x12 (size before relaxing)
 .rodata._printf_i.str1.1
                0x0800a77c       0x22 c:/program files (x86)/atollic/truestudio for stm32 9.2.0/armtools/bin/../lib/gcc/arm-atollic-eabi/6.3.1/../../../../arm-atollic-eabi/lib/armv7e-m/fpu\libc_nano.a(lib_a-nano-vfprintf_i.o)
 .rodata._dtoa_r.str1.1
                0x0800a79e        0xd c:/program files (x86)/atollic/truestudio for stm32 9.2.0/armtools/bin/../lib/gcc/arm-atollic-eabi/6.3.1/../../../../arm-atollic-eabi/lib/armv7e-m/fpu\libc_nano.a(lib_a-dtoa.o)
                                  0xf (size before relaxing)
 *fill*         0x0800a7ab        0x1 
 .rodata.__sf_fake_stderr
                0x0800a7ac       0x20 c:/program files (x86)/atollic/truestudio for stm32 9.2.0/armtools/bin/../lib/gcc/arm-atollic-eabi/6.3.1/../../../../arm-atollic-eabi/lib/armv7e-m/fpu\libc_nano.a(lib_a-findfp.o)
                0x0800a7ac                __sf_fake_stderr
 .rodata.__sf_fake_stdin
                0x0800a7cc       0x20 c:/program files (x86)/atollic/truestudio for stm32 9.2.0/armtools/bin/../lib/gcc/arm-atollic-eabi/6.3.1/../../../../arm-atollic-eabi/lib/armv7e-m/fpu\libc_nano.a(lib_a-findfp.o)
                0x0800a7cc                __sf_fake_stdin
 .rodata.__sf_fake_stdout
                0x0800a7ec       0x20 c:/program files (x86)/atollic/truestudio for stm32 9.2.0/armtools/bin/../lib/gcc/arm-atollic-eabi/6.3.1/../../../../arm-atollic-eabi/lib/armv7e-m/fpu\libc_nano.a(lib_a-findfp.o)
                0x0800a7ec                __sf_fake_stdout
 *fill*         0x0800a80c        0x4 
 .rodata.__mprec_bigtens
                0x0800a810       0x28 c:/program files (x86)/atollic/truestudio for stm32 9.2.0/armtools/bin/../lib/gcc/arm-atollic-eabi/6.3.1/../../../../arm-atollic-eabi/lib/armv7e-m/fpu\libc_nano.a(lib_a-mprec.o)
                0x0800a810                __mprec_bigtens
 .rodata.__mprec_tens
                0x0800a838       0xc8 c:/program files (x86)/atollic/truestudio for stm32 9.2.0/armtools/bin/../lib/gcc/arm-atollic-eabi/6.3.1/../../../../arm-atollic-eabi/lib/armv7e-m/fpu\libc_nano.a(lib_a-mprec.o)
                0x0800a838                __mprec_tens
 .rodata.p05.7175
                0x0800a900        0xc c:/program files (x86)/atollic/truestudio for stm32 9.2.0/armtools/bin/../lib/gcc/arm-atollic-eabi/6.3.1/../../../../arm-atollic-eabi/lib/armv7e-m/fpu\libc_nano.a(lib_a-mprec.o)
 .rodata._svfprintf_r.str1.1
                0x0800a90c       0x11 c:/program files (x86)/atollic/truestudio for stm32 9.2.0/armtools/bin/../lib/gcc/arm-atollic-eabi/6.3.1/../../../../arm-atollic-eabi/lib/armv7e-m/fpu\libc_nano.a(lib_a-nano-svfprintf.o)
 .rodata._vfprintf_r.str1.1
                0x0800a91d       0x11 c:/program files (x86)/atollic/truestudio for stm32 9.2.0/armtools/bin/../lib/gcc/arm-atollic-eabi/6.3.1/../../../../arm-atollic-eabi/lib/armv7e-m/fpu\libc_nano.a(lib_a-nano-vfprintf.o)
 .rodata._setlocale_r.str1.1
                0x0800a91d        0x8 c:/program files (x86)/atollic/truestudio for stm32 9.2.0/armtools/bin/../lib/gcc/arm-atollic-eabi/6.3.1/../../../../arm-atollic-eabi/lib/armv7e-m/fpu\libc_nano.a(lib_a-locale.o)
                                  0x9 (size before relaxing)
 .rodata.str1.1
                0x0800a925        0x2 c:/program files (x86)/atollic/truestudio for stm32 9.2.0/armtools/bin/../lib/gcc/arm-atollic-eabi/6.3.1/../../../../arm-atollic-eabi/lib/armv7e-m/fpu\libc_nano.a(lib_a-locale.o)
 .rodata._ctype_
                0x0800a925      0x101 c:/program files (x86)/atollic/truestudio for stm32 9.2.0/armtools/bin/../lib/gcc/arm-atollic-eabi/6.3.1/../../../../arm-atollic-eabi/lib/armv7e-m/fpu\libc_nano.a(lib_a-ctype_.o)
                0x0800a925                _ctype_
                0x0800aa28                . = ALIGN (0x4)
 *fill*         0x0800aa26        0x2 

.ARM.extab
 *(.ARM.extab* .gnu.linkonce.armextab.*)

.ARM            0x0800aa28        0x8
                0x0800aa28                __exidx_start = .
 *(.ARM.exidx*)
 .ARM.exidx     0x0800aa28        0x8 c:/program files (x86)/atollic/truestudio for stm32 9.2.0/armtools/bin/../lib/gcc/arm-atollic-eabi/6.3.1/armv7e-m/fpu\libgcc.a(_udivmoddi4.o)
                0x0800aa30                __exidx_end = .

.rel.dyn        0x0800aa30        0x0
 .rel.iplt      0x0800aa30        0x0 c:/program files (x86)/atollic/truestudio for stm32 9.2.0/armtools/bin/../lib/gcc/arm-atollic-eabi/6.3.1/armv7e-m/fpu/crtbegin.o

.preinit_array  0x0800aa30        0x0
                0x0800aa30                PROVIDE (__preinit_array_start, .)
 *(.preinit_array*)
                0x0800aa30                PROVIDE (__preinit_array_end, .)

.init_array     0x0800aa30        0x4
                0x0800aa30                PROVIDE (__init_array_start, .)
 *(SORT(.init_array.*))
 *(.init_array*)
 .init_array    0x0800aa30        0x4 c:/program files (x86)/atollic/truestudio for stm32 9.2.0/armtools/bin/../lib/gcc/arm-atollic-eabi/6.3.1/armv7e-m/fpu/crtbegin.o
                0x0800aa34                PROVIDE (__init_array_end, .)

.fini_array     0x0800aa34        0x4
                [!provide]                PROVIDE (__fini_array_start, .)
 *(SORT(.fini_array.*))
 *(.fini_array*)
 .fini_array    0x0800aa34        0x4 c:/program files (x86)/atollic/truestudio for stm32 9.2.0/armtools/bin/../lib/gcc/arm-atollic-eabi/6.3.1/armv7e-m/fpu/crtbegin.o
                [!provide]                PROVIDE (__fini_array_end, .)
                0x0800aa38                _sidata = LOADADDR (.data)

.data           0x20000000      0x6e4 load address 0x0800aa38
                0x20000000                . = ALIGN (0x4)
                0x20000000                _sdata = .
 *(.data)
 *(.data*)
 .data.Distance_Value
                0x20000000        0x4 Core\Src\main.o
                0x20000000                Distance_Value
 .data.SystemCoreClock
                0x20000004        0x4 Core\Src\system_stm32l4xx.o
                0x20000004                SystemCoreClock
 .data.GPIO_PORT
                0x20000008        0x4 Drivers\BSP\B-L475E-IOT01\stm32l475e_iot01.o
                0x20000008                GPIO_PORT
 .data.Dev      0x2000000c      0x188 Drivers\BSP\B-L475E-IOT01\stm32l475e_iot01_proximity.o
                0x2000000c                Dev
 .data.HTS221_H_Drv
                0x20000194        0xc Drivers\BSP\Components\hts221\hts221.o
                0x20000194                HTS221_H_Drv
 .data.HTS221_T_Drv
                0x200001a0       0x10 Drivers\BSP\Components\hts221\hts221.o
                0x200001a0                HTS221_T_Drv
 .data.Lis3mdlMagDrv
                0x200001b0       0x34 Drivers\BSP\Components\lis3mdl\lis3mdl.o
                0x200001b0                Lis3mdlMagDrv
 .data.LPS22HB_P_Drv
                0x200001e4        0xc Drivers\BSP\Components\lps22hb\lps22hb.o
                0x200001e4                LPS22HB_P_Drv
 .data.Lsm6dslAccDrv
                0x200001f0       0x34 Drivers\BSP\Components\lsm6dsl\lsm6dsl.o
                0x200001f0                Lsm6dslAccDrv
 .data.Lsm6dslGyroDrv
                0x20000224       0x34 Drivers\BSP\Components\lsm6dsl\lsm6dsl.o
                0x20000224                Lsm6dslGyroDrv
 .data.DefaultTuningSettings
                0x20000258       0xf3 Drivers\BSP\Components\vl53l0x\vl53l0x_api.o
                0x20000258                DefaultTuningSettings
 .data.InterruptThresholdSettings
                0x2000034b      0x1b6 Drivers\BSP\Components\vl53l0x\vl53l0x_api.o
                0x2000034b                InterruptThresholdSettings
 *fill*         0x20000501        0x3 
 .data.refArrayQuadrants
                0x20000504       0x10 Drivers\BSP\Components\vl53l0x\vl53l0x_api_calibration.o
                0x20000504                refArrayQuadrants
 .data._impure_ptr
                0x20000514        0x4 c:/program files (x86)/atollic/truestudio for stm32 9.2.0/armtools/bin/../lib/gcc/arm-atollic-eabi/6.3.1/../../../../arm-atollic-eabi/lib/armv7e-m/fpu\libc_nano.a(lib_a-impure.o)
                0x20000514                _impure_ptr
 .data.impure_data
                0x20000518       0x60 c:/program files (x86)/atollic/truestudio for stm32 9.2.0/armtools/bin/../lib/gcc/arm-atollic-eabi/6.3.1/../../../../arm-atollic-eabi/lib/armv7e-m/fpu\libc_nano.a(lib_a-impure.o)
 .data.__global_locale
                0x20000578      0x16c c:/program files (x86)/atollic/truestudio for stm32 9.2.0/armtools/bin/../lib/gcc/arm-atollic-eabi/6.3.1/../../../../arm-atollic-eabi/lib/armv7e-m/fpu\libc_nano.a(lib_a-locale.o)
                0x20000578                __global_locale
                0x200006e4                . = ALIGN (0x4)
                0x200006e4                _edata = .

.igot.plt       0x200006e4        0x0 load address 0x0800b11c
 .igot.plt      0x200006e4        0x0 c:/program files (x86)/atollic/truestudio for stm32 9.2.0/armtools/bin/../lib/gcc/arm-atollic-eabi/6.3.1/armv7e-m/fpu/crtbegin.o
                0x200006e4                . = ALIGN (0x4)

.bss            0x200006e4      0x8a8 load address 0x0800b11c
                0x200006e4                _sbss = .
                0x200006e4                __bss_start__ = _sbss
 *(.bss)
 .bss           0x200006e4       0x1c c:/program files (x86)/atollic/truestudio for stm32 9.2.0/armtools/bin/../lib/gcc/arm-atollic-eabi/6.3.1/armv7e-m/fpu/crtbegin.o
 *(.bss*)
 .bss.Door_State
                0x20000700        0x3 Core\Src\main.o
                0x20000700                Door_State
 .bss.isStateUsed
                0x20000703        0x1 Core\Src\main.o
                0x20000703                isStateUsed
 .bss.trigger_1sec
                0x20000704        0x1 Core\Src\main.o
                0x20000704                trigger_1sec
 *fill*         0x20000705        0x3 
 .bss.DFSDM1_Init
                0x20000708        0x4 Core\Src\stm32l4xx_hal_msp.o
 .bss.AccelerometerDrv
                0x2000070c        0x4 Drivers\BSP\B-L475E-IOT01\stm32l475e_iot01_accelero.o
 .bss.GyroscopeDrv
                0x20000710        0x4 Drivers\BSP\B-L475E-IOT01\stm32l475e_iot01_gyro.o
 .bss.Hsensor_drv
                0x20000714        0x4 Drivers\BSP\B-L475E-IOT01\stm32l475e_iot01_hsensor.o
 .bss.MagnetoDrv
                0x20000718        0x4 Drivers\BSP\B-L475E-IOT01\stm32l475e_iot01_magneto.o
 .bss.Psensor_drv
                0x2000071c        0x4 Drivers\BSP\B-L475E-IOT01\stm32l475e_iot01_psensor.o
 .bss.tsensor_drv
                0x20000720        0x4 Drivers\BSP\B-L475E-IOT01\stm32l475e_iot01_tsensor.o
 .bss.a_dfsdm1ChannelHandle
                0x20000724       0x20 Drivers\STM32L4xx_HAL_Driver\Src\stm32l4xx_hal_dfsdm.o
 .bss.v_dfsdm1ChannelCounter
                0x20000744        0x4 Drivers\STM32L4xx_HAL_Driver\Src\stm32l4xx_hal_dfsdm.o
 .bss.__malloc_free_list
                0x20000748        0x4 c:/program files (x86)/atollic/truestudio for stm32 9.2.0/armtools/bin/../lib/gcc/arm-atollic-eabi/6.3.1/../../../../arm-atollic-eabi/lib/armv7e-m/fpu\libc_nano.a(lib_a-nano-mallocr.o)
                0x20000748                __malloc_free_list
 .bss.__malloc_sbrk_start
                0x2000074c        0x4 c:/program files (x86)/atollic/truestudio for stm32 9.2.0/armtools/bin/../lib/gcc/arm-atollic-eabi/6.3.1/../../../../arm-atollic-eabi/lib/armv7e-m/fpu\libc_nano.a(lib_a-nano-mallocr.o)
                0x2000074c                __malloc_sbrk_start
 .bss.heap_end.5239
                0x20000750        0x4 c:/program files (x86)/atollic/truestudio for stm32 9.2.0/armtools/bin/../lib/gcc/arm-atollic-eabi/6.3.1/../../../../arm-atollic-eabi/lib/armv7e-m/fpu\libnosys.a(sbrk.o)
 *(COMMON)
 COMMON         0x20000754      0x728 Core\Src\main.o
                0x20000754                hdfsdm1_channel1
                0x2000078c                Humidity_Value
                0x20000790                huart3
                0x20000808                hpcd_USB_OTG_FS
                0x20000c10                hi2c2
                0x20000c5c                hspi3
                0x20000cc0                Temperature_Cayenne
                0x20000cc4                Temperature_Value
                0x20000cc8                huart1
                0x20000d40                Cayenne_Frame
                0x20000d4c                htim6
                0x20000d8c                huart4