stm32l4xx_it.c:89:6:NMI_Handler	0	static
stm32l4xx_it.c:101:6:HardFault_Handler	0	static
stm32l4xx_it.c:116:6:MemManage_Handler	0	static
stm32l4xx_it.c:131:6:BusFault_Handler	0	static
stm32l4xx_it.c:146:6:UsageFault_Handler	0	static
stm32l4xx_it.c:161:6:SVC_Handler	0	static
stm32l4xx_it.c:174:6:DebugMon_Handler	0	static
stm32l4xx_it.c:187:6:PendSV_Handler	0	static
stm32l4xx_it.c:200:6:SysTick_Handler	0	static
stm32l4xx_it.c:221:6:EXTI9_5_IRQHandler	8	static
stm32l4xx_it.c:238:6:USART1_IRQHandler	8	static
stm32l4xx_it.c:253:6:EXTI15_10_IRQHandler	8	static
stm32l4xx_it.c:271:6:TIM6_DAC_IRQHandler	0	static
