<html>
<body>
<pre>
<h1>µVision Build Log</h1>
<h2>Tool Versions:</h2>
IDE-Version: µVision V5.26.2.0
Copyright (C) 2018 ARM Ltd and ARM Germany GmbH. All rights reserved.
License Information: VINCENT VASON, KMITL, LIC=5QQGK-ZJ6JQ-VS2FC-KLFTA-MI3FH-T158F
 
Tool Versions:
Toolchain:       MDK-ARM Cortex-M0/M0+ 256K for ST  Version: 5.26.2.0
Toolchain Path:  C:\Keil_v5\ARM\ARMCC\Bin
C Compiler:      Armcc.exe V5.06 update 6 (build 750)
Assembler:       Armasm.exe V5.06 update 6 (build 750)
Linker/Locator:  ArmLink.exe V5.06 update 6 (build 750)
Library Manager: ArmAr.exe V5.06 update 6 (build 750)
Hex Converter:   FromElf.exe V5.06 update 6 (build 750)
CPU DLL:         SARMCM3.DLL V5.26.2.0
Dialog DLL:      DARMCM1.DLL V1.19.1.0
Target DLL:      STLink\ST-LINKIII-KEIL_SWO.dll V3.0.5.0
Dialog DLL:      TARMCM1.DLL V1.14.0.0
 
<h2>Project:</h2>
C:\Users\thevi\Documents\Keil\TopGun2.1\STM32CubeExpansion_LRWAN_V1.1.0_IKS01A2\Projects\Multi\Applications\LoRa\6Sensor\MDK-ARM\B-L072Z-LRWAN1\Lora.uvprojx
Project File Date:  01/06/2019

<h2>Output:</h2>
*** Using Compiler 'V5.06 update 6 (build 750)', folder: 'C:\Keil_v5\ARM\ARMCC\Bin'
Rebuild target 'mlm32l07x01'
compiling HTS221_Driver_HL.c...
compiling HTS221_Driver.c...
compiling LPS22HB_Driver.c...
compiling LPS22HB_Driver_HL.c...
compiling LPS25HB_Driver_HL.c...
compiling LPS25HB_Driver.c...
compiling LSM6DSL_ACC_GYRO_driver_HL.c...
compiling LSM303AGR_ACC_driver_HL.c...
compiling LSM303AGR_ACC_driver.c...
compiling LSM303AGR_MAG_driver_HL.c...
compiling LSM6DSL_ACC_GYRO_driver.c...
compiling LSM303AGR_MAG_driver.c...
compiling x_nucleo_iks01a2.c...
compiling x_nucleo_iks01a2_humidity.c...
compiling x_nucleo_iks01a2_pressure.c...
compiling x_nucleo_iks01a2_magneto.c...
compiling x_nucleo_iks01a2_temperature.c...
compiling x_nucleo_iks01a2_gyro.c...
compiling mlm32l07x01.c...
compiling x_nucleo_iks01a2_accelero.c...
compiling sx1276.c...
compiling b-l072z-lrwan1.c...
compiling system_stm32l0xx.c...
compiling stm32l0xx_hal_spi.c...
compiling stm32l0xx_hal_adc.c...
compiling stm32l0xx_hal_uart.c...
compiling stm32l0xx_hal_rcc.c...
compiling stm32l0xx_hal.c...
compiling stm32l0xx_hal_cortex.c...
compiling stm32l0xx_hal_rcc_ex.c...
compiling stm32l0xx_hal_gpio.c...
compiling stm32l0xx_hal_pwr.c...
compiling stm32l0xx_hal_dma.c...
compiling stm32l0xx_hal_pwr_ex.c...
compiling stm32l0xx_hal_rtc.c...
compiling stm32l0xx_hal_rtc_ex.c...
compiling stm32l0xx_hal_tim_ex.c...
compiling stm32l0xx_hal_adc_ex.c...
compiling stm32l0xx_hal_tim.c...
assembling startup_stm32l072xx.s...
compiling stm32l0xx_hal_uart_ex.c...
compiling bsp.c...
compiling stm32l0xx_hal_i2c.c...
compiling debug.c...
compiling hw_gpio.c...
compiling hw_rtc.c...
compiling hw_spi.c...
compiling vcom.c...
compiling main.c...
..\..\src\main.c(149): warning:  #177-D: function "Magneto_Compasdirection"  was declared but never referenced
  static int16_t Magneto_Compasdirection( int32_t magx,int32_t magy, int32_t magz );
..\..\src\main.c: 1 warning, 0 errors
compiling mlm32l0xx_hal_msp.c...
compiling Beacon.c...
Beacon.c(76): warning:  #1-D: last line of file ends without a newline
  */
Beacon.c: 1 warning, 0 errors
compiling mlm32l0xx_it.c...
compiling lora.c...
compiling mlm32l0xx_hw.c...
compiling LoRaMacCrypto.c...
compiling Region.c...
compiling LoRaMac.c...
compiling RegionAU915.c...
compiling RegionAS923.c...
compiling RegionCN470.c...
compiling RegionCommon.c...
compiling RegionCN779.c...
compiling RegionEU433.c...
compiling RegionEU868.c...
compiling RegionIN865.c...
compiling RegionKR920.c...
compiling delay.c...
compiling RegionUS915.c...
compiling RegionUS915-Hybrid.c...
compiling low_power.c...
compiling utilities.c...
compiling timeServer.c...
compiling aes.c...
compiling cmac.c...
linking...
Program Size: Code=62632 RO-data=1804 RW-data=1396 ZI-data=4468  
FromELF: creating hex file...
After Build - User command #1: C:\Keil_v5\\ARM\ARMCC\bin\fromelf.exe --bin --output=NUCLEO_CUBE_LORA.bin .\mlm32l07x01\NUCLEO_CUBE_LORA.axf
".\mlm32l07x01\NUCLEO_CUBE_LORA.axf" - 0 Error(s), 2 Warning(s).

<h2>Software Packages used:</h2>

Package Vendor: Keil
                http://www.keil.com/pack/Keil.STM32L0xx_DFP.2.0.0.pack
                Keil.STM32L0xx_DFP.2.0.0
                STMicroelectronics STM32L0 Series Device Support, Drivers and Examples

<h2>Collection of Component include folders:</h2>
  .\RTE\_mlm32l07x01
  C:\Keil_v5\ARM\PACK\Keil\STM32L0xx_DFP\2.0.0\Drivers\CMSIS\Device\ST\STM32L0xx\Include

<h2>Collection of Component Files used:</h2>
Build Time Elapsed:  00:01:05
</pre>
</body>
</html>
