stm32l4xx_nucleo_144.c:780:13:SPIx_Init	56	static
stm32l4xx_nucleo_144.c:837:13:SPIx_Write	32	static
stm32l4xx_nucleo_144.c:172:10:BSP_GetVersion	0	static
stm32l4xx_nucleo_144.c:190:6:BSP_LED_Init	56	static
stm32l4xx_nucleo_144.c:217:6:BSP_LED_DeInit	16	static
stm32l4xx_nucleo_144.c:237:6:BSP_LED_On	0	static
stm32l4xx_nucleo_144.c:251:6:BSP_LED_Off	0	static
stm32l4xx_nucleo_144.c:265:6:BSP_LED_Toggle	0	static
stm32l4xx_nucleo_144.c:289:6:BSP_PB_Init	32	static
stm32l4xx_nucleo_144.c:326:6:BSP_PB_DeInit	8	static
stm32l4xx_nucleo_144.c:341:10:BSP_PB_GetState	8	static
stm32l4xx_nucleo_144.c:911:6:SD_IO_CSState	0	static
stm32l4xx_nucleo_144.c:930:6:SD_IO_WriteReadData	16	static
stm32l4xx_nucleo_144.c:943:9:SD_IO_WriteByte	32	static
stm32l4xx_nucleo_144.c:875:6:SD_IO_Init	40	static
stm32l4xx_nucleo_144.c:956:6:LCD_IO_Init	48	static
stm32l4xx_nucleo_144.c:987:6:LCD_IO_WriteReg	16	static
stm32l4xx_nucleo_144.c:1008:6:LCD_IO_WriteData	16	static
stm32l4xx_nucleo_144.c:1029:6:LCD_IO_WriteMultipleData	24	static
stm32l4xx_nucleo_144.c:1085:6:LCD_Delay	0	static
