stm32l476g_eval.c:913:13:I2Cx_Init	200	static
stm32l476g_eval.c:299:10:BSP_GetVersion	0	static
stm32l476g_eval.c:314:6:BSP_LED_Init	56	static
stm32l476g_eval.c:362:6:BSP_LED_On	0	static
stm32l476g_eval.c:390:6:BSP_LED_Off	0	static
stm32l476g_eval.c:418:6:BSP_LED_Toggle	0	static
stm32l476g_eval.c:448:6:BSP_PB_Init	40	static
stm32l476g_eval.c:489:10:BSP_PB_GetState	8	static
stm32l476g_eval.c:581:6:BSP_COM_Init	48	static
stm32l476g_eval.c:1184:6:AUDIO_IO_Init	0	static
stm32l476g_eval.c:1193:6:AUDIO_IO_DeInit	8	static
stm32l476g_eval.c:1205:6:AUDIO_IO_Write	32	static
stm32l476g_eval.c:1221:10:AUDIO_IO_Read	32	static
stm32l476g_eval.c:1240:6:AUDIO_IO_Delay	0	static
stm32l476g_eval.c:1250:6:EEPROM_I2C_IO_Init	0	static
stm32l476g_eval.c:1263:19:EEPROM_I2C_IO_WriteData	24	static
stm32l476g_eval.c:1276:19:EEPROM_I2C_IO_ReadData	24	static
stm32l476g_eval.c:1288:19:EEPROM_I2C_IO_IsDeviceReady	0	static
