<html>
<body>
<pre>
<h1>µVision Build Log</h1>
<h2>Tool Versions:</h2>
IDE-Version: ?Vision V5.24.2.0
Copyright (C) 2017 ARM Ltd and ARM Germany GmbH. All rights reserved.
License Information: Khanittha maro2895, Kmitl, LIC=KIVDY-IW4V5-MQC0F-6RED8-3RT7U-ICX4U
 
Tool Versions:
Toolchain:       MDK-ARM Professional  Version: 5.24.1
Toolchain Path:  D:\ARM\ARMCC\Bin
C Compiler:      Armcc.exe V5.06 update 5 (build 528)
Assembler:       Armasm.exe V5.06 update 5 (build 528)
Linker/Locator:  ArmLink.exe V5.06 update 5 (build 528)
Library Manager: ArmAr.exe V5.06 update 5 (build 528)
Hex Converter:   FromElf.exe V5.06 update 5 (build 528)
CPU DLL:         SARMCM3.DLL V5.24.1
Dialog DLL:      DARMCM1.DLL V1.18.0.0
Target DLL:      STLink\ST-LINKIII-KEIL_SWO.dll V3.0.1.0
Dialog DLL:      TARMCM1.DLL V1.13.0.0
 
<h2>Project:</h2>
C:\Users\maro2895\Desktop\TopGun2\STM32CubeExpansion_LRWAN_V1.1.0_IKS01A2\Projects\Multi\Applications\LoRa\6Sensor\MDK-ARM\B-L072Z-LRWAN1\Lora.uvprojx
Project File Date:  12/28/2018

<h2>Output:</h2>
*** Using Compiler 'V5.06 update 5 (build 528)', folder: 'D:\ARM\ARMCC\Bin'
Build target 'mlm32l07x01'
compiling mlm32l0xx_hw.c...
compiling bsp.c...
compiling main.c...
..\..\src\main.c(149): warning:  #177-D: function "Magneto_Compasdirection"  was declared but never referenced
  static int16_t Magneto_Compasdirection( int32_t magx,int32_t magy, int32_t magz );
..\..\src\main.c: 1 warning, 0 errors
linking...
Program Size: Code=62608 RO-data=1804 RW-data=1396 ZI-data=4468  
FromELF: creating hex file...
After Build - User command #1: D:\\ARM\ARMCC\bin\fromelf.exe --bin --output=NUCLEO_CUBE_LORA.bin .\mlm32l07x01\NUCLEO_CUBE_LORA.axf
".\mlm32l07x01\NUCLEO_CUBE_LORA.axf" - 0 Error(s), 1 Warning(s).

<h2>Software Packages used:</h2>

Package Vendor: Keil
                http://www.keil.com/pack/Keil.STM32L0xx_DFP.2.0.0.pack
                Keil.STM32L0xx_DFP.2.0.0
                STMicroelectronics STM32L0 Series Device Support, Drivers and Examples

<h2>Collection of Component include folders:</h2>
  .\RTE\_mlm32l07x01
  D:\ARM\PACK\Keil\STM32L0xx_DFP\2.0.0\Drivers\CMSIS\Device\ST\STM32L0xx\Include

<h2>Collection of Component Files used:</h2>
Build Time Elapsed:  00:00:21
</pre>
</body>
</html>
