Component: ARM Compiler 5.06 update 5 (build 528) Tool: armlink [4d35e2]

==============================================================================

Section Cross References

    hts221_driver.o(i.HTS221_Activate) refers to hts221_driver.o(i.HTS221_ReadReg) for HTS221_ReadReg
    hts221_driver.o(i.HTS221_Activate) refers to hts221_driver.o(i.HTS221_WriteReg) for HTS221_WriteReg
    hts221_driver.o(i.HTS221_DeActivate) refers to hts221_driver.o(i.HTS221_ReadReg) for HTS221_ReadReg
    hts221_driver.o(i.HTS221_DeActivate) refers to hts221_driver.o(i.HTS221_WriteReg) for HTS221_WriteReg
    hts221_driver.o(i.HTS221_DeInit) refers to hts221_driver.o(i.HTS221_ReadReg) for HTS221_ReadReg
    hts221_driver.o(i.HTS221_DeInit) refers to hts221_driver.o(i.HTS221_WriteReg) for HTS221_WriteReg
    hts221_driver.o(i.HTS221_Get_AvgHT) refers to hts221_driver.o(i.HTS221_ReadReg) for HTS221_ReadReg
    hts221_driver.o(i.HTS221_Get_BduMode) refers to hts221_driver.o(i.HTS221_ReadReg) for HTS221_ReadReg
    hts221_driver.o(i.HTS221_Get_DataStatus) refers to hts221_driver.o(i.HTS221_ReadReg) for HTS221_ReadReg
    hts221_driver.o(i.HTS221_Get_DeviceID) refers to hts221_driver.o(i.HTS221_ReadReg) for HTS221_ReadReg
    hts221_driver.o(i.HTS221_Get_HeaterState) refers to hts221_driver.o(i.HTS221_ReadReg) for HTS221_ReadReg
    hts221_driver.o(i.HTS221_Get_Humidity) refers to hts221_driver.o(i.HTS221_ReadReg) for HTS221_ReadReg
    hts221_driver.o(i.HTS221_Get_Humidity) refers to fflti.o(.text) for __aeabi_i2f
    hts221_driver.o(i.HTS221_Get_Humidity) refers to fmul.o(.text) for __aeabi_fmul
    hts221_driver.o(i.HTS221_Get_Humidity) refers to fdiv.o(.text) for __aeabi_fdiv
    hts221_driver.o(i.HTS221_Get_Humidity) refers to fadd.o(.text) for __aeabi_fadd
    hts221_driver.o(i.HTS221_Get_Humidity) refers to ffixui.o(.text) for __aeabi_f2uiz
    hts221_driver.o(i.HTS221_Get_HumidityRaw) refers to hts221_driver.o(i.HTS221_ReadReg) for HTS221_ReadReg
    hts221_driver.o(i.HTS221_Get_InitConfig) refers to hts221_driver.o(i.HTS221_ReadReg) for HTS221_ReadReg
    hts221_driver.o(i.HTS221_Get_IrqActiveLevel) refers to hts221_driver.o(i.HTS221_ReadReg) for HTS221_ReadReg
    hts221_driver.o(i.HTS221_Get_IrqEnable) refers to hts221_driver.o(i.HTS221_ReadReg) for HTS221_ReadReg
    hts221_driver.o(i.HTS221_Get_IrqOutputType) refers to hts221_driver.o(i.HTS221_ReadReg) for HTS221_ReadReg
    hts221_driver.o(i.HTS221_Get_Measurement) refers to hts221_driver.o(i.HTS221_Get_Temperature) for HTS221_Get_Temperature
    hts221_driver.o(i.HTS221_Get_Measurement) refers to hts221_driver.o(i.HTS221_Get_Humidity) for HTS221_Get_Humidity
    hts221_driver.o(i.HTS221_Get_Odr) refers to hts221_driver.o(i.HTS221_ReadReg) for HTS221_ReadReg
    hts221_driver.o(i.HTS221_Get_PowerDownMode) refers to hts221_driver.o(i.HTS221_ReadReg) for HTS221_ReadReg
    hts221_driver.o(i.HTS221_Get_RawMeasurement) refers to hts221_driver.o(i.HTS221_ReadReg) for HTS221_ReadReg
    hts221_driver.o(i.HTS221_Get_Temperature) refers to hts221_driver.o(i.HTS221_ReadReg) for HTS221_ReadReg
    hts221_driver.o(i.HTS221_Get_Temperature) refers to fflti.o(.text) for __aeabi_i2f
    hts221_driver.o(i.HTS221_Get_Temperature) refers to fmul.o(.text) for __aeabi_fmul
    hts221_driver.o(i.HTS221_Get_Temperature) refers to fdiv.o(.text) for __aeabi_fdiv
    hts221_driver.o(i.HTS221_Get_Temperature) refers to fadd.o(.text) for __aeabi_fadd
    hts221_driver.o(i.HTS221_Get_Temperature) refers to ffixi.o(.text) for __aeabi_f2iz
    hts221_driver.o(i.HTS221_Get_TemperatureRaw) refers to hts221_driver.o(i.HTS221_ReadReg) for HTS221_ReadReg
    hts221_driver.o(i.HTS221_IsMeasurementCompleted) refers to hts221_driver.o(i.HTS221_ReadReg) for HTS221_ReadReg
    hts221_driver.o(i.HTS221_MemoryBoot) refers to hts221_driver.o(i.HTS221_ReadReg) for HTS221_ReadReg
    hts221_driver.o(i.HTS221_MemoryBoot) refers to hts221_driver.o(i.HTS221_WriteReg) for HTS221_WriteReg
    hts221_driver.o(i.HTS221_ReadReg) refers to x_nucleo_iks01a2.o(i.Sensor_IO_Read) for Sensor_IO_Read
    hts221_driver.o(i.HTS221_Set_AvgH) refers to hts221_driver.o(i.HTS221_assert_failed) for HTS221_assert_failed
    hts221_driver.o(i.HTS221_Set_AvgH) refers to hts221_driver.o(i.HTS221_ReadReg) for HTS221_ReadReg
    hts221_driver.o(i.HTS221_Set_AvgH) refers to hts221_driver.o(i.HTS221_WriteReg) for HTS221_WriteReg
    hts221_driver.o(i.HTS221_Set_AvgH) refers to hts221_driver.o(.conststring) for .conststring
    hts221_driver.o(i.HTS221_Set_AvgHT) refers to hts221_driver.o(i.HTS221_assert_failed) for HTS221_assert_failed
    hts221_driver.o(i.HTS221_Set_AvgHT) refers to hts221_driver.o(i.HTS221_ReadReg) for HTS221_ReadReg
    hts221_driver.o(i.HTS221_Set_AvgHT) refers to hts221_driver.o(i.HTS221_WriteReg) for HTS221_WriteReg
    hts221_driver.o(i.HTS221_Set_AvgHT) refers to hts221_driver.o(.conststring) for .conststring
[...]
    0x0800394c   0x0800394c   0x00000030   Code   RO            1    i.HTS221_Activate   hts221_driver.o
    0x0800397c   0x0800397c   0x00000026   Code   RO          246    i.HTS221_Check_WhoAmI  hts221_driver_hl.o
    0x080039a2   0x080039a2   0x00000032   Code   RO            2    i.HTS221_DeActivate  hts221_driver.o
    0x080039d4   0x080039d4   0x00000030   Code   RO            6    i.HTS221_Get_DataStatus  hts221_driver.o
    0x08003a04   0x08003a04   0x00000014   Code   RO            7    i.HTS221_Get_DeviceID  hts221_driver.o
    0x08003a18   0x08003a18   0x000000d0   Code   RO           10    i.HTS221_Get_Humidity  hts221_driver.o
    0x08003ae8   0x08003ae8   0x00000048   Code   RO          247    i.HTS221_Get_ODR    hts221_driver_hl.o
    0x08003b30   0x08003b30   0x00000026   Code   RO           17    i.HTS221_Get_Odr    hts221_driver.o
    0x08003b56   0x08003b56   0x00000002   PAD
    0x08003b58   0x08003b58   0x000000c0   Code   RO           20    i.HTS221_Get_Temperature  hts221_driver.o
    0x08003c18   0x08003c18   0x0000000e   Code   RO          248    i.HTS221_Get_WhoAmI  hts221_driver_hl.o
    0x08003c26   0x08003c26   0x00000008   Code   RO          249    i.HTS221_H_Check_WhoAmI  hts221_driver_hl.o
    0x08003c2e   0x08003c2e   0x00000028   Code   RO          250    i.HTS221_H_DeInit   hts221_driver_hl.o
    0x08003c56   0x08003c56   0x00000026   Code   RO          251    i.HTS221_H_Get_DRDY_Status  hts221_driver_hl.o
    0x08003c7c   0x08003c7c   0x0000002c   Code   RO          252    i.HTS221_H_Get_Hum  hts221_driver_hl.o
    0x08003ca8   0x08003ca8   0x00000008   Code   RO          253    i.HTS221_H_Get_ODR  hts221_driver_hl.o
    0x08003cb0   0x08003cb0   0x00000008   Code   RO          254    i.HTS221_H_Get_WhoAmI  hts221_driver_hl.o
    0x08003cb8   0x08003cb8   0x0000002a   Code   RO          255    i.HTS221_H_Init     hts221_driver_hl.o
    0x08003ce2   0x08003ce2   0x0000000e   Code   RO          256    i.HTS221_H_Read_Reg  hts221_driver_hl.o
    0x08003cf0   0x08003cf0   0x0000002e   Code   RO          257    i.HTS221_H_Sensor_Disable  hts221_driver_hl.o
    0x08003d1e   0x08003d1e   0x00000034   Code   RO          258    i.HTS221_H_Sensor_Enable  hts221_driver_hl.o
    0x08003d52   0x08003d52   0x00000008   Code   RO          259    i.HTS221_H_Set_ODR  hts221_driver_hl.o
    0x08003d5a   0x08003d5a   0x00000008   Code   RO          260    i.HTS221_H_Set_ODR_Value  hts221_driver_hl.o
    0x08003d62   0x08003d62   0x0000000e   Code   RO          261    i.HTS221_H_Write_Reg  hts221_driver_hl.o
    0x08003d70   0x08003d70   0x00000032   Code   RO          262    i.HTS221_Init       hts221_driver_hl.o
    0x08003da2   0x08003da2   0x0000001c   Code   RO           24    i.HTS221_ReadReg    hts221_driver.o
    0x08003dbe   0x08003dbe   0x00000012   Code   RO          263    i.HTS221_Read_Reg   hts221_driver_hl.o
    0x08003dd0   0x08003dd0   0x0000000e   Code   RO          264    i.HTS221_Sensor_Disable  hts221_driver_hl.o
    0x08003dde   0x08003dde   0x0000000e   Code   RO          265    i.HTS221_Sensor_Enable  hts221_driver_hl.o
    0x08003dec   0x08003dec   0x00000050   Code   RO           28    i.HTS221_Set_BduMode  hts221_driver.o
    0x08003e3c   0x08003e3c   0x00000026   Code   RO          266    i.HTS221_Set_ODR    hts221_driver_hl.o
    0x08003e62   0x08003e62   0x00000002   PAD
    0x08003e64   0x08003e64   0x0000002c   Code   RO          267    i.HTS221_Set_ODR_Value  hts221_driver_hl.o
    0x08003e90   0x08003e90   0x00000054   Code   RO           34    i.HTS221_Set_Odr    hts221_driver.o
    0x08003ee4   0x08003ee4   0x00000008   Code   RO          268    i.HTS221_T_Check_WhoAmI  hts221_driver_hl.o
    0x08003eec   0x08003eec   0x00000028   Code   RO          269    i.HTS221_T_DeInit   hts221_driver_hl.o
    0x08003f14   0x08003f14   0x00000026   Code   RO          270    i.HTS221_T_Get_DRDY_Status  hts221_driver_hl.o
    0x08003f3a   0x08003f3a   0x00000008   Code   RO          271    i.HTS221_T_Get_ODR  hts221_driver_hl.o
    0x08003f42   0x08003f42   0x00000002   PAD
    0x08003f44   0x08003f44   0x0000002c   Code   RO          272    i.HTS221_T_Get_Temp  hts221_driver_hl.o
    0x08003f70   0x08003f70   0x00000008   Code   RO          273    i.HTS221_T_Get_WhoAmI  hts221_driver_hl.o
    0x08003f78   0x08003f78   0x0000002a   Code   RO          274    i.HTS221_T_Init     hts221_driver_hl.o
    0x08003fa2   0x08003fa2   0x0000000e   Code   RO          275    i.HTS221_T_Read_Reg  hts221_driver_hl.o
    0x08003fb0   0x08003fb0   0x0000002e   Code   RO          276    i.HTS221_T_Sensor_Disable  hts221_driver_hl.o
    0x08003fde   0x08003fde   0x00000034   Code   RO          277    i.HTS221_T_Sensor_Enable  hts221_driver_hl.o
    0x08004012   0x08004012   0x00000008   Code   RO          278    i.HTS221_T_Set_ODR  hts221_driver_hl.o
    0x0800401a   0x0800401a   0x00000008   Code   RO          279    i.HTS221_T_Set_ODR_Value  hts221_driver_hl.o
    0x08004022   0x08004022   0x0000000e   Code   RO          280    i.HTS221_T_Write_Reg  hts221_driver_hl.o
    0x08004030   0x08004030   0x0000001c   Code   RO           37    i.HTS221_WriteReg   hts221_driver.o
    0x0800404c   0x0800404c   0x00000012   Code   RO          281    i.HTS221_Write_Reg  hts221_driver_hl.o
    0x0800405e   0x0800405e   0x00000002   PAD
    0x08004060   0x08004060   0x0000003c   Code   RO           38    i.HTS221_assert_failed  hts221_driver.o
    0x0800409c   0x0800409c   0x0000005c   Code   RO        11814    i.HW_AdcInit        mlm32l0xx_hw.o
    0x080040f8   0x080040f8   0x00000094   Code   RO        11815    i.HW_AdcReadChannel  mlm32l0xx_hw.o
    0x0800418c   0x0800418c   0x00000038   Code   RO        11382    i.HW_GPIO_GetBitPos  hw_gpio.o
    0x080041c4   0x080041c4   0x00000054   Code   RO        11383    i.HW_GPIO_Init      hw_gpio.o
    0x08004218   0x08004218   0x00000018   Code   RO        11384    i.HW_GPIO_IrqHandler  hw_gpio.o
    0x08004230   0x08004230   0x00000034   Code   RO        11386    i.HW_GPIO_SetIrq    hw_gpio.o
    0x08004264   0x08004264   0x0000000a   Code   RO        11387    i.HW_GPIO_Write     hw_gpio.o
    0x0800426e   0x0800426e   0x00000002   PAD
    0x08004270   0x08004270   0x00000050   Code   RO        11820    i.HW_GetBatteryLevel  mlm32l0xx_hw.o
    0x080042c0   0x080042c0   0x00000014   Code   RO        11821    i.HW_GetRandomSeed  mlm32l0xx_hw.o
    0x080042d4   0x080042d4   0x00000044   Code   RO        11823    i.HW_GetUniqueId    mlm32l0xx_hw.o
    0x08004318   0x08004318   0x000000b0   Code   RO        11824    i.HW_GpioInit       mlm32l0xx_hw.o
    0x080043c8   0x080043c8   0x00000054   Code   RO        11825    i.HW_Init           mlm32l0xx_hw.o
    0x0800441c   0x0800441c   0x00000026   Code   RO        11433    i.HW_RTC_DelayMs    hw_rtc.o
    0x08004442   0x08004442   0x00000002   PAD
    0x08004444   0x08004444   0x000000a4   Code   RO        11434    i.HW_RTC_GetCalendarValue  hw_rtc.o
    0x080044e8   0x080044e8   0x00000004   Code   RO        11435    i.HW_RTC_GetMinimumTimeout  hw_rtc.o
    0x080044ec   0x080044ec   0x0000000c   Code   RO        11436    i.HW_RTC_GetTimerContext  hw_rtc.o
    0x080044f8   0x080044f8   0x0000001c   Code   RO        11437    i.HW_RTC_GetTimerElapsedTime  hw_rtc.o
    0x08004514   0x08004514   0x00000010   Code   RO        11438    i.HW_RTC_GetTimerValue  hw_rtc.o
    0x08004524   0x08004524   0x0000002c   Code   RO        11439    i.HW_RTC_Init       hw_rtc.o
    0x08004550   0x08004550   0x00000014   Code   RO        11440    i.HW_RTC_IrqHandler  hw_rtc.o
    0x08004564   0x08004564   0x00000044   Code   RO        11441    i.HW_RTC_SetAlarm   hw_rtc.o
    0x080045a8   0x080045a8   0x00000060   Code   RO        11442    i.HW_RTC_SetConfig  hw_rtc.o
    0x08004608   0x08004608   0x00000018   Code   RO        11443    i.HW_RTC_SetTimerContext  hw_rtc.o
    0x08004620   0x08004620   0x00000134   Code   RO        11444    i.HW_RTC_StartWakeUpAlarm  hw_rtc.o
    0x08004754   0x08004754   0x00000020   Code   RO        11445    i.HW_RTC_StopAlarm  hw_rtc.o
    0x08004774   0x08004774   0x00000010   Code   RO        11446    i.HW_RTC_Tick2ms    hw_rtc.o
    0x08004784   0x08004784   0x00000010   Code   RO        11448    i.HW_RTC_ms2Tick    hw_rtc.o
    0x08004794   0x08004794   0x00000020   Code   RO        11553    i.HW_SPI_InOut      hw_spi.o
    0x080047b4   0x080047b4   0x00000084   Code   RO        11554    i.HW_SPI_Init       hw_spi.o
    0x08004838   0x08004838   0x00000060   Code   RO        11556    i.HW_SPI_IoInit     hw_spi.o
    0x08004898   0x08004898   0x00000004   Code   RO        11926    i.HardFault_Handler  mlm32l0xx_it.o
    0x0800489c   0x0800489c   0x00000014   Code   RO         5899    i.I2C_EXPBD_Error   x_nucleo_iks01a2.o
    0x080048b0   0x080048b0   0x00000048   Code   RO         5900    i.I2C_EXPBD_Init    x_nucleo_iks01a2.o
    0x080048f8   0x080048f8   0x00000064   Code   RO         5901    i.I2C_EXPBD_MspInit  x_nucleo_iks01a2.o
    0x0800495c   0x0800495c   0x00000022   Code   RO        10717    i.I2C_Flush_TXDR    stm32l0xx_hal_i2c.o
    0x0800497e   0x0800497e   0x00000002   PAD
    0x08004980   0x08004980   0x00000074   Code   RO        10725    i.I2C_IsAcknowledgeFailed  stm32l0xx_hal_i2c.o
    0x080049f4   0x080049f4   0x0000006a   Code   RO        10728    i.I2C_RequestMemoryRead  stm32l0xx_hal_i2c.o
    0x08004a5e   0x08004a5e   0x0000006a   Code   RO        10729    i.I2C_RequestMemoryWrite  stm32l0xx_hal_i2c.o
    0x08004ac8   0x08004ac8   0x00000024   Code   RO        10732    i.I2C_TransferConfig  stm32l0xx_hal_i2c.o
    0x08004aec   0x08004aec   0x00000048   Code   RO        10733    i.I2C_WaitOnFlagUntilTimeout  stm32l0xx_hal_i2c.o
    0x08004b34   0x08004b34   0x0000004e   Code   RO        10735    i.I2C_WaitOnSTOPFlagUntilTimeout  stm32l0xx_hal_i2c.o
    0x08004b82   0x08004b82   0x00000052   Code   RO        10736    i.I2C_WaitOnTXISFlagUntilTimeout  stm32l0xx_hal_i2c.o
    0x08004bd4   0x08004bd4   0x00000026   Code   RO          849    i.LPS22HB_Check_WhoAmI  lps22hb_driver_hl.o
    0x08004bfa   0x08004bfa   0x0000001e   Code   RO          850    i.LPS22HB_FIFO_Get_Data  lps22hb_driver_hl.o
    0x08004c18   0x08004c18   0x00000018   Code   RO          851    i.LPS22HB_FIFO_Get_Empty_Status  lps22hb_driver_hl.o
    0x08004c30   0x08004c30   0x00000018   Code   RO          852    i.LPS22HB_FIFO_Get_Fth_Status  lps22hb_driver_hl.o
    0x08004c48   0x08004c48   0x00000018   Code   RO          853    i.LPS22HB_FIFO_Get_Full_Status  lps22hb_driver_hl.o
    0x08004c60   0x08004c60   0x00000018   Code   RO          854    i.LPS22HB_FIFO_Get_Mode  lps22hb_driver_hl.o
    0x08004c78   0x08004c78   0x00000018   Code   RO          855    i.LPS22HB_FIFO_Get_Num_Of_Samples  lps22hb_driver_hl.o
    0x08004c90   0x08004c90   0x00000018   Code   RO          856    i.LPS22HB_FIFO_Get_Ovr_Status  lps22hb_driver_hl.o
    0x08004ca8   0x08004ca8   0x0000000e   Code   RO          857    i.LPS22HB_FIFO_Get_Watermark_Level  lps22hb_driver_hl.o
    0x08004cb6   0x08004cb6   0x00000030   Code   RO          858    i.LPS22HB_FIFO_Reset_Interrupt  lps22hb_driver_hl.o
    0x08004ce6   0x08004ce6   0x00000030   Code   RO          859    i.LPS22HB_FIFO_Set_Interrupt  lps22hb_driver_hl.o
    0x08004d16   0x08004d16   0x0000002e   Code   RO          860    i.LPS22HB_FIFO_Set_Mode  lps22hb_driver_hl.o
    0x08004d44   0x08004d44   0x0000000e   Code   RO          861    i.LPS22HB_FIFO_Set_Watermark_Level  lps22hb_driver_hl.o
    0x08004d52   0x08004d52   0x0000001a   Code   RO          862    i.LPS22HB_FIFO_Stop_On_Fth  lps22hb_driver_hl.o
    0x08004d6c   0x08004d6c   0x0000001a   Code   RO          863    i.LPS22HB_FIFO_Usage  lps22hb_driver_hl.o
    0x08004d86   0x08004d86   0x0000001a   Code   RO          864    i.LPS22HB_FIFO_Watermark_Usage  lps22hb_driver_hl.o
    0x08004da0   0x08004da0   0x0000003a   Code   RO          463    i.LPS22HB_Get_DataStatus  lps22hb_driver.o
    0x08004dda   0x08004dda   0x00000014   Code   RO          464    i.LPS22HB_Get_DeviceID  lps22hb_driver.o
    0x08004dee   0x08004dee   0x00000026   Code   RO          467    i.LPS22HB_Get_FifoMode  lps22hb_driver.o
    0x08004e14   0x08004e14   0x00000046   Code   RO          468    i.LPS22HB_Get_FifoStatus  lps22hb_driver.o
    0x08004e5a   0x08004e5a   0x00000022   Code   RO          469    i.LPS22HB_Get_FifoWatermarkLevel  lps22hb_driver.o
    0x08004e7c   0x08004e7c   0x00000064   Code   RO          865    i.LPS22HB_Get_ODR   lps22hb_driver_hl.o
    0x08004ee0   0x08004ee0   0x00000024   Code   RO          475    i.LPS22HB_Get_Odr   lps22hb_driver.o
    0x08004f04   0x08004f04   0x00000028   Code   RO          866    i.LPS22HB_Get_Press  lps22hb_driver_hl.o
    0x08004f2c   0x08004f2c   0x00000026   Code   RO          477    i.LPS22HB_Get_Pressure  lps22hb_driver.o
    0x08004f52   0x08004f52   0x0000003c   Code   RO          480    i.LPS22HB_Get_RawPressure  lps22hb_driver.o
    0x08004f8e   0x08004f8e   0x00000028   Code   RO          481    i.LPS22HB_Get_RawTemperature  lps22hb_driver.o
    0x08004fb6   0x08004fb6   0x00000002   PAD
    0x08004fb8   0x08004fb8   0x00000030   Code   RO          867    i.LPS22HB_Get_Temp  lps22hb_driver_hl.o
    0x08004fe8   0x08004fe8   0x00000028   Code   RO          484    i.LPS22HB_Get_Temperature  lps22hb_driver.o
    0x08005010   0x08005010   0x0000000e   Code   RO          868    i.LPS22HB_Get_WhoAmI  lps22hb_driver_hl.o
    0x0800501e   0x0800501e   0x00000002   PAD
    0x08005020   0x08005020   0x00000064   Code   RO          869    i.LPS22HB_Initialize  lps22hb_driver_hl.o
    0x08005084   0x08005084   0x00000008   Code   RO          870    i.LPS22HB_P_Check_WhoAmI  lps22hb_driver_hl.o
    0x0800508c   0x0800508c   0x00000022   Code   RO          871    i.LPS22HB_P_DeInit  lps22hb_driver_hl.o
    0x080050ae   0x080050ae   0x00000018   Code   RO          872    i.LPS22HB_P_Get_DRDY_Status  lps22hb_driver_hl.o
    0x080050c6   0x080050c6   0x00000008   Code   RO          873    i.LPS22HB_P_Get_ODR  lps22hb_driver_hl.o
    0x080050ce   0x080050ce   0x00000008   Code   RO          874    i.LPS22HB_P_Get_Press  lps22hb_driver_hl.o
    0x080050d6   0x080050d6   0x00000008   Code   RO          875    i.LPS22HB_P_Get_WhoAmI  lps22hb_driver_hl.o
    0x080050de   0x080050de   0x00000026   Code   RO          876    i.LPS22HB_P_Init    lps22hb_driver_hl.o
    0x08005104   0x08005104   0x0000000e   Code   RO          877    i.LPS22HB_P_Read_Reg  lps22hb_driver_hl.o
    0x08005112   0x08005112   0x0000002a   Code   RO          878    i.LPS22HB_P_Sensor_Disable  lps22hb_driver_hl.o
    0x0800513c   0x0800513c   0x00000028   Code   RO          879    i.LPS22HB_P_Sensor_Enable  lps22hb_driver_hl.o
    0x08005164   0x08005164   0x00000020   Code   RO          880    i.LPS22HB_P_Set_ODR  lps22hb_driver_hl.o
    0x08005184   0x08005184   0x00000020   Code   RO          881    i.LPS22HB_P_Set_ODR_Value  lps22hb_driver_hl.o
    0x080051a4   0x080051a4   0x0000000e   Code   RO          882    i.LPS22HB_P_Write_Reg  lps22hb_driver_hl.o
    0x080051b2   0x080051b2   0x00000030   Code   RO          489    i.LPS22HB_ReadReg   lps22hb_driver.o
    0x080051e2   0x080051e2   0x00000012   Code   RO          883    i.LPS22HB_Read_Reg  lps22hb_driver_hl.o
    0x080051f4   0x080051f4   0x0000004c   Code   RO         5902    i.LPS22HB_Sensor_IO_ITConfig  x_nucleo_iks01a2.o
    0x08005240   0x08005240   0x00000036   Code   RO          494    i.LPS22HB_Set_AutomaticIncrementRegAddress  lps22hb_driver.o
    0x08005276   0x08005276   0x0000003a   Code   RO          495    i.LPS22HB_Set_Bdu   lps22hb_driver.o
    0x080052b0   0x080052b0   0x00000036   Code   RO          498    i.LPS22HB_Set_FIFO_FTH_Interrupt  lps22hb_driver.o
    0x080052e6   0x080052e6   0x00000036   Code   RO          499    i.LPS22HB_Set_FIFO_FULL_Interrupt  lps22hb_driver.o
    0x0800531c   0x0800531c   0x00000036   Code   RO          500    i.LPS22HB_Set_FIFO_OVR_Interrupt  lps22hb_driver.o
    0x08005352   0x08005352   0x00000034   Code   RO          502    i.LPS22HB_Set_FifoMode  lps22hb_driver.o
    0x08005386   0x08005386   0x00000036   Code   RO          503    i.LPS22HB_Set_FifoModeUse  lps22hb_driver.o
    0x080053bc   0x080053bc   0x00000034   Code   RO          504    i.LPS22HB_Set_FifoWatermarkLevel  lps22hb_driver.o
    0x080053f0   0x080053f0   0x00000036   Code   RO          505    i.LPS22HB_Set_FifoWatermarkLevelUse  lps22hb_driver.o
    0x08005426   0x08005426   0x00000036   Code   RO          513    i.LPS22HB_Set_LowPassFilter  lps22hb_driver.o
    0x0800545c   0x0800545c   0x00000036   Code   RO          514    i.LPS22HB_Set_LowPassFilterCutoff  lps22hb_driver.o
    0x08005492   0x08005492   0x00000002   PAD
    0x08005494   0x08005494   0x00000034   Code   RO          884    i.LPS22HB_Set_ODR_Value_When_Disabled  lps22hb_driver_hl.o
    0x080054c8   0x080054c8   0x00000058   Code   RO          885    i.LPS22HB_Set_ODR_Value_When_Enabled  lps22hb_driver_hl.o
    0x08005520   0x08005520   0x00000040   Code   RO          886    i.LPS22HB_Set_ODR_When_Disabled  lps22hb_driver_hl.o
    0x08005560   0x08005560   0x00000042   Code   RO          887    i.LPS22HB_Set_ODR_When_Enabled  lps22hb_driver_hl.o
    0x080055a2   0x080055a2   0x00000036   Code   RO          515    i.LPS22HB_Set_Odr   lps22hb_driver.o
    0x080055d8   0x080055d8   0x00000034   Code   RO          518    i.LPS22HB_Set_PowerMode  lps22hb_driver.o
    0x0800560c   0x0800560c   0x00000008   Code   RO          888    i.LPS22HB_T_Check_WhoAmI  lps22hb_driver_hl.o
    0x08005614   0x08005614   0x00000022   Code   RO          889    i.LPS22HB_T_DeInit  lps22hb_driver_hl.o
    0x08005636   0x08005636   0x00000018   Code   RO          890    i.LPS22HB_T_Get_DRDY_Status  lps22hb_driver_hl.o
    0x0800564e   0x0800564e   0x00000008   Code   RO          891    i.LPS22HB_T_Get_ODR  lps22hb_driver_hl.o
    0x08005656   0x08005656   0x00000008   Code   RO          892    i.LPS22HB_T_Get_Temp  lps22hb_driver_hl.o
    0x0800565e   0x0800565e   0x00000008   Code   RO          893    i.LPS22HB_T_Get_WhoAmI  lps22hb_driver_hl.o
    0x08005666   0x08005666   0x00000026   Code   RO          894    i.LPS22HB_T_Init    lps22hb_driver_hl.o
    0x0800568c   0x0800568c   0x0000000e   Code   RO          895    i.LPS22HB_T_Read_Reg  lps22hb_driver_hl.o
    0x0800569a   0x0800569a   0x0000002a   Code   RO          896    i.LPS22HB_T_Sensor_Disable  lps22hb_driver_hl.o
    0x080056c4   0x080056c4   0x00000028   Code   RO          897    i.LPS22HB_T_Sensor_Enable  lps22hb_driver_hl.o
    0x080056ec   0x080056ec   0x00000020   Code   RO          898    i.LPS22HB_T_Set_ODR  lps22hb_driver_hl.o
    0x0800570c   0x0800570c   0x00000020   Code   RO          899    i.LPS22HB_T_Set_ODR_Value  lps22hb_driver_hl.o
    0x0800572c   0x0800572c   0x0000000e   Code   RO          900    i.LPS22HB_T_Write_Reg  lps22hb_driver_hl.o
    0x0800573a   0x0800573a   0x00000030   Code   RO          524    i.LPS22HB_WriteReg  lps22hb_driver.o
    0x0800576a   0x0800576a   0x00000012   Code   RO          901    i.LPS22HB_Write_Reg  lps22hb_driver_hl.o
    0x0800577c   0x0800577c   0x00000104   Code   RO         4041    i.LSM303AGR_ACC_Get_Acceleration  lsm303agr_acc_driver.o
    0x08005880   0x08005880   0x0000003a   Code   RO         4042    i.LSM303AGR_ACC_Get_Raw_Acceleration  lsm303agr_acc_driver.o
    0x080058ba   0x080058ba   0x0000001e   Code   RO         4078    i.LSM303AGR_ACC_R_FullScale  lsm303agr_acc_driver.o
    0x080058d8   0x080058d8   0x0000001e   Code   RO         4079    i.LSM303AGR_ACC_R_HiRes  lsm303agr_acc_driver.o
    0x080058f6   0x080058f6   0x0000001e   Code   RO         4117    i.LSM303AGR_ACC_R_LOWPWR_EN  lsm303agr_acc_driver.o
    0x08005914   0x08005914   0x0000001e   Code   RO         4121    i.LSM303AGR_ACC_R_ODR  lsm303agr_acc_driver.o
    0x08005932   0x08005932   0x00000014   Code   RO         4130    i.LSM303AGR_ACC_R_WHO_AM_I  lsm303agr_acc_driver.o
    0x08005946   0x08005946   0x0000001e   Code   RO         4132    i.LSM303AGR_ACC_R_XDataAvail  lsm303agr_acc_driver.o
    0x08005964   0x08005964   0x0000001e   Code   RO         4135    i.LSM303AGR_ACC_R_XEN  lsm303agr_acc_driver.o
    0x08005982   0x08005982   0x0000001e   Code   RO         4142    i.LSM303AGR_ACC_R_YEN  lsm303agr_acc_driver.o
    0x080059a0   0x080059a0   0x0000001e   Code   RO         4147    i.LSM303AGR_ACC_R_ZEN  lsm303agr_acc_driver.o
    0x080059be   0x080059be   0x0000001a   Code   RO         4159    i.LSM303AGR_ACC_ReadReg  lsm303agr_acc_driver.o
    0x080059d8   0x080059d8   0x00000034   Code   RO         4163    i.LSM303AGR_ACC_W_BlockDataUpdate  lsm303agr_acc_driver.o
    0x08005a0c   0x08005a0c   0x00000034   Code   RO         4179    i.LSM303AGR_ACC_W_FifoMode  lsm303agr_acc_driver.o
    0x08005a40   0x08005a40   0x00000036   Code   RO         4181    i.LSM303AGR_ACC_W_FullScale  lsm303agr_acc_driver.o
    0x08005a76   0x08005a76   0x00000034   Code   RO         4210    i.LSM303AGR_ACC_W_ODR  lsm303agr_acc_driver.o
    0x08005aaa   0x08005aaa   0x00000034   Code   RO         4219    i.LSM303AGR_ACC_W_XEN  lsm303agr_acc_driver.o
    0x08005ade   0x08005ade   0x00000036   Code   RO         4222    i.LSM303AGR_ACC_W_YEN  lsm303agr_acc_driver.o
    0x08005b14   0x08005b14   0x00000036   Code   RO         4225    i.LSM303AGR_ACC_W_ZEN  lsm303agr_acc_driver.o
    0x08005b4a   0x08005b4a   0x0000001a   Code   RO         4232    i.LSM303AGR_ACC_WriteReg  lsm303agr_acc_driver.o
    0x08005b64   0x08005b64   0x0000003a   Code   RO         5326    i.LSM303AGR_MAG_Get_Raw_Magnetic  lsm303agr_mag_driver.o
    0x08005b9e   0x08005b9e   0x0000001e   Code   RO         5344    i.LSM303AGR_MAG_R_ODR  lsm303agr_mag_driver.o
    0x08005bbc   0x08005bbc   0x00000014   Code   RO         5358    i.LSM303AGR_MAG_R_WHO_AM_I  lsm303agr_mag_driver.o
    0x08005bd0   0x08005bd0   0x0000001e   Code   RO         5368    i.LSM303AGR_MAG_R_ZYXDA  lsm303agr_mag_driver.o
    0x08005bee   0x08005bee   0x0000001a   Code   RO         5370    i.LSM303AGR_MAG_ReadReg  lsm303agr_mag_driver.o
    0x08005c08   0x08005c08   0x00000036   Code   RO         5373    i.LSM303AGR_MAG_W_BDU  lsm303agr_mag_driver.o
    0x08005c3e   0x08005c3e   0x00000034   Code   RO         5384    i.LSM303AGR_MAG_W_MD  lsm303agr_mag_driver.o
    0x08005c72   0x08005c72   0x00000036   Code   RO         5385    i.LSM303AGR_MAG_W_ODR  lsm303agr_mag_driver.o
    0x08005ca8   0x08005ca8   0x00000036   Code   RO         5395    i.LSM303AGR_MAG_W_ST  lsm303agr_mag_driver.o
    0x08005cde   0x08005cde   0x0000001a   Code   RO         5399    i.LSM303AGR_MAG_WriteReg  lsm303agr_mag_driver.o
    0x08005cf8   0x08005cf8   0x00000026   Code   RO         5787    i.LSM303AGR_M_Check_WhoAmI  lsm303agr_mag_driver_hl.o
    0x08005d1e   0x08005d1e   0x0000001c   Code   RO         5788    i.LSM303AGR_M_DeInit  lsm303agr_mag_driver_hl.o
    0x08005d3a   0x08005d3a   0x00000058   Code   RO         5789    i.LSM303AGR_M_Get_Axes  lsm303agr_mag_driver_hl.o
    0x08005d92   0x08005d92   0x00000024   Code   RO         5790    i.LSM303AGR_M_Get_AxesRaw  lsm303agr_mag_driver_hl.o
    0x08005db6   0x08005db6   0x0000002e   Code   RO         5791    i.LSM303AGR_M_Get_Axes_Raw  lsm303agr_mag_driver_hl.o
    0x08005de4   0x08005de4   0x00000026   Code   RO         5792    i.LSM303AGR_M_Get_DRDY_Status  lsm303agr_mag_driver_hl.o
    0x08005e0a   0x08005e0a   0x00000002   PAD
    0x08005e0c   0x08005e0c   0x0000000c   Code   RO         5793    i.LSM303AGR_M_Get_FS  lsm303agr_mag_driver_hl.o
    0x08005e18   0x08005e18   0x00000054   Code   RO         5794    i.LSM303AGR_M_Get_ODR  lsm303agr_mag_driver_hl.o
    0x08005e6c   0x08005e6c   0x0000000a   Code   RO         5795    i.LSM303AGR_M_Get_Sensitivity  lsm303agr_mag_driver_hl.o
    0x08005e76   0x08005e76   0x00000012   Code   RO         5796    i.LSM303AGR_M_Get_WhoAmI  lsm303agr_mag_driver_hl.o
    0x08005e88   0x08005e88   0x00000048   Code   RO         5797    i.LSM303AGR_M_Init  lsm303agr_mag_driver_hl.o
    0x08005ed0   0x08005ed0   0x00000014   Code   RO         5798    i.LSM303AGR_M_Read_Reg  lsm303agr_mag_driver_hl.o
    0x08005ee4   0x08005ee4   0x00000020   Code   RO         5799    i.LSM303AGR_M_Sensor_Disable  lsm303agr_mag_driver_hl.o
    0x08005f04   0x08005f04   0x00000022   Code   RO         5800    i.LSM303AGR_M_Sensor_Enable  lsm303agr_mag_driver_hl.o
    0x08005f26   0x08005f26   0x00000004   Code   RO         5801    i.LSM303AGR_M_Set_FS  lsm303agr_mag_driver_hl.o
    0x08005f2a   0x08005f2a   0x00000004   Code   RO         5802    i.LSM303AGR_M_Set_FS_Value  lsm303agr_mag_driver_hl.o
    0x08005f2e   0x08005f2e   0x0000002e   Code   RO         5803    i.LSM303AGR_M_Set_ODR  lsm303agr_mag_driver_hl.o
    0x08005f5c   0x08005f5c   0x00000040   Code   RO         5804    i.LSM303AGR_M_Set_ODR_Value  lsm303agr_mag_driver_hl.o
    0x08005f9c   0x08005f9c   0x00000016   Code   RO         5805    i.LSM303AGR_M_Write_Reg  lsm303agr_mag_driver_hl.o
    0x08005fb2   0x08005fb2   0x00000026   Code   RO         5201    i.LSM303AGR_X_Check_WhoAmI  lsm303agr_acc_driver_hl.o
    0x08005fd8   0x08005fd8   0x00000024   Code   RO         5202    i.LSM303AGR_X_DeInit  lsm303agr_acc_driver_hl.o
    0x08005ffc   0x08005ffc   0x00000022   Code   RO         5203    i.LSM303AGR_X_Get_Axes  lsm303agr_acc_driver_hl.o
    0x0800601e   0x0800601e   0x00000024   Code   RO         5204    i.LSM303AGR_X_Get_AxesRaw  lsm303agr_acc_driver_hl.o
    0x08006042   0x08006042   0x00000078   Code   RO         5205    i.LSM303AGR_X_Get_Axes_Raw  lsm303agr_acc_driver_hl.o
    0x080060ba   0x080060ba   0x0000005c   Code   RO         5206    i.LSM303AGR_X_Get_Axes_Status  lsm303agr_acc_driver_hl.o
    0x08006116   0x08006116   0x00000024   Code   RO         5207    i.LSM303AGR_X_Get_DRDY_Status  lsm303agr_acc_driver_hl.o
    0x0800613a   0x0800613a   0x00000002   PAD
    0x0800613c   0x0800613c   0x0000004c   Code   RO         5208    i.LSM303AGR_X_Get_FS  lsm303agr_acc_driver_hl.o
    0x08006188   0x08006188   0x00000078   Code   RO         5209    i.LSM303AGR_X_Get_ODR  lsm303agr_acc_driver_hl.o
    0x08006200   0x08006200   0x0000010c   Code   RO         5210    i.LSM303AGR_X_Get_Sensitivity  lsm303agr_acc_driver_hl.o
    0x0800630c   0x0800630c   0x00000012   Code   RO         5211    i.LSM303AGR_X_Get_WhoAmI  lsm303agr_acc_driver_hl.o
    0x0800631e   0x0800631e   0x00000002   PAD
    0x08006320   0x08006320   0x0000006c   Code   RO         5212    i.LSM303AGR_X_Init  lsm303agr_acc_driver_hl.o
    0x0800638c   0x0800638c   0x00000014   Code   RO         5213    i.LSM303AGR_X_Read_Reg  lsm303agr_acc_driver_hl.o
    0x080063a0   0x080063a0   0x0000002e   Code   RO         5214    i.LSM303AGR_X_Sensor_Disable  lsm303agr_acc_driver_hl.o
    0x080063ce   0x080063ce   0x00000022   Code   RO         5215    i.LSM303AGR_X_Sensor_Enable  lsm303agr_acc_driver_hl.o
    0x080063f0   0x080063f0   0x00000050   Code   RO         5216    i.LSM303AGR_X_Set_Axes_Status  lsm303agr_acc_driver_hl.o
    0x08006440   0x08006440   0x00000026   Code   RO         5217    i.LSM303AGR_X_Set_FS  lsm303agr_acc_driver_hl.o
    0x08006466   0x08006466   0x00000038   Code   RO         5218    i.LSM303AGR_X_Set_FS_Value  lsm303agr_acc_driver_hl.o
    0x0800649e   0x0800649e   0x00000002   PAD
    0x080064a0   0x080064a0   0x00000074   Code   RO         5219    i.LSM303AGR_X_Set_ODR  lsm303agr_acc_driver_hl.o
    0x08006514   0x08006514   0x0000005c   Code   RO         5220    i.LSM303AGR_X_Set_ODR_Value  lsm303agr_acc_driver_hl.o
    0x08006570   0x08006570   0x00000068   Code   RO         5221    i.LSM303AGR_X_Set_ODR_Value_When_Enabled  lsm303agr_acc_driver_hl.o
    0x080065d8   0x080065d8   0x00000016   Code   RO         5222    i.LSM303AGR_X_Write_Reg  lsm303agr_acc_driver_hl.o
    0x080065ee   0x080065ee   0x0000003a   Code   RO         1708    i.LSM6DSL_ACC_GYRO_GetRawAccData  lsm6dsl_acc_gyro_driver.o
    0x08006628   0x08006628   0x0000003a   Code   RO         1709    i.LSM6DSL_ACC_GYRO_GetRawGyroData  lsm6dsl_acc_gyro_driver.o
    0x08006662   0x08006662   0x0000003a   Code   RO         1710    i.LSM6DSL_ACC_GYRO_Get_GetFIFOData  lsm6dsl_acc_gyro_driver.o
    0x0800669c   0x0800669c   0x0000003a   Code   RO         1711    i.LSM6DSL_ACC_GYRO_Get_GetStepCounter  lsm6dsl_acc_gyro_driver.o
    0x080066d6   0x080066d6   0x0000001e   Code   RO         1723    i.LSM6DSL_ACC_GYRO_R_D6D_EV_STATUS  lsm6dsl_acc_gyro_driver.o
    0x080066f4   0x080066f4   0x0000001e   Code   RO         1732    i.LSM6DSL_ACC_GYRO_R_DOUBLE_TAP_EV_STATUS  lsm6dsl_acc_gyro_driver.o
    0x08006712   0x08006712   0x0000001e   Code   RO         1741    i.LSM6DSL_ACC_GYRO_R_DSD_XH  lsm6dsl_acc_gyro_driver.o
    0x08006730   0x08006730   0x0000001e   Code   RO         1742    i.LSM6DSL_ACC_GYRO_R_DSD_XL  lsm6dsl_acc_gyro_driver.o
    0x0800674e   0x0800674e   0x0000001e   Code   RO         1743    i.LSM6DSL_ACC_GYRO_R_DSD_YH  lsm6dsl_acc_gyro_driver.o
    0x0800676c   0x0800676c   0x0000001e   Code   RO         1744    i.LSM6DSL_ACC_GYRO_R_DSD_YL  lsm6dsl_acc_gyro_driver.o
    0x0800678a   0x0800678a   0x0000001e   Code   RO         1745    i.LSM6DSL_ACC_GYRO_R_DSD_ZH  lsm6dsl_acc_gyro_driver.o
    0x080067a8   0x080067a8   0x0000001e   Code   RO         1746    i.LSM6DSL_ACC_GYRO_R_DSD_ZL  lsm6dsl_acc_gyro_driver.o
    0x080067c6   0x080067c6   0x0000001e   Code   RO         1753    i.LSM6DSL_ACC_GYRO_R_FF_EV_STATUS  lsm6dsl_acc_gyro_driver.o
    0x080067e4   0x080067e4   0x0000001e   Code   RO         1755    i.LSM6DSL_ACC_GYRO_R_FIFOEmpty  lsm6dsl_acc_gyro_driver.o
    0x08006802   0x08006802   0x0000001e   Code   RO         1756    i.LSM6DSL_ACC_GYRO_R_FIFOFull  lsm6dsl_acc_gyro_driver.o
    0x08006820   0x08006820   0x00000036   Code   RO         1757    i.LSM6DSL_ACC_GYRO_R_FIFONumOfEntries  lsm6dsl_acc_gyro_driver.o
    0x08006856   0x08006856   0x00000036   Code   RO         1758    i.LSM6DSL_ACC_GYRO_R_FIFOPattern  lsm6dsl_acc_gyro_driver.o
    0x0800688c   0x0800688c   0x0000001e   Code   RO         1764    i.LSM6DSL_ACC_GYRO_R_FS_125  lsm6dsl_acc_gyro_driver.o
    0x080068aa   0x080068aa   0x0000001e   Code   RO         1765    i.LSM6DSL_ACC_GYRO_R_FS_G  lsm6dsl_acc_gyro_driver.o
    0x080068c8   0x080068c8   0x0000001e   Code   RO         1766    i.LSM6DSL_ACC_GYRO_R_FS_XL  lsm6dsl_acc_gyro_driver.o
    0x080068e6   0x080068e6   0x0000001e   Code   RO         1770    i.LSM6DSL_ACC_GYRO_R_GDA  lsm6dsl_acc_gyro_driver.o
    0x08006904   0x08006904   0x0000001e   Code   RO         1795    i.LSM6DSL_ACC_GYRO_R_ODR_G  lsm6dsl_acc_gyro_driver.o
    0x08006922   0x08006922   0x0000001e   Code   RO         1796    i.LSM6DSL_ACC_GYRO_R_ODR_XL  lsm6dsl_acc_gyro_driver.o
    0x08006940   0x08006940   0x0000001e   Code   RO         1797    i.LSM6DSL_ACC_GYRO_R_OVERRUN  lsm6dsl_acc_gyro_driver.o
    0x0800695e   0x0800695e   0x0000001e   Code   RO         1802    i.LSM6DSL_ACC_GYRO_R_PEDO_EV_STATUS  lsm6dsl_acc_gyro_driver.o
    0x0800697c   0x0800697c   0x0000001e   Code   RO         1814    i.LSM6DSL_ACC_GYRO_R_SINGLE_TAP_EV_STATUS  lsm6dsl_acc_gyro_driver.o
    0x0800699a   0x0800699a   0x0000001e   Code   RO         1848    i.LSM6DSL_ACC_GYRO_R_TILT_EV_STATUS  lsm6dsl_acc_gyro_driver.o
    0x080069b8   0x080069b8   0x00000014   Code   RO         1860    i.LSM6DSL_ACC_GYRO_R_WHO_AM_I  lsm6dsl_acc_gyro_driver.o
    0x080069cc   0x080069cc   0x0000001e   Code   RO         1864    i.LSM6DSL_ACC_GYRO_R_WU_EV_STATUS  lsm6dsl_acc_gyro_driver.o
    0x080069ea   0x080069ea   0x0000001e   Code   RO         1866    i.LSM6DSL_ACC_GYRO_R_XLDA  lsm6dsl_acc_gyro_driver.o
    0x08006a08   0x08006a08   0x00000012   Code   RO         1873    i.LSM6DSL_ACC_GYRO_ReadReg  lsm6dsl_acc_gyro_driver.o
    0x08006a1a   0x08006a1a   0x00000036   Code   RO         1878    i.LSM6DSL_ACC_GYRO_W_6DEvOnInt1  lsm6dsl_acc_gyro_driver.o
    0x08006a50   0x08006a50   0x00000034   Code   RO         1880    i.LSM6DSL_ACC_GYRO_W_BASIC_INT  lsm6dsl_acc_gyro_driver.o
    0x08006a84   0x08006a84   0x00000036   Code   RO         1881    i.LSM6DSL_ACC_GYRO_W_BDU  lsm6dsl_acc_gyro_driver.o
    0x08006aba   0x08006aba   0x00000036   Code   RO         1891    i.LSM6DSL_ACC_GYRO_W_DEC_FIFO_G  lsm6dsl_acc_gyro_driver.o
    0x08006af0   0x08006af0   0x00000034   Code   RO         1893    i.LSM6DSL_ACC_GYRO_W_DEC_FIFO_XL  lsm6dsl_acc_gyro_driver.o
    0x08006b24   0x08006b24   0x0000003e   Code   RO         1906    i.LSM6DSL_ACC_GYRO_W_DUR  lsm6dsl_acc_gyro_driver.o
    0x08006b62   0x08006b62   0x00000034   Code   RO         1907    i.LSM6DSL_ACC_GYRO_W_EmbeddedAccess  lsm6dsl_acc_gyro_driver.o
    0x08006b96   0x08006b96   0x00000036   Code   RO         1909    i.LSM6DSL_ACC_GYRO_W_FFEvOnInt1  lsm6dsl_acc_gyro_driver.o
    0x08006bcc   0x08006bcc   0x00000072   Code   RO         1911    i.LSM6DSL_ACC_GYRO_W_FF_Duration  lsm6dsl_acc_gyro_driver.o
    0x08006c3e   0x08006c3e   0x00000034   Code   RO         1912    i.LSM6DSL_ACC_GYRO_W_FF_THS  lsm6dsl_acc_gyro_driver.o
    0x08006c72   0x08006c72   0x00000034   Code   RO         1913    i.LSM6DSL_ACC_GYRO_W_FIFO_MODE  lsm6dsl_acc_gyro_driver.o
    0x08006ca6   0x08006ca6   0x0000005e   Code   RO         1917    i.LSM6DSL_ACC_GYRO_W_FIFO_Watermark  lsm6dsl_acc_gyro_driver.o
    0x08006d04   0x08006d04   0x00000036   Code   RO         1918    i.LSM6DSL_ACC_GYRO_W_FS_125  lsm6dsl_acc_gyro_driver.o
    0x08006d3a   0x08006d3a   0x00000036   Code   RO         1919    i.LSM6DSL_ACC_GYRO_W_FS_G  lsm6dsl_acc_gyro_driver.o
    0x08006d70   0x08006d70   0x00000036   Code   RO         1920    i.LSM6DSL_ACC_GYRO_W_FS_XL  lsm6dsl_acc_gyro_driver.o
    0x08006da6   0x08006da6   0x00000036   Code   RO         1921    i.LSM6DSL_ACC_GYRO_W_FULL_FLAG_on_INT1  lsm6dsl_acc_gyro_driver.o
    0x08006ddc   0x08006ddc   0x00000036   Code   RO         1923    i.LSM6DSL_ACC_GYRO_W_FUNC_EN  lsm6dsl_acc_gyro_driver.o
    0x08006e12   0x08006e12   0x00000036   Code   RO         1933    i.LSM6DSL_ACC_GYRO_W_IF_Addr_Incr  lsm6dsl_acc_gyro_driver.o
    0x08006e48   0x08006e48   0x00000034   Code   RO         1938    i.LSM6DSL_ACC_GYRO_W_LIR  lsm6dsl_acc_gyro_driver.o
    0x08006e7c   0x08006e7c   0x00000036   Code   RO         1946    i.LSM6DSL_ACC_GYRO_W_ODR_FIFO  lsm6dsl_acc_gyro_driver.o
    0x08006eb2   0x08006eb2   0x00000034   Code   RO         1947    i.LSM6DSL_ACC_GYRO_W_ODR_G  lsm6dsl_acc_gyro_driver.o
    0x08006ee6   0x08006ee6   0x00000034   Code   RO         1948    i.LSM6DSL_ACC_GYRO_W_ODR_XL  lsm6dsl_acc_gyro_driver.o
    0x08006f1a   0x08006f1a   0x00000036   Code   RO         1952    i.LSM6DSL_ACC_GYRO_W_PEDO  lsm6dsl_acc_gyro_driver.o
    0x08006f50   0x08006f50   0x00000036   Code   RO         1955    i.LSM6DSL_ACC_GYRO_W_PedoStepReset  lsm6dsl_acc_gyro_driver.o
    0x08006f86   0x08006f86   0x00000042   Code   RO         1956    i.LSM6DSL_ACC_GYRO_W_PedoThreshold  lsm6dsl_acc_gyro_driver.o
    0x08006fc8   0x08006fc8   0x0000003e   Code   RO         1957    i.LSM6DSL_ACC_GYRO_W_QUIET_Duration  lsm6dsl_acc_gyro_driver.o
    0x08007006   0x08007006   0x00000038   Code   RO         1960    i.LSM6DSL_ACC_GYRO_W_SHOCK_Duration  lsm6dsl_acc_gyro_driver.o
    0x0800703e   0x0800703e   0x00000034   Code   RO         1962    i.LSM6DSL_ACC_GYRO_W_SINGLE_DOUBLE_TAP_EV  lsm6dsl_acc_gyro_driver.o
    0x08007072   0x08007072   0x00000036   Code   RO         1963    i.LSM6DSL_ACC_GYRO_W_SIXD_THS  lsm6dsl_acc_gyro_driver.o
    0x080070a8   0x080070a8   0x00000038   Code   RO         1964    i.LSM6DSL_ACC_GYRO_W_SLEEP_DUR  lsm6dsl_acc_gyro_driver.o
    0x080070e0   0x080070e0   0x00000034   Code   RO         1970    i.LSM6DSL_ACC_GYRO_W_STEP_DET_on_INT1  lsm6dsl_acc_gyro_driver.o
    0x08007114   0x08007114   0x00000034   Code   RO         1971    i.LSM6DSL_ACC_GYRO_W_STOP_ON_FTH  lsm6dsl_acc_gyro_driver.o
    0x08007148   0x08007148   0x00000036   Code   RO         1974    i.LSM6DSL_ACC_GYRO_W_SelfTest_G  lsm6dsl_acc_gyro_driver.o
    0x0800717e   0x0800717e   0x00000034   Code   RO         1975    i.LSM6DSL_ACC_GYRO_W_SelfTest_XL  lsm6dsl_acc_gyro_driver.o
    0x080071b2   0x080071b2   0x00000036   Code   RO         1978    i.LSM6DSL_ACC_GYRO_W_SingleTapOnInt1  lsm6dsl_acc_gyro_driver.o
    0x080071e8   0x080071e8   0x00000038   Code   RO         1984    i.LSM6DSL_ACC_GYRO_W_TAP_THS  lsm6dsl_acc_gyro_driver.o
    0x08007220   0x08007220   0x00000036   Code   RO         1985    i.LSM6DSL_ACC_GYRO_W_TAP_X_EN  lsm6dsl_acc_gyro_driver.o
    0x08007256   0x08007256   0x00000036   Code   RO         1986    i.LSM6DSL_ACC_GYRO_W_TAP_Y_EN  lsm6dsl_acc_gyro_driver.o
    0x0800728c   0x0800728c   0x00000036   Code   RO         1987    i.LSM6DSL_ACC_GYRO_W_TAP_Z_EN  lsm6dsl_acc_gyro_driver.o
    0x080072c2   0x080072c2   0x00000036   Code   RO         1988    i.LSM6DSL_ACC_GYRO_W_TILT  lsm6dsl_acc_gyro_driver.o
    0x080072f8   0x080072f8   0x00000036   Code   RO         1990    i.LSM6DSL_ACC_GYRO_W_TIMER_HR  lsm6dsl_acc_gyro_driver.o
    0x0800732e   0x0800732e   0x00000036   Code   RO         1993    i.LSM6DSL_ACC_GYRO_W_TapEvOnInt1  lsm6dsl_acc_gyro_driver.o
    0x08007364   0x08007364   0x00000036   Code   RO         1995    i.LSM6DSL_ACC_GYRO_W_TiltEvOnInt1  lsm6dsl_acc_gyro_driver.o
    0x0800739a   0x0800739a   0x0000003e   Code   RO         1999    i.LSM6DSL_ACC_GYRO_W_WAKE_DUR  lsm6dsl_acc_gyro_driver.o
    0x080073d8   0x080073d8   0x00000038   Code   RO         2000    i.LSM6DSL_ACC_GYRO_W_WK_THS  lsm6dsl_acc_gyro_driver.o
    0x08007410   0x08007410   0x00000036   Code   RO         2001    i.LSM6DSL_ACC_GYRO_W_WUEvOnInt1  lsm6dsl_acc_gyro_driver.o
    0x08007446   0x08007446   0x00000012   Code   RO         2003    i.LSM6DSL_ACC_GYRO_WriteReg  lsm6dsl_acc_gyro_driver.o
    0x08007458   0x08007458   0x00000026   Code   RO         3514    i.LSM6DSL_Check_WhoAmI  lsm6dsl_acc_gyro_driver_hl.o
    0x0800747e   0x0800747e   0x0000003e   Code   RO         3515    i.LSM6DSL_FIFO_G_Get_Axis  lsm6dsl_acc_gyro_driver_hl.o
    0x080074bc   0x080074bc   0x0000001e   Code   RO         3516    i.LSM6DSL_FIFO_G_Set_Decimation  lsm6dsl_acc_gyro_driver_hl.o
    0x080074da   0x080074da   0x00000012   Code   RO         3517    i.LSM6DSL_FIFO_Get_Data  lsm6dsl_acc_gyro_driver_hl.o
    0x080074ec   0x080074ec   0x00000026   Code   RO         3518    i.LSM6DSL_FIFO_Get_Empty_Status  lsm6dsl_acc_gyro_driver_hl.o
    0x08007512   0x08007512   0x00000026   Code   RO         3519    i.LSM6DSL_FIFO_Get_Full_Status  lsm6dsl_acc_gyro_driver_hl.o
    0x08007538   0x08007538   0x00000012   Code   RO         3520    i.LSM6DSL_FIFO_Get_Num_Of_Samples  lsm6dsl_acc_gyro_driver_hl.o
    0x0800754a   0x0800754a   0x00000026   Code   RO         3521    i.LSM6DSL_FIFO_Get_Overrun_Status  lsm6dsl_acc_gyro_driver_hl.o
    0x08007570   0x08007570   0x00000012   Code   RO         3522    i.LSM6DSL_FIFO_Get_Pattern  lsm6dsl_acc_gyro_driver_hl.o
    0x08007582   0x08007582   0x0000001a   Code   RO         3523    i.LSM6DSL_FIFO_Set_INT1_FIFO_Full  lsm6dsl_acc_gyro_driver_hl.o
    0x0800759c   0x0800759c   0x00000022   Code   RO         3524    i.LSM6DSL_FIFO_Set_Mode  lsm6dsl_acc_gyro_driver_hl.o
    0x080075be   0x080075be   0x00000002   PAD
    0x080075c0   0x080075c0   0x00000094   Code   RO         3525    i.LSM6DSL_FIFO_Set_ODR_Value  lsm6dsl_acc_gyro_driver_hl.o
    0x08007654   0x08007654   0x0000001a   Code   RO         3526    i.LSM6DSL_FIFO_Set_Stop_On_Fth  lsm6dsl_acc_gyro_driver_hl.o
    0x0800766e   0x0800766e   0x00000012   Code   RO         3527    i.LSM6DSL_FIFO_Set_Watermark_Level  lsm6dsl_acc_gyro_driver_hl.o
    0x08007680   0x08007680   0x0000003e   Code   RO         3528    i.LSM6DSL_FIFO_X_Get_Axis  lsm6dsl_acc_gyro_driver_hl.o
    0x080076be   0x080076be   0x00000016   Code   RO         3529    i.LSM6DSL_FIFO_X_Set_Decimation  lsm6dsl_acc_gyro_driver_hl.o
    0x080076d4   0x080076d4   0x00000008   Code   RO         3530    i.LSM6DSL_G_Check_WhoAmI  lsm6dsl_acc_gyro_driver_hl.o
    0x080076dc   0x080076dc   0x00000028   Code   RO         3531    i.LSM6DSL_G_DeInit  lsm6dsl_acc_gyro_driver_hl.o
    0x08007704   0x08007704   0x0000006a   Code   RO         3532    i.LSM6DSL_G_Get_Axes  lsm6dsl_acc_gyro_driver_hl.o
    0x0800776e   0x0800776e   0x00000024   Code   RO         3533    i.LSM6DSL_G_Get_AxesRaw  lsm6dsl_acc_gyro_driver_hl.o
    0x08007792   0x08007792   0x00000046   Code   RO         3534    i.LSM6DSL_G_Get_Axes_Raw  lsm6dsl_acc_gyro_driver_hl.o
    0x080077d8   0x080077d8   0x00000026   Code   RO         3535    i.LSM6DSL_G_Get_DRDY_Status  lsm6dsl_acc_gyro_driver_hl.o
    0x080077fe   0x080077fe   0x00000002   PAD
    0x08007800   0x08007800   0x00000070   Code   RO         3536    i.LSM6DSL_G_Get_FS  lsm6dsl_acc_gyro_driver_hl.o
    0x08007870   0x08007870   0x00000098   Code   RO         3537    i.LSM6DSL_G_Get_ODR  lsm6dsl_acc_gyro_driver_hl.o
    0x08007908   0x08007908   0x00000070   Code   RO         3538    i.LSM6DSL_G_Get_Sensitivity  lsm6dsl_acc_gyro_driver_hl.o
    0x08007978   0x08007978   0x00000008   Code   RO         3539    i.LSM6DSL_G_Get_WhoAmI  lsm6dsl_acc_gyro_driver_hl.o
    0x08007980   0x08007980   0x00000068   Code   RO         3540    i.LSM6DSL_G_Init    lsm6dsl_acc_gyro_driver_hl.o
    0x080079e8   0x080079e8   0x0000000e   Code   RO         3541    i.LSM6DSL_G_Read_Reg  lsm6dsl_acc_gyro_driver_hl.o
    0x080079f6   0x080079f6   0x00000030   Code   RO         3542    i.LSM6DSL_G_Sensor_Disable  lsm6dsl_acc_gyro_driver_hl.o
    0x08007a26   0x08007a26   0x00000022   Code   RO         3543    i.LSM6DSL_G_Sensor_Enable  lsm6dsl_acc_gyro_driver_hl.o
    0x08007a48   0x08007a48   0x00000026   Code   RO         3544    i.LSM6DSL_G_Set_FS  lsm6dsl_acc_gyro_driver_hl.o
    0x08007a6e   0x08007a6e   0x00000002   PAD
    0x08007a70   0x08007a70   0x00000064   Code   RO         3545    i.LSM6DSL_G_Set_FS_Value  lsm6dsl_acc_gyro_driver_hl.o
    0x08007ad4   0x08007ad4   0x00000008   Code   RO         3546    i.LSM6DSL_G_Set_Interrupt_Latch  lsm6dsl_acc_gyro_driver_hl.o
    0x08007adc   0x08007adc   0x0000006c   Code   RO         3547    i.LSM6DSL_G_Set_ODR  lsm6dsl_acc_gyro_driver_hl.o
    0x08007b48   0x08007b48   0x0000007c   Code   RO         3548    i.LSM6DSL_G_Set_ODR_Value  lsm6dsl_acc_gyro_driver_hl.o
    0x08007bc4   0x08007bc4   0x00000094   Code   RO         3549    i.LSM6DSL_G_Set_ODR_Value_When_Enabled  lsm6dsl_acc_gyro_driver_hl.o
    0x08007c58   0x08007c58   0x00000022   Code   RO         3550    i.LSM6DSL_G_Set_SelfTest  lsm6dsl_acc_gyro_driver_hl.o
    0x08007c7a   0x08007c7a   0x0000000e   Code   RO         3551    i.LSM6DSL_G_Write_Reg  lsm6dsl_acc_gyro_driver_hl.o
    0x08007c88   0x08007c88   0x00000012   Code   RO         3552    i.LSM6DSL_Get_WhoAmI  lsm6dsl_acc_gyro_driver_hl.o
    0x08007c9a   0x08007c9a   0x00000014   Code   RO         3553    i.LSM6DSL_Read_Reg  lsm6dsl_acc_gyro_driver_hl.o
    0x08007cae   0x08007cae   0x00000002   PAD
    0x08007cb0   0x08007cb0   0x00000078   Code   RO         5903    i.LSM6DSL_Sensor_IO_ITConfig  x_nucleo_iks01a2.o
    0x08007d28   0x08007d28   0x0000001a   Code   RO         3554    i.LSM6DSL_Set_Interrupt_Latch  lsm6dsl_acc_gyro_driver_hl.o
    0x08007d42   0x08007d42   0x00000016   Code   RO         3555    i.LSM6DSL_Write_Reg  lsm6dsl_acc_gyro_driver_hl.o
    0x08007d58   0x08007d58   0x00000008   Code   RO         3556    i.LSM6DSL_X_Check_WhoAmI  lsm6dsl_acc_gyro_driver_hl.o
    0x08007d60   0x08007d60   0x0000006e   Code   RO         3557    i.LSM6DSL_X_DeInit  lsm6dsl_acc_gyro_driver_hl.o
    0x08007dce   0x08007dce   0x0000002e   Code   RO         3558    i.LSM6DSL_X_Disable_6D_Orientation  lsm6dsl_acc_gyro_driver_hl.o
    0x08007dfc   0x08007dfc   0x00000082   Code   RO         3559    i.LSM6DSL_X_Disable_Double_Tap_Detection  lsm6dsl_acc_gyro_driver_hl.o
    0x08007e7e   0x08007e7e   0x0000003a   Code   RO         3560    i.LSM6DSL_X_Disable_Free_Fall_Detection  lsm6dsl_acc_gyro_driver_hl.o
    0x08007eb8   0x08007eb8   0x0000003a   Code   RO         3561    i.LSM6DSL_X_Disable_Pedometer  lsm6dsl_acc_gyro_driver_hl.o
    0x08007ef2   0x08007ef2   0x0000006a   Code   RO         3562    i.LSM6DSL_X_Disable_Single_Tap_Detection  lsm6dsl_acc_gyro_driver_hl.o
    0x08007f5c   0x08007f5c   0x00000014   Code   RO         3563    i.LSM6DSL_X_Disable_Step_Counter_Reset  lsm6dsl_acc_gyro_driver_hl.o
    0x08007f70   0x08007f70   0x0000002e   Code   RO         3564    i.LSM6DSL_X_Disable_Tilt_Detection  lsm6dsl_acc_gyro_driver_hl.o
    0x08007f9e   0x08007f9e   0x0000003a   Code   RO         3565    i.LSM6DSL_X_Disable_Wake_Up_Detection  lsm6dsl_acc_gyro_driver_hl.o
    0x08007fd8   0x08007fd8   0x0000004c   Code   RO         3566    i.LSM6DSL_X_Enable_6D_Orientation  lsm6dsl_acc_gyro_driver_hl.o
    0x08008024   0x08008024   0x000000a0   Code   RO         3567    i.LSM6DSL_X_Enable_Double_Tap_Detection  lsm6dsl_acc_gyro_driver_hl.o
    0x080080c4   0x080080c4   0x0000007c   Code   RO         3568    i.LSM6DSL_X_Enable_Free_Fall_Detection  lsm6dsl_acc_gyro_driver_hl.o
    0x08008140   0x08008140   0x00000058   Code   RO         3569    i.LSM6DSL_X_Enable_Pedometer  lsm6dsl_acc_gyro_driver_hl.o
    0x08008198   0x08008198   0x00000088   Code   RO         3570    i.LSM6DSL_X_Enable_Single_Tap_Detection  lsm6dsl_acc_gyro_driver_hl.o
    0x08008220   0x08008220   0x00000014   Code   RO         3571    i.LSM6DSL_X_Enable_Step_Counter_Reset  lsm6dsl_acc_gyro_driver_hl.o
    0x08008234   0x08008234   0x0000004c   Code   RO         3572    i.LSM6DSL_X_Enable_Tilt_Detection  lsm6dsl_acc_gyro_driver_hl.o
    0x08008280   0x08008280   0x00000058   Code   RO         3573    i.LSM6DSL_X_Enable_Wake_Up_Detection  lsm6dsl_acc_gyro_driver_hl.o
    0x080082d8   0x080082d8   0x00000026   Code   RO         3574    i.LSM6DSL_X_Get_6D_Orientation_Status  lsm6dsl_acc_gyro_driver_hl.o
    0x080082fe   0x080082fe   0x00000026   Code   RO         3575    i.LSM6DSL_X_Get_6D_Orientation_XH  lsm6dsl_acc_gyro_driver_hl.o
    0x08008324   0x08008324   0x00000024   Code   RO         3576    i.LSM6DSL_X_Get_6D_Orientation_XL  lsm6dsl_acc_gyro_driver_hl.o
    0x08008348   0x08008348   0x00000026   Code   RO         3577    i.LSM6DSL_X_Get_6D_Orientation_YH  lsm6dsl_acc_gyro_driver_hl.o
    0x0800836e   0x0800836e   0x00000026   Code   RO         3578    i.LSM6DSL_X_Get_6D_Orientation_YL  lsm6dsl_acc_gyro_driver_hl.o
    0x08008394   0x08008394   0x00000026   Code   RO         3579    i.LSM6DSL_X_Get_6D_Orientation_ZH  lsm6dsl_acc_gyro_driver_hl.o
    0x080083ba   0x080083ba   0x00000026   Code   RO         3580    i.LSM6DSL_X_Get_6D_Orientation_ZL  lsm6dsl_acc_gyro_driver_hl.o
    0x080083e0   0x080083e0   0x0000006a   Code   RO         3581    i.LSM6DSL_X_Get_Axes  lsm6dsl_acc_gyro_driver_hl.o
    0x0800844a   0x0800844a   0x00000024   Code   RO         3582    i.LSM6DSL_X_Get_AxesRaw  lsm6dsl_acc_gyro_driver_hl.o
    0x0800846e   0x0800846e   0x00000046   Code   RO         3583    i.LSM6DSL_X_Get_Axes_Raw  lsm6dsl_acc_gyro_driver_hl.o
    0x080084b4   0x080084b4   0x00000024   Code   RO         3584    i.LSM6DSL_X_Get_DRDY_Status  lsm6dsl_acc_gyro_driver_hl.o
    0x080084d8   0x080084d8   0x00000026   Code   RO         3585    i.LSM6DSL_X_Get_Double_Tap_Detection_Status  lsm6dsl_acc_gyro_driver_hl.o
    0x080084fe   0x080084fe   0x00000002   PAD
    0x08008500   0x08008500   0x0000004c   Code   RO         3586    i.LSM6DSL_X_Get_FS  lsm6dsl_acc_gyro_driver_hl.o
    0x0800854c   0x0800854c   0x00000026   Code   RO         3587    i.LSM6DSL_X_Get_Free_Fall_Detection_Status  lsm6dsl_acc_gyro_driver_hl.o
    0x08008572   0x08008572   0x00000002   PAD
    0x08008574   0x08008574   0x00000098   Code   RO         3588    i.LSM6DSL_X_Get_ODR  lsm6dsl_acc_gyro_driver_hl.o
    0x0800860c   0x0800860c   0x00000026   Code   RO         3589    i.LSM6DSL_X_Get_Pedometer_Status  lsm6dsl_acc_gyro_driver_hl.o
    0x08008632   0x08008632   0x00000002   PAD
    0x08008634   0x08008634   0x00000054   Code   RO         3590    i.LSM6DSL_X_Get_Sensitivity  lsm6dsl_acc_gyro_driver_hl.o
    0x08008688   0x08008688   0x00000026   Code   RO         3591    i.LSM6DSL_X_Get_Single_Tap_Detection_Status  lsm6dsl_acc_gyro_driver_hl.o
    0x080086ae   0x080086ae   0x00000012   Code   RO         3592    i.LSM6DSL_X_Get_Step_Count  lsm6dsl_acc_gyro_driver_hl.o
    0x080086c0   0x080086c0   0x00000026   Code   RO         3593    i.LSM6DSL_X_Get_Tilt_Detection_Status  lsm6dsl_acc_gyro_driver_hl.o
    0x080086e6   0x080086e6   0x00000026   Code   RO         3594    i.LSM6DSL_X_Get_Wake_Up_Detection_Status  lsm6dsl_acc_gyro_driver_hl.o
    0x0800870c   0x0800870c   0x00000008   Code   RO         3595    i.LSM6DSL_X_Get_WhoAmI  lsm6dsl_acc_gyro_driver_hl.o
    0x08008714   0x08008714   0x00000068   Code   RO         3596    i.LSM6DSL_X_Init    lsm6dsl_acc_gyro_driver_hl.o
    0x0800877c   0x0800877c   0x0000000e   Code   RO         3597    i.LSM6DSL_X_Read_Reg  lsm6dsl_acc_gyro_driver_hl.o
    0x0800878a   0x0800878a   0x00000030   Code   RO         3598    i.LSM6DSL_X_Sensor_Disable  lsm6dsl_acc_gyro_driver_hl.o
    0x080087ba   0x080087ba   0x00000022   Code   RO         3599    i.LSM6DSL_X_Sensor_Enable  lsm6dsl_acc_gyro_driver_hl.o
    0x080087dc   0x080087dc   0x00000026   Code   RO         3600    i.LSM6DSL_X_Set_FS  lsm6dsl_acc_gyro_driver_hl.o
    0x08008802   0x08008802   0x00000038   Code   RO         3601    i.LSM6DSL_X_Set_FS_Value  lsm6dsl_acc_gyro_driver_hl.o
    0x0800883a   0x0800883a   0x00000012   Code   RO         3602    i.LSM6DSL_X_Set_Free_Fall_Threshold  lsm6dsl_acc_gyro_driver_hl.o
    0x0800884c   0x0800884c   0x00000008   Code   RO         3603    i.LSM6DSL_X_Set_Interrupt_Latch  lsm6dsl_acc_gyro_driver_hl.o
    0x08008854   0x08008854   0x0000006c   Code   RO         3604    i.LSM6DSL_X_Set_ODR  lsm6dsl_acc_gyro_driver_hl.o
    0x080088c0   0x080088c0   0x0000007c   Code   RO         3605    i.LSM6DSL_X_Set_ODR_Value  lsm6dsl_acc_gyro_driver_hl.o
    0x0800893c   0x0800893c   0x00000094   Code   RO         3606    i.LSM6DSL_X_Set_ODR_Value_When_Enabled  lsm6dsl_acc_gyro_driver_hl.o
    0x080089d0   0x080089d0   0x00000012   Code   RO         3607    i.LSM6DSL_X_Set_Pedometer_Threshold  lsm6dsl_acc_gyro_driver_hl.o
    0x080089e2   0x080089e2   0x00000022   Code   RO         3608    i.LSM6DSL_X_Set_SelfTest  lsm6dsl_acc_gyro_driver_hl.o
    0x08008a04   0x08008a04   0x00000012   Code   RO         3609    i.LSM6DSL_X_Set_Tap_Duration_Time  lsm6dsl_acc_gyro_driver_hl.o
    0x08008a16   0x08008a16   0x00000012   Code   RO         3610    i.LSM6DSL_X_Set_Tap_Quiet_Time  lsm6dsl_acc_gyro_driver_hl.o
    0x08008a28   0x08008a28   0x00000012   Code   RO         3611    i.LSM6DSL_X_Set_Tap_Shock_Time  lsm6dsl_acc_gyro_driver_hl.o
    0x08008a3a   0x08008a3a   0x00000012   Code   RO         3612    i.LSM6DSL_X_Set_Tap_Threshold  lsm6dsl_acc_gyro_driver_hl.o
    0x08008a4c   0x08008a4c   0x00000012   Code   RO         3613    i.LSM6DSL_X_Set_Wake_Up_Threshold  lsm6dsl_acc_gyro_driver_hl.o
    0x08008a5e   0x08008a5e   0x0000000e   Code   RO         3614    i.LSM6DSL_X_Write_Reg  lsm6dsl_acc_gyro_driver_hl.o
    0x08008a6c   0x08008a6c   0x0000007c   Code   RO        12332    i.LoRaMacComputeMic  loramaccrypto.o
    0x08008ae8   0x08008ae8   0x00000218   Code   RO        12101    i.LoRaMacInitialization  loramac.o
    0x08008d00   0x08008d00   0x00000048   Code   RO        12333    i.LoRaMacJoinComputeMic  loramaccrypto.o
    0x08008d48   0x08008d48   0x00000088   Code   RO        12334    i.LoRaMacJoinComputeSKeys  loramaccrypto.o
    0x08008dd0   0x08008dd0   0x00000040   Code   RO        12335    i.LoRaMacJoinDecrypt  loramaccrypto.o
    0x08008e10   0x08008e10   0x000000ec   Code   RO        12102    i.LoRaMacMcpsRequest  loramac.o
    0x08008efc   0x08008efc   0x000000d4   Code   RO        12103    i.LoRaMacMibGetRequestConfirm  loramac.o
    0x08008fd0   0x08008fd0   0x000001a0   Code   RO        12104    i.LoRaMacMibSetRequestConfirm  loramac.o
    0x08009170   0x08009170   0x00000114   Code   RO        12105    i.LoRaMacMlmeRequest  loramac.o
    0x08009284   0x08009284   0x00000010   Code   RO        12336    i.LoRaMacPayloadDecrypt  loramaccrypto.o
    0x08009294   0x08009294   0x000000c0   Code   RO        12337    i.LoRaMacPayloadEncrypt  loramaccrypto.o
    0x08009354   0x08009354   0x000000bc   Code   RO        12108    i.LoRaMacQueryTxPossible  loramac.o
    0x08009410   0x08009410   0x00000068   Code   RO        11598    i.LoraRxData        main.o
    0x08009478   0x08009478   0x00000478   Code   RO        11599    i.LoraTxData        main.o
    0x080098f0   0x080098f0   0x00000018   Code   RO        14207    i.LowPower_Disable  low_power.o
    0x08009908   0x08009908   0x00000018   Code   RO        14208    i.LowPower_Enable   low_power.o
    0x08009920   0x08009920   0x0000000c   Code   RO        14209    i.LowPower_GetState  low_power.o
    0x0800992c   0x0800992c   0x00000030   Code   RO        11758    i.MSP_GetIRQn       mlm32l0xx_hal_msp.o
    0x0800995c   0x0800995c   0x0000000c   Code   RO        12025    i.McpsConfirm       lora.o
    0x08009968   0x08009968   0x00000168   Code   RO        12026    i.McpsIndication    lora.o
    0x08009ad0   0x08009ad0   0x00000048   Code   RO        12027    i.MlmeConfirm       lora.o
    0x08009b18   0x08009b18   0x00000002   Code   RO        11928    i.NMI_Handler       mlm32l0xx_it.o
    0x08009b1a   0x08009b1a   0x00000002   PAD
    0x08009b1c   0x08009b1c   0x00000044   Code   RO         9140    i.NVIC_SetPriority  stm32l0xx_hal_cortex.o
    0x08009b60   0x08009b60   0x00000038   Code   RO        12113    i.OnAckTimeoutTimerEvent  loramac.o
    0x08009b98   0x08009b98   0x00000214   Code   RO        12114    i.OnMacStateCheckTimerEvent  loramac.o
    0x08009dac   0x08009dac   0x00000474   Code   RO        12115    i.OnRadioRxDone     loramac.o
    0x0800a220   0x0800a220   0x00000048   Code   RO        12116    i.OnRadioRxError    loramac.o
    0x0800a268   0x0800a268   0x00000048   Code   RO        12117    i.OnRadioRxTimeout  loramac.o
    0x0800a2b0   0x0800a2b0   0x00000100   Code   RO        12118    i.OnRadioTxDone     loramac.o
    0x0800a3b0   0x0800a3b0   0x0000003c   Code   RO        12119    i.OnRadioTxTimeout  loramac.o
    0x0800a3ec   0x0800a3ec   0x00000058   Code   RO        12120    i.OnRxWindow1TimerEvent  loramac.o
    0x0800a444   0x0800a444   0x0000005c   Code   RO        12121    i.OnRxWindow2TimerEvent  loramac.o
    0x0800a4a0   0x0800a4a0   0x0000002c   Code   RO        12028    i.OnSendEvent       lora.o
    0x0800a4cc   0x0800a4cc   0x0000001c   Code   RO         7512    i.OnTcxoStopTimerEvent  mlm32l07x01.o
    0x0800a4e8   0x0800a4e8   0x0000000a   Code   RO        11600    i.OnTimerLedEvent   main.o
    0x0800a4f2   0x0800a4f2   0x00000002   PAD
    0x0800a4f4   0x0800a4f4   0x00000070   Code   RO        12122    i.OnTxDelayedTimerEvent  loramac.o
    0x0800a564   0x0800a564   0x00000014   Code   RO        12029    i.OnTxNextPacketTimerEvent  lora.o
    0x0800a578   0x0800a578   0x00000054   Code   RO        12123    i.ParseMacCommandsToRepeat  loramac.o
    0x0800a5cc   0x0800a5cc   0x00000002   Code   RO        11929    i.PendSV_Handler    mlm32l0xx_it.o
    0x0800a5ce   0x0800a5ce   0x00000002   PAD
    0x0800a5d0   0x0800a5d0   0x000002a4   Code   RO        12124    i.PrepareFrame      loramac.o
    0x0800a874   0x0800a874   0x0000004c   Code   RO        12125    i.PrepareRxDoneAbort  loramac.o
    0x0800a8c0   0x0800a8c0   0x00000070   Code   RO        12030    i.PrepareTxFrame    lora.o
    0x0800a930   0x0800a930   0x000002b0   Code   RO        12126    i.ProcessMacCommands  loramac.o
    0x0800abe0   0x0800abe0   0x00000070   Code   RO         8748    i.RCC_SetFlashLatencyFromMSIRange  stm32l0xx_hal_rcc.o
    0x0800ac50   0x0800ac50   0x00000010   Code   RO         9557    i.RTC_Bcd2ToByte    stm32l0xx_hal_rtc.o
    0x0800ac60   0x0800ac60   0x00000016   Code   RO         9558    i.RTC_ByteToBcd2    stm32l0xx_hal_rtc.o
    0x0800ac76   0x0800ac76   0x00000038   Code   RO         9559    i.RTC_EnterInitMode  stm32l0xx_hal_rtc.o
    0x0800acae   0x0800acae   0x00000008   Code   RO        11930    i.RTC_IRQHandler    mlm32l0xx_it.o
    0x0800acb6   0x0800acb6   0x00000002   PAD
    0x0800acb8   0x0800acb8   0x00000060   Code   RO        12552    i.RegionAS923AdrNext  regionas923.o
    0x0800ad18   0x0800ad18   0x00000004   Code   RO        12553    i.RegionAS923AlternateDr  regionas923.o
    0x0800ad1c   0x0800ad1c   0x00000064   Code   RO        12554    i.RegionAS923ApplyCFList  regionas923.o
    0x0800ad80   0x0800ad80   0x0000005c   Code   RO        12555    i.RegionAS923CalcBackOff  regionas923.o
    0x0800addc   0x0800addc   0x0000002c   Code   RO        12556    i.RegionAS923ChanMaskSet  regionas923.o
    0x0800ae08   0x0800ae08   0x000000d4   Code   RO        12557    i.RegionAS923ChannelAdd  regionas923.o
    0x0800aedc   0x0800aedc   0x00000030   Code   RO        12558    i.RegionAS923ChannelsRemove  regionas923.o
    0x0800af0c   0x0800af0c   0x00000038   Code   RO        12559    i.RegionAS923DlChannelReq  regionas923.o
    0x0800af44   0x0800af44   0x000000c8   Code   RO        12560    i.RegionAS923GetPhyParam  regionas923.o
    0x0800b00c   0x0800b00c   0x00000048   Code   RO        12561    i.RegionAS923InitDefaults  regionas923.o
    0x0800b054   0x0800b054   0x00000118   Code   RO        12562    i.RegionAS923LinkAdrReq  regionas923.o
    0x0800b16c   0x0800b16c   0x00000048   Code   RO        12563    i.RegionAS923NewChannelReq  regionas923.o
    0x0800b1b4   0x0800b1b4   0x00000104   Code   RO        12564    i.RegionAS923NextChannel  regionas923.o
    0x0800b2b8   0x0800b2b8   0x00000134   Code   RO        12565    i.RegionAS923RxConfig  regionas923.o
    0x0800b3ec   0x0800b3ec   0x00000044   Code   RO        12566    i.RegionAS923RxParamSetupReq  regionas923.o
    0x0800b430   0x0800b430   0x00000028   Code   RO        12567    i.RegionAS923SetBandTxDone  regionas923.o
    0x0800b458   0x0800b458   0x0000002c   Code   RO        12568    i.RegionAS923SetContinuousWave  regionas923.o
    0x0800b484   0x0800b484   0x000000b8   Code   RO        12569    i.RegionAS923TxConfig  regionas923.o
    0x0800b53c   0x0800b53c   0x00000004   Code   RO        12570    i.RegionAS923TxParamSetupReq  regionas923.o
    0x0800b540   0x0800b540   0x00000040   Code   RO        12571    i.RegionAS923Verify  regionas923.o
    0x0800b580   0x0800b580   0x0000001e   Code   RO        12398    i.RegionAdrNext     region.o
    0x0800b59e   0x0800b59e   0x00000012   Code   RO        12399    i.RegionAlternateDr  region.o
    0x0800b5b0   0x0800b5b0   0x0000000e   Code   RO        12400    i.RegionApplyCFList  region.o
    0x0800b5be   0x0800b5be   0x0000000e   Code   RO        12401    i.RegionCalcBackOff  region.o
    0x0800b5cc   0x0800b5cc   0x00000012   Code   RO        12402    i.RegionChanMaskSet  region.o
    0x0800b5de   0x0800b5de   0x00000026   Code   RO        13167    i.RegionCommonChanDisable  regioncommon.o
    0x0800b604   0x0800b604   0x0000001e   Code   RO        13168    i.RegionCommonChanMaskCopy  regioncommon.o
    0x0800b622   0x0800b622   0x00000060   Code   RO        13169    i.RegionCommonChanVerifyDr  regioncommon.o
    0x0800b682   0x0800b682   0x00000044   Code   RO        13170    i.RegionCommonCountChannels  regioncommon.o
    0x0800b6c6   0x0800b6c6   0x00000002   PAD
    0x0800b6c8   0x0800b6c8   0x00000028   Code   RO        13171    i.RegionCommonGetJoinDc  regioncommon.o
    0x0800b6f0   0x0800b6f0   0x00000036   Code   RO        13172    i.RegionCommonParseLinkAdrReq  regioncommon.o
    0x0800b726   0x0800b726   0x00000004   Code   RO        13173    i.RegionCommonSetBandTxDone  regioncommon.o
    0x0800b72a   0x0800b72a   0x00000076   Code   RO        13174    i.RegionCommonUpdateBandTimeOff  regioncommon.o
    0x0800b7a0   0x0800b7a0   0x00000010   Code   RO        13175    i.RegionCommonValueInRange  regioncommon.o
    0x0800b7b0   0x0800b7b0   0x00000012   Code   RO        12405    i.RegionDlChannelReq  region.o
    0x0800b7c2   0x0800b7c2   0x0000000e   Code   RO        12406    i.RegionGetPhyParam  region.o
    0x0800b7d0   0x0800b7d0   0x0000000e   Code   RO        12407    i.RegionInitDefaults  region.o
    0x0800b7de   0x0800b7de   0x0000000c   Code   RO        12408    i.RegionIsActive    region.o
    0x0800b7ea   0x0800b7ea   0x00000022   Code   RO        12409    i.RegionLinkAdrReq  region.o
    0x0800b80c   0x0800b80c   0x00000012   Code   RO        12410    i.RegionNewChannelReq  region.o
    0x0800b81e   0x0800b81e   0x0000001a   Code   RO        12411    i.RegionNextChannel  region.o
    0x0800b838   0x0800b838   0x00000016   Code   RO        12412    i.RegionRxConfig    region.o
    0x0800b84e   0x0800b84e   0x00000012   Code   RO        12413    i.RegionRxParamSetupReq  region.o
    0x0800b860   0x0800b860   0x0000000e   Code   RO        12414    i.RegionSetBandTxDone  region.o
    0x0800b86e   0x0800b86e   0x0000000e   Code   RO        12415    i.RegionSetContinuousWave  region.o
    0x0800b87c   0x0800b87c   0x0000001a   Code   RO        12416    i.RegionTxConfig    region.o
    0x0800b896   0x0800b896   0x00000012   Code   RO        12417    i.RegionTxParamSetupReq  region.o
    0x0800b8a8   0x0800b8a8   0x00000016   Code   RO        12418    i.RegionVerify      region.o
    0x0800b8be   0x0800b8be   0x00000002   PAD
    0x0800b8c0   0x0800b8c0   0x0000008c   Code   RO        12127    i.ResetMacParameters  loramac.o
    0x0800b94c   0x0800b94c   0x00000094   Code   RO         7646    i.RxChainCalibration  sx1276.o
    0x0800b9e0   0x0800b9e0   0x00000018   Code   RO        12128    i.RxWindowSetup     loramac.o
    0x0800b9f8   0x0800b9f8   0x000000b2   Code   RO         8015    i.SPI_WaitOnFlagUntilTimeout  stm32l0xx_hal_spi.o
    0x0800baaa   0x0800baaa   0x00000002   Code   RO        11931    i.SVC_Handler       mlm32l0xx_it.o
    0x0800baac   0x0800baac   0x00000004   Code   RO         7513    i.SX1276CheckRfFrequency  mlm32l07x01.o
    0x0800bab0   0x0800bab0   0x0000000c   Code   RO         7647    i.SX1276GetStatus   sx1276.o
    0x0800babc   0x0800babc   0x000001e4   Code   RO         7648    i.SX1276GetTimeOnAir  sx1276.o
    0x0800bca0   0x0800bca0   0x00000088   Code   RO         7649    i.SX1276Init        sx1276.o
    0x0800bd28   0x0800bd28   0x00000050   Code   RO         7515    i.SX1276IoDeInit    mlm32l07x01.o
    0x0800bd78   0x0800bd78   0x00000064   Code   RO         7516    i.SX1276IoInit      mlm32l07x01.o
    0x0800bddc   0x0800bddc   0x00000044   Code   RO         7517    i.SX1276IoIrqInit   mlm32l07x01.o
    0x0800be20   0x0800be20   0x00000036   Code   RO         7650    i.SX1276IsChannelFree  sx1276.o
    0x0800be56   0x0800be56   0x00000002   PAD
    0x0800be58   0x0800be58   0x0000025c   Code   RO         7651    i.SX1276OnDio0Irq   sx1276.o
    0x0800c0b4   0x0800c0b4   0x000000d8   Code   RO         7652    i.SX1276OnDio1Irq   sx1276.o
    0x0800c18c   0x0800c18c   0x000000b4   Code   RO         7653    i.SX1276OnDio2Irq   sx1276.o
    0x0800c240   0x0800c240   0x00000054   Code   RO         7654    i.SX1276OnDio3Irq   sx1276.o
    0x0800c294   0x0800c294   0x0000001c   Code   RO         7655    i.SX1276OnDio4Irq   sx1276.o
    0x0800c2b0   0x0800c2b0   0x00000084   Code   RO         7657    i.SX1276OnTimeoutIrq  sx1276.o
    0x0800c334   0x0800c334   0x0000003e   Code   RO         7658    i.SX1276Random      sx1276.o
    0x0800c372   0x0800c372   0x00000010   Code   RO         7659    i.SX1276Read        sx1276.o
    0x0800c382   0x0800c382   0x00000042   Code   RO         7660    i.SX1276ReadBuffer  sx1276.o
    0x0800c3c4   0x0800c3c4   0x0000000e   Code   RO         7661    i.SX1276ReadFifo    sx1276.o
    0x0800c3d2   0x0800c3d2   0x00000002   PAD
    0x0800c3d4   0x0800c3d4   0x00000044   Code   RO         7662    i.SX1276ReadRssi    sx1276.o
    0x0800c418   0x0800c418   0x00000050   Code   RO         7663    i.SX1276Reset       sx1276.o
    0x0800c468   0x0800c468   0x000000ec   Code   RO         7664    i.SX1276Send        sx1276.o
    0x0800c554   0x0800c554   0x00000044   Code   RO         7518    i.SX1276SetAntSw    mlm32l07x01.o
    0x0800c598   0x0800c598   0x000000f4   Code   RO         7519    i.SX1276SetAntSwLowPower  mlm32l07x01.o
    0x0800c68c   0x0800c68c   0x00000050   Code   RO         7665    i.SX1276SetChannel  sx1276.o
    0x0800c6dc   0x0800c6dc   0x00000030   Code   RO         7666    i.SX1276SetMaxPayloadLength  sx1276.o
    0x0800c70c   0x0800c70c   0x00000060   Code   RO         7667    i.SX1276SetModem    sx1276.o
    0x0800c76c   0x0800c76c   0x0000002e   Code   RO         7668    i.SX1276SetOpMode   sx1276.o
    0x0800c79a   0x0800c79a   0x00000090   Code   RO         7520    i.SX1276SetRfTxPower  mlm32l07x01.o
    0x0800c82a   0x0800c82a   0x00000002   PAD
    0x0800c82c   0x0800c82c   0x00000264   Code   RO         7669    i.SX1276SetRx       sx1276.o
    0x0800ca90   0x0800ca90   0x00000248   Code   RO         7670    i.SX1276SetRxConfig  sx1276.o
    0x0800ccd8   0x0800ccd8   0x00000024   Code   RO         7671    i.SX1276SetSleep    sx1276.o
    0x0800ccfc   0x0800ccfc   0x00000024   Code   RO         7672    i.SX1276SetStby     sx1276.o
    0x0800cd20   0x0800cd20   0x00000014   Code   RO         7673    i.SX1276SetSyncWord  sx1276.o
    0x0800cd34   0x0800cd34   0x000000a4   Code   RO         7674    i.SX1276SetTx       sx1276.o
    0x0800cdd8   0x0800cdd8   0x000001f0   Code   RO         7675    i.SX1276SetTxConfig  sx1276.o
    0x0800cfc8   0x0800cfc8   0x00000090   Code   RO         7676    i.SX1276SetTxContinuousWave  sx1276.o
    0x0800d058   0x0800d058   0x00000038   Code   RO         7677    i.SX1276StartCad    sx1276.o
    0x0800d090   0x0800d090   0x0000000c   Code   RO         7678    i.SX1276Write       sx1276.o
    0x0800d09c   0x0800d09c   0x00000042   Code   RO         7679    i.SX1276WriteBuffer  sx1276.o
    0x0800d0de   0x0800d0de   0x0000000e   Code   RO         7680    i.SX1276WriteFifo   sx1276.o
    0x0800d0ec   0x0800d0ec   0x00000088   Code   RO        12129    i.ScheduleTx        loramac.o
    0x0800d174   0x0800d174   0x00000040   Code   RO        12130    i.Send              loramac.o
    0x0800d1b4   0x0800d1b4   0x0000006c   Code   RO        12031    i.SendFrame         lora.o
    0x0800d220   0x0800d220   0x00000090   Code   RO        12131    i.SendFrameOnChannel  loramac.o
    0x0800d2b0   0x0800d2b0   0x0000000e   Code   RO         5904    i.Sensor_IO_Init    x_nucleo_iks01a2.o
    0x0800d2be   0x0800d2be   0x00000002   PAD
    0x0800d2c0   0x0800d2c0   0x00000030   Code   RO         5905    i.Sensor_IO_Read    x_nucleo_iks01a2.o
    0x0800d2f0   0x0800d2f0   0x00000030   Code   RO         5906    i.Sensor_IO_Write   x_nucleo_iks01a2.o
    0x0800d320   0x0800d320   0x00000028   Code   RO        12132    i.SetPublicNetwork  loramac.o
    0x0800d348   0x0800d348   0x00000050   Code   RO        12133    i.SetTxContinuousWave  loramac.o
    0x0800d398   0x0800d398   0x00000008   Code   RO        11932    i.SysTick_Handler   mlm32l0xx_it.o
    0x0800d3a0   0x0800d3a0   0x0000008c   Code   RO        11826    i.SystemClock_Config  mlm32l0xx_hw.o
    0x0800d42c   0x0800d42c   0x00000054   Code   RO         7944    i.SystemInit        system_stm32l0xx.o
    0x0800d480   0x0800d480   0x0000000c   Code   RO        14247    i.TimerGetCurrentTime  timeserver.o
    0x0800d48c   0x0800d48c   0x00000018   Code   RO        14248    i.TimerGetElapsedTime  timeserver.o
    0x0800d4a4   0x0800d4a4   0x0000000e   Code   RO        14249    i.TimerInit         timeserver.o
    0x0800d4b2   0x0800d4b2   0x00000002   PAD
    0x0800d4b4   0x0800d4b4   0x0000001c   Code   RO        14250    i.TimerInsertNewHeadTimer  timeserver.o
    0x0800d4d0   0x0800d4d0   0x00000078   Code   RO        14251    i.TimerIrqHandler   timeserver.o
    0x0800d548   0x0800d548   0x0000002c   Code   RO        14253    i.TimerSetTimeout   timeserver.o
    0x0800d574   0x0800d574   0x00000022   Code   RO        14254    i.TimerSetValue     timeserver.o
    0x0800d596   0x0800d596   0x00000002   PAD
    0x0800d598   0x0800d598   0x00000070   Code   RO        14255    i.TimerStart        timeserver.o
    0x0800d608   0x0800d608   0x00000060   Code   RO        14256    i.TimerStop         timeserver.o
    0x0800d668   0x0800d668   0x000000ca   Code   RO         8251    i.UART_AdvFeatureConfig  stm32l0xx_hal_uart.o
    0x0800d732   0x0800d732   0x00000002   PAD
    0x0800d734   0x0800d734   0x00000060   Code   RO         8252    i.UART_CheckIdleState  stm32l0xx_hal_uart.o
    0x0800d794   0x0800d794   0x00000230   Code   RO         8266    i.UART_SetConfig    stm32l0xx_hal_uart.o
    0x0800d9c4   0x0800d9c4   0x00000062   Code   RO         8268    i.UART_WaitOnFlagUntilTimeout  stm32l0xx_hal_uart.o
    0x0800da26   0x0800da26   0x00000008   Code   RO        11933    i.USART2_IRQHandler  mlm32l0xx_it.o
    0x0800da2e   0x0800da2e   0x00000002   PAD
    0x0800da30   0x0800da30   0x00000040   Code   RO        12134    i.ValidatePayloadLength  loramac.o
    0x0800da70   0x0800da70   0x00000014   Code   RO        12572    i.VerifyTxFreq      regionas923.o
    0x0800da84   0x0800da84   0x00000020   Code   RO        14749    i.__0printf         mc_p.l(printfa.o)
    0x0800daa4   0x0800daa4   0x00000024   Code   RO        14755    i.__0vsprintf       mc_p.l(printfa.o)
    0x0800dac8   0x0800dac8   0x0000002e   Code   RO        14875    i.__ARM_clz         mf_p.l(depilogue.o)
    0x0800daf6   0x0800daf6   0x00000030   Code   RO        11541    i.__ARM_common_ll_muluu  hw_rtc.o
    0x0800db26   0x0800db26   0x0000001a   Code   RO          434    i.__ARM_common_switch8  hts221_driver_hl.o
    0x0800db40   0x0800db40   0x0000002c   Code   RO        14881    i.__ARM_fpclassify  m_ps.l(fpclassify.o)
    0x0800db6c   0x0800db6c   0x000000ac   Code   RO        14883    i.__kernel_poly     m_ps.l(poly.o)
    0x0800dc18   0x0800dc18   0x0000000a   Code   RO        14826    i.__mathlib_dbl_infnan  m_ps.l(dunder.o)
    0x0800dc22   0x0800dc22   0x00000008   Code   RO        14827    i.__mathlib_dbl_infnan2  m_ps.l(dunder.o)
    0x0800dc2a   0x0800dc2a   0x00000002   PAD
    0x0800dc2c   0x0800dc2c   0x00000014   Code   RO        14831    i.__mathlib_dbl_underflow  m_ps.l(dunder.o)
    0x0800dc40   0x0800dc40   0x0000000e   Code   RO        14891    i.__scatterload_copy  mc_p.l(handlers.o)
    0x0800dc4e   0x0800dc4e   0x00000002   Code   RO        14892    i.__scatterload_null  mc_p.l(handlers.o)
    0x0800dc50   0x0800dc50   0x0000000e   Code   RO        14893    i.__scatterload_zeroinit  mc_p.l(handlers.o)
    0x0800dc5e   0x0800dc5e   0x00000002   PAD
    0x0800dc60   0x0800dc60   0x00000174   Code   RO        14756    i._fp_digits        mc_p.l(printfa.o)
    0x0800ddd4   0x0800ddd4   0x000006ec   Code   RO        14757    i._printf_core      mc_p.l(printfa.o)
    0x0800e4c0   0x0800e4c0   0x00000020   Code   RO        14758    i._printf_post_padding  mc_p.l(printfa.o)
    0x0800e4e0   0x0800e4e0   0x0000002c   Code   RO        14759    i._printf_pre_padding  mc_p.l(printfa.o)
    0x0800e50c   0x0800e50c   0x0000000a   Code   RO        14761    i._sputc            mc_p.l(printfa.o)
    0x0800e516   0x0800e516   0x00000054   Code   RO        14391    i.aes_encrypt       aes.o
    0x0800e56a   0x0800e56a   0x00000002   PAD
    0x0800e56c   0x0800e56c   0x000000fc   Code   RO        14392    i.aes_set_key       aes.o
    0x0800e668   0x0800e668   0x0000021c   Code   RO        14816    i.atan              m_ps.l(atan.o)
    0x0800e884   0x0800e884   0x00000178   Code   RO        14480    i.atan2             m_ps.l(atan2.o)
    0x0800e9fc   0x0800e9fc   0x000000c8   Code   RO        14488    i.ceil              m_ps.l(ceil.o)
    0x0800eac4   0x0800eac4   0x00000084   Code   RO        14393    i.copy_and_key      aes.o
    0x0800eb48   0x0800eb48   0x00000042   Code   RO        14394    i.copy_block        aes.o
    0x0800eb8a   0x0800eb8a   0x00000002   PAD
    0x0800eb8c   0x0800eb8c   0x000000c8   Code   RO        14492    i.floor             m_ps.l(floor.o)
    0x0800ec54   0x0800ec54   0x00000012   Code   RO        14854    i.fputc             mc_p.l(fputc.o)
    0x0800ec66   0x0800ec66   0x00000002   PAD
    0x0800ec68   0x0800ec68   0x000000dc   Code   RO        12032    i.lora_Init         lora.o
    0x0800ed44   0x0800ed44   0x00000138   Code   RO        12033    i.lora_fsm          lora.o
    0x0800ee7c   0x0800ee7c   0x0000000c   Code   RO        12034    i.lora_getDeviceState  lora.o
    0x0800ee88   0x0800ee88   0x000000a8   Code   RO        11601    i.mag_concatenation  main.o
    0x0800ef30   0x0800ef30   0x00000078   Code   RO        11602    i.main              main.o
    0x0800efa8   0x0800efa8   0x00000016   Code   RO        14335    i.memcpy1           utilities.o
    0x0800efbe   0x0800efbe   0x0000001a   Code   RO        14336    i.memcpyr           utilities.o
    0x0800efd8   0x0800efd8   0x00000012   Code   RO        14337    i.memset1           utilities.o
    0x0800efea   0x0800efea   0x00000002   PAD
    0x0800efec   0x0800efec   0x00000218   Code   RO        14395    i.mix_sub_columns   aes.o
    0x0800f204   0x0800f204   0x0000002c   Code   RO        14338    i.rand1             utilities.o
    0x0800f230   0x0800f230   0x00000016   Code   RO        14339    i.randr             utilities.o
    0x0800f246   0x0800f246   0x00000002   PAD
    0x0800f248   0x0800f248   0x0000009c   Code   RO        14495    i.round             m_ps.l(round.o)
    0x0800f2e4   0x0800f2e4   0x00000068   Code   RO        14396    i.shift_sub_rows    aes.o
    0x0800f34c   0x0800f34c   0x0000000c   Code   RO        14340    i.srand1            utilities.o
    0x0800f358   0x0800f358   0x00000044   Code   RO        11672    i.vcom_Init         vcom.o
    0x0800f39c   0x0800f39c   0x0000005c   Code   RO        11674    i.vcom_IoInit       vcom.o
    0x0800f3f8   0x0800f3f8   0x00000054   Code   RO        11675    i.vcom_Print        vcom.o
    0x0800f44c   0x0800f44c   0x0000007c   Code   RO        11676    i.vcom_Send         vcom.o
    0x0800f4c8   0x0800f4c8   0x00000082   Code   RO        14397    i.xor_block         aes.o
    0x0800f54a   0x0800f54a   0x00000006   PAD
    0x0800f550   0x0800f550   0x00000060   Data   RO         4233    .constdata          lsm303agr_acc_driver.o
    0x0800f5b0   0x0800f5b0   0x00000064   Data   RO         7522    .constdata          mlm32l07x01.o
    0x0800f614   0x0800f614   0x000000e0   Data   RO         7682    .constdata          sx1276.o
    0x0800f6f4   0x0800f6f4   0x0000000c   Data   RO         7887    .constdata          b-l072z-lrwan1.o
    0x0800f700   0x0800f700   0x00000019   Data   RO         7945    .constdata          system_stm32l0xx.o
    0x0800f719   0x0800f719   0x00000008   Data   RO         7946    .constdata          system_stm32l0xx.o
    0x0800f721   0x0800f721   0x00000018   Data   RO        11451    .constdata          hw_rtc.o
    0x0800f739   0x0800f739   0x00000010   Data   RO        12136    .constdata          loramac.o
    0x0800f749   0x0800f749   0x00000003   PAD
    0x0800f74c   0x0800f74c   0x00000048   Data   RO        12574    .constdata          regionas923.o
    0x0800f794   0x0800f794   0x00000300   Data   RO        14398    .constdata          aes.o
    0x0800fa94   0x0800fa94   0x00000004   PAD
    0x0800fa98   0x0800fa98   0x00000098   Data   RO        14817    .constdata          m_ps.l(atan.o)
    0x0800fb30   0x0800fb30   0x00000008   Data   RO        14839    .constdata          m_ps.l(qnan.o)
    0x0800fb38   0x0800fb38   0x00000043   Data   RO           39    .conststring        hts221_driver.o
    0x0800fb7b   0x0800fb7b   0x00000001   PAD
    0x0800fb7c   0x0800fb7c   0x00000020   Data   RO        14889    Region$$Table       anon$$obj.o


    Execution Region RW_IRAM1 (Exec base: 0x20000000, Load base: 0x0800fb9c, Size: 0x000016e8, Max: 0x00005000, ABSOLUTE, COMPRESSED[0x00000304])

    Exec Addr    Load Addr    Size         Type   Attr      Idx    E Section Name        Object

    0x20000000   COMPRESSED   0x00000034   Data   RW          282    .data               hts221_driver_hl.o
    0x20000034   COMPRESSED   0x00000034   Data   RW          283    .data               hts221_driver_hl.o
    0x20000068   COMPRESSED   0x00000004   Data   RW          284    .data               hts221_driver_hl.o
    0x2000006c   COMPRESSED   0x00000034   Data   RW          902    .data               lps22hb_driver_hl.o
    0x200000a0   COMPRESSED   0x00000034   Data   RW          903    .data               lps22hb_driver_hl.o
    0x200000d4   COMPRESSED   0x0000003c   Data   RW          904    .data               lps22hb_driver_hl.o
    0x20000110   COMPRESSED   0x0000003c   Data   RW          905    .data               lps22hb_driver_hl.o
    0x2000014c   COMPRESSED   0x00000008   Data   RW          906    .data               lps22hb_driver_hl.o
    0x20000154   COMPRESSED   0x000000d0   Data   RW         3615    .data               lsm6dsl_acc_gyro_driver_hl.o
    0x20000224   COMPRESSED   0x0000003c   Data   RW         3616    .data               lsm6dsl_acc_gyro_driver_hl.o
    0x20000260   COMPRESSED   0x00000050   Data   RW         3617    .data               lsm6dsl_acc_gyro_driver_hl.o
    0x200002b0   COMPRESSED   0x00000050   Data   RW         3618    .data               lsm6dsl_acc_gyro_driver_hl.o
    0x20000300   COMPRESSED   0x00000002   Data   RW         3619    .data               lsm6dsl_acc_gyro_driver_hl.o
    0x20000302   COMPRESSED   0x00000002   PAD
    0x20000304   COMPRESSED   0x00000050   Data   RW         5223    .data               lsm303agr_acc_driver_hl.o
    0x20000354   COMPRESSED   0x00000048   Data   RW         5806    .data               lsm303agr_mag_driver_hl.o
    0x2000039c   COMPRESSED   0x00000004   Data   RW         5908    .data               x_nucleo_iks01a2.o
    0x200003a0   COMPRESSED   0x0000000c   Data   RW         6090    .data               x_nucleo_iks01a2_humidity.o
    0x200003ac   COMPRESSED   0x0000000c   Data   RW         6236    .data               x_nucleo_iks01a2_pressure.o
    0x200003b8   COMPRESSED   0x00000008   Data   RW         6434    .data               x_nucleo_iks01a2_temperature.o
    0x200003c0   COMPRESSED   0x00000010   Data   RW         6642    .data               x_nucleo_iks01a2_gyro.o
    0x200003d0   COMPRESSED   0x0000000c   Data   RW         6888    .data               x_nucleo_iks01a2_magneto.o
    0x200003dc   COMPRESSED   0x0000000c   Data   RW         7103    .data               x_nucleo_iks01a2_accelero.o
    0x200003e8   COMPRESSED   0x00000001   Data   RW         7523    .data               mlm32l07x01.o
    0x200003e9   COMPRESSED   0x00000003   PAD
    0x200003ec   COMPRESSED   0x0000001c   Data   RW         7683    .data               sx1276.o
    0x20000408   COMPRESSED   0x00000014   Data   RW         7888    .data               b-l072z-lrwan1.o
    0x2000041c   COMPRESSED   0x00000004   Data   RW         7947    .data               system_stm32l0xx.o
    0x20000420   COMPRESSED   0x00000004   Data   RW         8985    .data               stm32l0xx_hal.o
    0x20000424   COMPRESSED   0x0000001c   Data   RW        11099    .data               bsp.o
    0x20000440   COMPRESSED   0x00000004   Data   RW        11452    .data               hw_rtc.o
    0x20000444   COMPRESSED   0x00000024   Data   RW        11604    .data               main.o
    0x20000468   COMPRESSED   0x00000004   Data   RW        11679    .data               vcom.o
    0x2000046c   COMPRESSED   0x00000002   Data   RW        11828    .data               mlm32l0xx_hw.o
    0x2000046e   COMPRESSED   0x00000002   PAD
    0x20000470   COMPRESSED   0x0000005c   Data   RW        12037    .data               lora.o
    0x200004cc   COMPRESSED   0x00000068   Data   RW        12137    .data               loramac.o
    0x20000534   COMPRESSED   0x00000020   Data   RW        12339    .data               loramaccrypto.o
    0x20000554   COMPRESSED   0x00000010   Data   RW        12575    .data               regionas923.o
    0x20000564   COMPRESSED   0x00000004   Data   RW        14211    .data               low_power.o
    0x20000568   COMPRESSED   0x00000004   Data   RW        14257    .data               timeserver.o
    0x2000056c   COMPRESSED   0x00000004   Data   RW        14341    .data               utilities.o
    0x20000570   COMPRESSED   0x00000004   Data   RW        14856    .data               mc_p.l(stdout.o)
    0x20000574        -       0x0000004c   Zero   RW         5907    .bss                x_nucleo_iks01a2.o
    0x200005c0        -       0x00000014   Zero   RW         6089    .bss                x_nucleo_iks01a2_humidity.o
    0x200005d4        -       0x00000014   Zero   RW         6235    .bss                x_nucleo_iks01a2_pressure.o
    0x200005e8        -       0x00000038   Zero   RW         6433    .bss                x_nucleo_iks01a2_temperature.o
    0x20000620        -       0x00000014   Zero   RW         6641    .bss                x_nucleo_iks01a2_gyro.o
    0x20000634        -       0x00000014   Zero   RW         6887    .bss                x_nucleo_iks01a2_magneto.o
    0x20000648        -       0x00000038   Zero   RW         7102    .bss                x_nucleo_iks01a2_accelero.o
    0x20000680        -       0x00000014   Zero   RW         7521    .bss                mlm32l07x01.o
    0x20000694        -       0x0000019c   Zero   RW         7681    .bss                sx1276.o
    0x20000830        -       0x00000024   Zero   RW        11098    .bss                bsp.o
    0x20000854        -       0x00000040   Zero   RW        11388    .bss                hw_gpio.o
    0x20000894        -       0x00000068   Zero   RW        11450    .bss                hw_rtc.o
    0x200008fc        -       0x00000058   Zero   RW        11557    .bss                hw_spi.o
    0x20000954        -       0x00000014   Zero   RW        11603    .bss                main.o
    0x20000968        -       0x00000170   Zero   RW        11678    .bss                vcom.o
    0x20000ad8        -       0x00000060   Zero   RW        11827    .bss                mlm32l0xx_hw.o
    0x20000b38        -       0x00000040   Zero   RW        12035    .bss                lora.o
    0x20000b78        -       0x00000040   Zero   RW        12036    .bss                lora.o
    0x20000bb8        -       0x00000444   Zero   RW        12135    .bss                loramac.o
    0x20000ffc        -       0x0000022c   Zero   RW        12338    .bss                loramaccrypto.o
    0x20001228        -       0x000000c0   Zero   RW        12573    .bss                regionas923.o
    0x200012e8        -       0x00000400   Zero   RW        11086    STACK               startup_stm32l072xx.o


==============================================================================

Image component sizes


      Code (inc. data)   RO Data    RW Data    ZI Data      Debug   Object Name

      1304         12        768          0          0      14768   aes.o
       356         58         12         20          0      12946   b-l072z-lrwan1.o
       276         28          0         28         36     316267   bsp.o
       516          0          0          0          0       4697   cmac.o
       130          8          0          0          0       1503   debug.o
         8          0          0          0          0       1202   delay.o
       884         78         67          0          0      19916   hts221_driver.o
      1006         38          0        108          0      31830   hts221_driver_hl.o
       226         26          0          0         64       4077   hw_gpio.o
       934         98         24          4        104      11789   hw_rtc.o
       260         28          0          0         88       2765   hw_spi.o
      1272        204          0         92        128       9472   lora.o
      6712        462         16        104       1092      44564   loramac.o
       604         42          0         32        556       8155   loramaccrypto.o
        60         14          0          4          0       2597   low_power.o
      1230          0          0          0          0      29989   lps22hb_driver.o
      1672        100          0        232          0      44263   lps22hb_driver_hl.o
      1000          4         96          0          0      33017   lsm303agr_acc_driver.o
      1590        176          0         80          0      22042   lsm303agr_acc_driver_hl.o
       404          0          0          0          0      16883   lsm303agr_mag_driver.o
       696         48          0         72          0      16830   lsm303agr_mag_driver_hl.o
      3690          0          0          0          0     100645   lsm6dsl_acc_gyro_driver.o
      5518        538          0        430          0      91483   lsm6dsl_acc_gyro_driver_hl.o
      1546        620          0         36         20      14843   main.o
       736         62        100          1         20      17023   mlm32l07x01.o
       216         16          0          0          0       4156   mlm32l0xx_hal_msp.o
       808        118          0          2         96       6659   mlm32l0xx_hw.o
       158          0          0          0          0       5296   mlm32l0xx_it.o
       364          0          0          0          0      34445   region.o
      2440        210         72         16        192      26582   regionas923.o
       464         14          0          0          0       9617   regioncommon.o
        28          8        192          0       1024        684   startup_stm32l072xx.o
       108         30          0          4          0       4989   stm32l0xx_hal.o
      1026         36          0          0          0       7544   stm32l0xx_hal_adc.o
       170          0          0          0          0       1702   stm32l0xx_hal_adc_ex.o
       136         26          0          0          0      11888   stm32l0xx_hal_cortex.o
       424         38          0          0          0       3447   stm32l0xx_hal_gpio.o
      1556         26          0          0          0      15880   stm32l0xx_hal_i2c.o
        16          4          0          0          0        617   stm32l0xx_hal_pwr.o
        32          8          0          0          0       1281   stm32l0xx_hal_pwr_ex.o
      1772        114          0          0          0       7460   stm32l0xx_hal_rcc.o
       844         56          0          0          0       3685   stm32l0xx_hal_rcc_ex.o
      1610         34          0          0          0      11534   stm32l0xx_hal_rtc.o
        62          0          0          0          0       2003   stm32l0xx_hal_rtc_ex.o
      1008          0          0          0          0       4795   stm32l0xx_hal_spi.o
      1264         80          0          0          0       7301   stm32l0xx_hal_uart.o
      5174        332        224         28        412      34439   sx1276.o
        84         18         33          4          0       1803   system_stm32l0xx.o
       484         18          0          4          0       8627   timeserver.o
       144         24          0          4          0       5059   utilities.o
       392         42          0          4        368       6511   vcom.o
       498         72          0          4         76     411958   x_nucleo_iks01a2.o
       376         32          0         12         56       8422   x_nucleo_iks01a2_accelero.o
       204         20          0         16         20      11020   x_nucleo_iks01a2_gyro.o
       192         16          0         12         20       6022   x_nucleo_iks01a2_humidity.o
       212         12          0         12         20       6762   x_nucleo_iks01a2_magneto.o
       204         22          0         12         20       7737   x_nucleo_iks01a2_pressure.o
       356         38          0          8         56       6154   x_nucleo_iks01a2_temperature.o

    ----------------------------------------------------------------------
     55552       4108       1644       1392       4468    1559645   Object Totals
         0          0         32          0          0          0   (incl. Generated)
        96          0          8          7          0          0   (incl. Padding)

    ----------------------------------------------------------------------

      Code (inc. data)   RO Data    RW Data    ZI Data      Debug   Library Member Name

       540         68        152          0          0        112   atan.o
       376         42          0          0          0        144   atan2.o
       200         20          0          0          0         76   ceil.o
        38          6          0          0          0        204   dunder.o
       200         20          0          0          0         76   floor.o
        44          4          0          0          0         60   fpclassify.o
       172          0          0          0          0         76   poly.o
         0          0          8          0          0          0   qnan.o
       156         14          0          0          0         84   round.o
        86          0          0          0          0          0   __dczerorl2.o
         0          0          0          0          0          0   entry.o
         0          0          0          0          0          0   entry10a.o
         0          0          0          0          0          0   entry11a.o
         8          4          0          0          0          0   entry2.o
         4          0          0          0          0          0   entry5.o
         0          0          0          0          0          0   entry7b.o
         0          0          0          0          0          0   entry8b.o
         8          4          0          0          0          0   entry9a.o
        18          0          0          0          0         72   fputc.o
        30          0          0          0          0          0   handlers.o
        40          0          0          0          0         72   idiv.o
        36          8          0          0          0         68   init.o
         0          0          0          0          0          0   iusefp.o
         0          0          0          0          0          0   iusesemip.o
        76          0          0          0          0         76   ldiv.o
       122          0          0          0          0         84   llmul.o
        32          0          0          0          0         68   llshl.o
        38          0          0          0          0         68   llsshr.o
        34          0          0          0          0         68   llushr.o
        36          0          0          0          0         60   memcpya.o
        36          0          0          0          0        100   memseta.o
      2298        104          0          0          0        544   printfa.o
         0          0          0          0          0          0   semi.o
         0          0          0          4          0          0   stdout.o
        44          0          0          0          0         72   uidiv.o
        96          0          0          0          0         84   uldiv.o
        20          0          0          0          0         60   uread4.o
        40          2          0          0          0         68   cdcmple.o
        40          2          0          0          0         68   cdrcmple.o
       356          4          0          0          0        140   dadd.o
       240          6          0          0          0         84   ddiv.o
       236          0          0          0          0        216   depilogue.o
        72         10          0          0          0         72   dfixi.o
        60         10          0          0          0         68   dfixui.o
        64         10          0          0          0         68   dfixul.o
        40          6          0          0          0         68   dflti.o
        28          4          0          0          0         68   dfltui.o
       208          6          0          0          0         88   dmul.o
       124         10          0          0          0         76   drnd.o
        44          0          0          0          0         72   dscalb.o
       178          0          0          0          0        108   fadd.o
       124          0          0          0          0         72   fdiv.o
       130          0          0          0          0        144   fepilogue.o
        50          0          0          0          0         60   ffixi.o
        40          0          0          0          0         60   ffixui.o
        22          0          0          0          0         68   fflti.o
        14          0          0          0          0         68   ffltui.o
       122          0          0          0          0         72   fmul.o
        24          0          0          0          0         60   fscalb.o

    ----------------------------------------------------------------------
      7056        364        160          4          0       4196   Library Totals
        12          0          0          0          0          0   (incl. Padding)

    ----------------------------------------------------------------------

      Code (inc. data)   RO Data    RW Data    ZI Data      Debug   Library Name

      1726        174        160          0          0        832   m_ps.l
      3062        120          0          4          0       1496   mc_p.l
      2256         70          0          0          0       1868   mf_p.l

    ----------------------------------------------------------------------
      7056        364        160          4          0       4196   Library Totals

    ----------------------------------------------------------------------

==============================================================================


      Code (inc. data)   RO Data    RW Data    ZI Data      Debug   

     62608       4472       1804       1396       4468    1530125   Grand Totals
     62608       4472       1804        772       4468    1530125   ELF Image Totals (compressed)
     62608       4472       1804        772          0          0   ROM Totals

==============================================================================

    Total RO  Size (Code + RO Data)                64412 (  62.90kB)
    Total RW  Size (RW Data + ZI Data)              5864 (   5.73kB)
    Total ROM Size (Code + RO Data + RW Data)      65184 (  63.66kB)

==============================================================================

